[STDOUT 2025-09-02T17:03:50.217Z] [dotenv@17.2.1] injecting env (0) from .env -- tip: ⚙️  write to custom object with { processEnv: myObject }
[STDOUT 2025-09-02T17:03:50.535Z] [ProxyRotator] Debug: PROXY_LIST env var = [CONFIGURED]
[ProxyRotator] Loaded 1 proxies from environment
[ProxyRotator] Detected DataImpulse proxies - optimizing configuration for premium service
[STDOUT 2025-09-02T17:03:50.541Z] 🌐 [Migration] No proxy configured - using direct connections
[STDOUT 2025-09-02T17:03:50.624Z] Database connection established
[STDOUT 2025-09-02T17:03:51.017Z] Starting migration: 50 per batch, 16606 batches max
[STDOUT 2025-09-02T17:03:51.018Z] Worker 3: Starting from offset 1660574
📊 Total records without IPFS CID: 4981718
[STDOUT 2025-09-02T17:03:52.000Z] [Migration] Processing flash_id: 83450232, downloading from: https://invader-flashes.s3.amazonaws.com/media/queries/2025/04/16/img_2C69EIX.jpg
[STDOUT 2025-09-02T17:03:52.421Z] [Migration] Downloaded from S3: https://invader-flashes.s3.amazonaws.com/media/queries/2025/04/16/img_2C69EIX.jpg
[STDOUT 2025-09-02T17:03:53.218Z] 83450232: QmZ5RTVGprARynks14JrmiX3Aw9eqqERYG16hBpWfYrnwR
[STDOUT 2025-09-02T17:03:55.023Z] [Migration] Processing flash_id: 83450233, downloading from: https://invader-flashes.s3.amazonaws.com/media/queries/2025/04/16/image_U7l8Liy.jpg
[STDOUT 2025-09-02T17:03:55.209Z] [Migration] Downloaded from S3: https://invader-flashes.s3.amazonaws.com/media/queries/2025/04/16/image_U7l8Liy.jpg
[STDOUT 2025-09-02T17:03:55.806Z] 83450233: QmUpE3BABzNmeenWaWLMFsN7inEgwASmtANnNR6x2FRmcU
[STDOUT 2025-09-02T17:03:57.610Z] [Migration] Processing flash_id: 83450239, downloading from: https://invader-flashes.s3.amazonaws.com/media/queries/2025/04/16/image_OUblTrn.jpg
[STDOUT 2025-09-02T17:03:57.733Z] [Migration] Downloaded from S3: https://invader-flashes.s3.amazonaws.com/media/queries/2025/04/16/image_OUblTrn.jpg
[STDOUT 2025-09-02T17:03:58.334Z] 83450239: QmXDfonbFonSfsJezo4Ltmya3eC5s8ptN2DCwYkvRLV8zy
[STDOUT 2025-09-02T17:04:00.138Z] [Migration] Processing flash_id: 83450242, downloading from: https://invader-flashes.s3.amazonaws.com/media/queries/2025/04/16/image_lOgfr76.jpg
[STDOUT 2025-09-02T17:04:00.280Z] [Migration] Downloaded from S3: https://invader-flashes.s3.amazonaws.com/media/queries/2025/04/16/image_lOgfr76.jpg
[STDOUT 2025-09-02T17:04:01.215Z] 83450242: QmVynzdQufNjbEe4F6v7UZ2WboSNPHpejsVWVkVQ1RJzS9
[STDOUT 2025-09-02T17:04:03.019Z] [Migration] Processing flash_id: 83450250, downloading from: https://invader-flashes.s3.amazonaws.com/media/queries/2025/04/16/image_bybkfaw.jpg
[STDOUT 2025-09-02T17:04:03.115Z] [Migration] Downloaded from S3: https://invader-flashes.s3.amazonaws.com/media/queries/2025/04/16/image_bybkfaw.jpg
[STDOUT 2025-09-02T17:04:03.703Z] 83450250: QmX1xX6ix3eBwKXJxyq2YDq93HHmVPUZ9QsQNXvGR441si
[STDOUT 2025-09-02T17:04:05.508Z] [Migration] Processing flash_id: 83450251, downloading from: https://invader-flashes.s3.amazonaws.com/media/queries/2025/04/16/img_gi2377W.jpg
[STDOUT 2025-09-02T17:04:05.604Z] [Migration] Downloaded from S3: https://invader-flashes.s3.amazonaws.com/media/queries/2025/04/16/img_gi2377W.jpg
[STDOUT 2025-09-02T17:04:06.230Z] 83450251: QmZFBRMtqy4sRnBwv3jJHtoM8g4rtCPc2gfcbpa4DPLLEx
[STDOUT 2025-09-02T17:04:08.031Z] [Migration] Processing flash_id: 83450256, downloading from: https://invader-flashes.s3.amazonaws.com/media/queries/2025/04/16/image_YpbcQEY.jpg
[STDOUT 2025-09-02T17:04:08.274Z] [Migration] Downloaded from S3: https://invader-flashes.s3.amazonaws.com/media/queries/2025/04/16/image_YpbcQEY.jpg
[STDOUT 2025-09-02T17:04:08.843Z] 83450256: QmWiWMnHHuYPj9TpCnfYoH6oEjfVq2cYwuEkpfUFDV3XQW
[STDOUT 2025-09-02T17:04:10.646Z] [Migration] Processing flash_id: 83450257, downloading from: https://invader-flashes.s3.amazonaws.com/media/queries/2025/04/16/image_Uz0rYsx.jpg
[STDOUT 2025-09-02T17:04:10.732Z] [Migration] Downloaded from S3: https://invader-flashes.s3.amazonaws.com/media/queries/2025/04/16/image_Uz0rYsx.jpg
[STDOUT 2025-09-02T17:04:11.266Z] 83450257: QmXS4WapvTsQYnpC1CF3VLq38TG9NN1mkBW1VPjX3TACpG
[STDOUT 2025-09-02T17:04:13.068Z] [Migration] Processing flash_id: 83450259, downloading from: https://invader-flashes.s3.amazonaws.com/media/queries/2025/04/16/img_yZsrGsf.jpg
[STDOUT 2025-09-02T17:04:13.181Z] [Migration] Downloaded from S3: https://invader-flashes.s3.amazonaws.com/media/queries/2025/04/16/img_yZsrGsf.jpg
[STDOUT 2025-09-02T17:04:13.828Z] 83450259: QmaoSVUsGAWnKH1KS3J3haxHYcrSq1Nw5gWQNLRuVy3khb
[STDOUT 2025-09-02T17:04:15.631Z] [Migration] Processing flash_id: 83450260, downloading from: https://invader-flashes.s3.amazonaws.com/media/queries/2025/04/16/img_53qW8SB.jpg
[STDOUT 2025-09-02T17:04:15.768Z] [Migration] Downloaded from S3: https://invader-flashes.s3.amazonaws.com/media/queries/2025/04/16/img_53qW8SB.jpg
[STDOUT 2025-09-02T17:04:16.325Z] 83450260: QmbedopUgdrgd3mbEiLGVoTHxwAfqCeKWiF8UCFKxQCp7i
[STDOUT 2025-09-02T17:04:18.127Z] [Migration] Processing flash_id: 83450268, downloading from: https://invader-flashes.s3.amazonaws.com/media/queries/2025/04/16/image_cRUJ1b0.jpg
[STDOUT 2025-09-02T17:04:18.234Z] [Migration] Downloaded from S3: https://invader-flashes.s3.amazonaws.com/media/queries/2025/04/16/image_cRUJ1b0.jpg
[STDOUT 2025-09-02T17:04:18.911Z] 83450268: QmPS2BdCf3mgYSfPoy4x9PHMegTV35FyfJawTdkbfQxFLK
[STDOUT 2025-09-02T17:04:20.714Z] [Migration] Processing flash_id: 83450270, downloading from: https://invader-flashes.s3.amazonaws.com/media/queries/2025/04/16/image_k4DM6ZU.jpg
[STDOUT 2025-09-02T17:04:20.880Z] [Migration] Downloaded from S3: https://invader-flashes.s3.amazonaws.com/media/queries/2025/04/16/image_k4DM6ZU.jpg
[STDOUT 2025-09-02T17:04:21.525Z] 83450270: QmVR349qPLtcXWziKfQBPAW1rQ5EzWJp26f2jjFtE7gcjH
[STDOUT 2025-09-02T17:04:23.326Z] [Migration] Processing flash_id: 83450271, downloading from: https://invader-flashes.s3.amazonaws.com/media/queries/2025/04/16/image_qXGYGf8.jpg
[STDOUT 2025-09-02T17:04:23.478Z] [Migration] Downloaded from S3: https://invader-flashes.s3.amazonaws.com/media/queries/2025/04/16/image_qXGYGf8.jpg
[STDOUT 2025-09-02T17:04:24.238Z] 83450271: QmeCfz8qp1f31RcXeAcqB2ooTtpyaFfACE9Xty5wFCikUV
[STDOUT 2025-09-02T17:04:26.039Z] [Migration] Processing flash_id: 83450273, downloading from: https://invader-flashes.s3.amazonaws.com/media/queries/2025/04/16/img_5m0zzNA.jpg
[STDOUT 2025-09-02T17:04:26.187Z] [Migration] Downloaded from S3: https://invader-flashes.s3.amazonaws.com/media/queries/2025/04/16/img_5m0zzNA.jpg
[STDOUT 2025-09-02T17:04:27.015Z] 83450273: QmaC6KoFkUYFCT4hcTM7VYbKqRDh7qh4CUaHWz45F681gy
[STDOUT 2025-09-02T17:04:28.817Z] [Migration] Processing flash_id: 83450274, downloading from: https://invader-flashes.s3.amazonaws.com/media/queries/2025/04/16/image_T7BuiRX.jpg
[STDOUT 2025-09-02T17:04:28.930Z] [Migration] Downloaded from S3: https://invader-flashes.s3.amazonaws.com/media/queries/2025/04/16/image_T7BuiRX.jpg
[STDOUT 2025-09-02T17:04:29.503Z] 83450274: QmQWS6S9Rbqi92H4HCFjerbypsJeZF3fTDuLzut9NbEq8h
[STDOUT 2025-09-02T17:04:31.305Z] [Migration] Processing flash_id: 83450275, downloading from: https://invader-flashes.s3.amazonaws.com/media/queries/2025/04/16/image_FfSWmCG.jpg
[STDOUT 2025-09-02T17:04:31.402Z] [Migration] Downloaded from S3: https://invader-flashes.s3.amazonaws.com/media/queries/2025/04/16/image_FfSWmCG.jpg
[STDOUT 2025-09-02T17:04:32.032Z] 83450275: QmevYAw8dhhRE8RZZqhXhM6Aa2a1XTCbvhNrajAFBX2rzs
[STDOUT 2025-09-02T17:04:33.833Z] [Migration] Processing flash_id: 83450276, downloading from: https://invader-flashes.s3.amazonaws.com/media/queries/2025/04/16/image_0C7UE7i.jpg
[STDOUT 2025-09-02T17:04:33.970Z] [Migration] Downloaded from S3: https://invader-flashes.s3.amazonaws.com/media/queries/2025/04/16/image_0C7UE7i.jpg
[STDOUT 2025-09-02T17:04:34.990Z] 83450276: QmXAfYz9kJEPFLCPR58QrQv4vnURjYTN31pTL4eak3S1sg
[STDOUT 2025-09-02T17:04:36.794Z] [Migration] Processing flash_id: 83450279, downloading from: https://invader-flashes.s3.amazonaws.com/media/queries/2025/04/16/image_orzIhrC.jpg
[STDOUT 2025-09-02T17:04:36.904Z] [Migration] Downloaded from S3: https://invader-flashes.s3.amazonaws.com/media/queries/2025/04/16/image_orzIhrC.jpg
[STDOUT 2025-09-02T17:04:37.421Z] 83450279: QmTajb4t6VfcJmFVToK5deFrb8zyPWaQAPS8SD6HpR8trN
[STDOUT 2025-09-02T17:04:39.223Z] [Migration] Processing flash_id: 83450993, downloading from: https://invader-flashes.s3.amazonaws.com/media/queries/2025/04/16/image_b5LHe5m.jpg
[STDOUT 2025-09-02T17:04:39.324Z] [Migration] Downloaded from S3: https://invader-flashes.s3.amazonaws.com/media/queries/2025/04/16/image_b5LHe5m.jpg
[STDOUT 2025-09-02T17:04:39.892Z] 83450993: Qmdk943hWkQ1cLYDKYtzzqebbFBsyrjxZHWSKqiA2zs2tR
[STDOUT 2025-09-02T17:04:41.695Z] [Migration] Processing flash_id: 83450997, downloading from: https://invader-flashes.s3.amazonaws.com/media/queries/2025/04/16/image_8sJfbFU.jpg
[STDOUT 2025-09-02T17:04:41.841Z] [Migration] Downloaded from S3: https://invader-flashes.s3.amazonaws.com/media/queries/2025/04/16/image_8sJfbFU.jpg
[STDOUT 2025-09-02T17:04:42.505Z] 83450997: QmVmwnsQgccK7kWdoanVANPQvngh92dyvPwBbgbH7oeu97
[STDOUT 2025-09-02T17:04:44.309Z] [Migration] Processing flash_id: 83451000, downloading from: https://invader-flashes.s3.amazonaws.com/media/queries/2025/04/16/img_PLotcty.jpg
[STDOUT 2025-09-02T17:04:44.447Z] [Migration] Downloaded from S3: https://invader-flashes.s3.amazonaws.com/media/queries/2025/04/16/img_PLotcty.jpg
[STDOUT 2025-09-02T17:04:45.137Z] 83451000: QmUZDq5AiU1Vtwhyp5nBeWMkYUUukpgv1F9MjwfERQRVaP
[STDOUT 2025-09-02T17:04:46.939Z] [Migration] Processing flash_id: 83451001, downloading from: https://invader-flashes.s3.amazonaws.com/media/queries/2025/04/16/image_1ytgWlQ.jpg
[STDOUT 2025-09-02T17:04:47.093Z] [Migration] Downloaded from S3: https://invader-flashes.s3.amazonaws.com/media/queries/2025/04/16/image_1ytgWlQ.jpg
[STDOUT 2025-09-02T17:04:47.773Z] 83451001: QmWRb4aYdaNYZShM5cz9vJH1a6i8q8GAkSyUZYd7xJM2wp
[STDOUT 2025-09-02T17:04:49.574Z] [Migration] Processing flash_id: 83451002, downloading from: https://invader-flashes.s3.amazonaws.com/media/queries/2025/04/16/image_IMJS7xA.jpg
[STDOUT 2025-09-02T17:04:49.787Z] [Migration] Downloaded from S3: https://invader-flashes.s3.amazonaws.com/media/queries/2025/04/16/image_IMJS7xA.jpg
[STDOUT 2025-09-02T17:04:51.000Z] 83451002: QmPyER7FG9mMCfRBHmHaatTSePwzTqXzZMC5rd9rBvKeLP
[STDOUT 2025-09-02T17:04:52.801Z] [Migration] Processing flash_id: 83451005, downloading from: https://invader-flashes.s3.amazonaws.com/media/queries/2025/04/16/image_BMwPjCV.jpg
[STDOUT 2025-09-02T17:04:52.903Z] [Migration] Downloaded from S3: https://invader-flashes.s3.amazonaws.com/media/queries/2025/04/16/image_BMwPjCV.jpg
[STDOUT 2025-09-02T17:04:53.410Z] 83451005: QmYeECrtx326MrstXtxMR9ebPPSfHdpGwQg61MZLLRbE7k
[STDOUT 2025-09-02T17:04:55.212Z] [Migration] Processing flash_id: 83451007, downloading from: https://invader-flashes.s3.amazonaws.com/media/queries/2025/04/16/img_LXLlBdM.jpg
[STDOUT 2025-09-02T17:04:55.331Z] [Migration] Downloaded from S3: https://invader-flashes.s3.amazonaws.com/media/queries/2025/04/16/img_LXLlBdM.jpg
[STDOUT 2025-09-02T17:04:55.874Z] 83451007: QmardTNQJnM7rxA9haFwrNg3G7qZMMuDnnFbbT1t4HgdBZ
[STDOUT 2025-09-02T17:04:57.676Z] [Migration] Processing flash_id: 83451008, downloading from: https://invader-flashes.s3.amazonaws.com/media/queries/2025/04/16/image_OEhDF3v.jpg
[STDOUT 2025-09-02T17:04:57.810Z] [Migration] Downloaded from S3: https://invader-flashes.s3.amazonaws.com/media/queries/2025/04/16/image_OEhDF3v.jpg
[STDOUT 2025-09-02T17:04:58.458Z] 83451008: QmQAddL5ng7DmEbg7n2r6jXS1kcRWkHwrqXvRJcEKSEsj7
[STDOUT 2025-09-02T17:05:00.261Z] [Migration] Processing flash_id: 83451011, downloading from: https://invader-flashes.s3.amazonaws.com/media/queries/2025/04/16/img_hpJqhE5.jpg
[STDOUT 2025-09-02T17:05:00.408Z] [Migration] Downloaded from S3: https://invader-flashes.s3.amazonaws.com/media/queries/2025/04/16/img_hpJqhE5.jpg
[STDOUT 2025-09-02T17:05:01.186Z] 83451011: Qmbf97bEY85HsdtMQbDGLb4BBNEZeDDQt7zGxNNb4MUZXt
[STDOUT 2025-09-02T17:05:02.989Z] [Migration] Processing flash_id: 83451012, downloading from: https://invader-flashes.s3.amazonaws.com/media/queries/2025/04/16/img_xVHURKk.jpg
[STDOUT 2025-09-02T17:05:03.107Z] [Migration] Downloaded from S3: https://invader-flashes.s3.amazonaws.com/media/queries/2025/04/16/img_xVHURKk.jpg
[STDOUT 2025-09-02T17:05:03.678Z] 83451012: QmdhQPy7c1vVA46EZz22RK7Wy11GmmnWyn92wSTYHEjGMj
[STDOUT 2025-09-02T17:05:05.478Z] [Migration] Processing flash_id: 83451013, downloading from: https://invader-flashes.s3.amazonaws.com/media/queries/2025/04/16/image_WlaDt7H.jpg
[STDOUT 2025-09-02T17:05:05.582Z] [Migration] Downloaded from S3: https://invader-flashes.s3.amazonaws.com/media/queries/2025/04/16/image_WlaDt7H.jpg
[STDOUT 2025-09-02T17:05:06.117Z] 83451013: QmcCXv1MTX8rMEbtGBUpwQwG1Ka833Z1LLgHDAARgr8A8Z
[STDOUT 2025-09-02T17:05:07.920Z] [Migration] Processing flash_id: 83451015, downloading from: https://invader-flashes.s3.amazonaws.com/media/queries/2025/04/16/image_q1eMd8I.jpg
[STDOUT 2025-09-02T17:05:08.034Z] [Migration] Downloaded from S3: https://invader-flashes.s3.amazonaws.com/media/queries/2025/04/16/image_q1eMd8I.jpg
[STDOUT 2025-09-02T17:05:08.551Z] 83451015: QmYaFj1yR44FSv5t7dTHzzWNft97fCnrzs6rWx62BsWa1S
[STDOUT 2025-09-02T17:05:10.355Z] [Migration] Processing flash_id: 83451016, downloading from: https://invader-flashes.s3.amazonaws.com/media/queries/2025/04/16/image_y1SisG6.jpg
[STDOUT 2025-09-02T17:05:10.507Z] [Migration] Downloaded from S3: https://invader-flashes.s3.amazonaws.com/media/queries/2025/04/16/image_y1SisG6.jpg
[STDOUT 2025-09-02T17:05:11.144Z] 83451016: QmP3DB7LX1UCDGQfjdfBvMwsvMdffxXnvpky1JT2dwbea4
[STDOUT 2025-09-02T17:05:12.946Z] [Migration] Processing flash_id: 83451017, downloading from: https://invader-flashes.s3.amazonaws.com/media/queries/2025/04/16/img_XwWtT0W.jpg
[STDOUT 2025-09-02T17:05:13.092Z] [Migration] Downloaded from S3: https://invader-flashes.s3.amazonaws.com/media/queries/2025/04/16/img_XwWtT0W.jpg
[STDOUT 2025-09-02T17:05:13.704Z] 83451017: QmXFqnSryAjdDGrYz2z7rhX6FQhR6tUUHMM5mH2SxfY7jy
[STDOUT 2025-09-02T17:05:15.506Z] [Migration] Processing flash_id: 83451018, downloading from: https://invader-flashes.s3.amazonaws.com/media/queries/2025/04/16/image_2c2YIjX.jpg
[STDOUT 2025-09-02T17:05:15.669Z] [Migration] Downloaded from S3: https://invader-flashes.s3.amazonaws.com/media/queries/2025/04/16/image_2c2YIjX.jpg
[STDOUT 2025-09-02T17:05:16.310Z] 83451018: QmPnxF5fsSoMBAvtpitU9np3RN72WwMLdkfBKhwMQiF7G8
[STDOUT 2025-09-02T17:05:18.112Z] [Migration] Processing flash_id: 83451022, downloading from: https://invader-flashes.s3.amazonaws.com/media/queries/2025/04/16/img_xGK1vzh.jpg
[STDOUT 2025-09-02T17:05:18.205Z] [Migration] Downloaded from S3: https://invader-flashes.s3.amazonaws.com/media/queries/2025/04/16/img_xGK1vzh.jpg
[STDOUT 2025-09-02T17:05:18.741Z] 83451022: QmRWucvfyyLcpFAAbVJW6EQ4xZFH4MaMehmpP4hXBYm3L3
[STDOUT 2025-09-02T17:05:20.546Z] [Migration] Processing flash_id: 83451023, downloading from: https://invader-flashes.s3.amazonaws.com/media/queries/2025/04/16/image_w3tXzYY.jpg
[STDOUT 2025-09-02T17:05:20.641Z] [Migration] Downloaded from S3: https://invader-flashes.s3.amazonaws.com/media/queries/2025/04/16/image_w3tXzYY.jpg
[STDOUT 2025-09-02T17:05:21.791Z] 83451023: QmQkyPiLKasngJEyJCqLEs5AtRGqf6cK5JjoakMkuRoY8j
[STDOUT 2025-09-02T17:05:23.592Z] [Migration] Processing flash_id: 83451029, downloading from: https://invader-flashes.s3.amazonaws.com/media/queries/2025/04/16/img_skfYjAX.jpg
[STDOUT 2025-09-02T17:05:23.689Z] [Migration] Downloaded from S3: https://invader-flashes.s3.amazonaws.com/media/queries/2025/04/16/img_skfYjAX.jpg
[STDOUT 2025-09-02T17:05:24.293Z] 83451029: QmZ2WTc6Vd5FVXupmdey8xAUhYp3K4coELedp58aHFzuew
[STDOUT 2025-09-02T17:05:26.093Z] [Migration] Processing flash_id: 83451032, downloading from: https://invader-flashes.s3.amazonaws.com/media/queries/2025/04/16/img_M4iSWBL.jpg
[STDOUT 2025-09-02T17:05:26.264Z] [Migration] Downloaded from S3: https://invader-flashes.s3.amazonaws.com/media/queries/2025/04/16/img_M4iSWBL.jpg
[STDOUT 2025-09-02T17:05:26.944Z] 83451032: QmWADSqLPZyHMLTKwJiCFkbrgFaq7mtNGF1NuWAXjfmUBn
[STDOUT 2025-09-02T17:05:28.743Z] [Migration] Processing flash_id: 83451036, downloading from: https://invader-flashes.s3.amazonaws.com/media/queries/2025/04/16/img_uxWYsCi.jpg
[STDOUT 2025-09-02T17:05:28.849Z] [Migration] Downloaded from S3: https://invader-flashes.s3.amazonaws.com/media/queries/2025/04/16/img_uxWYsCi.jpg
[STDOUT 2025-09-02T17:05:29.418Z] 83451036: QmQ24bqupUw6qwNJ6zuRL9RNJApjogxzHHLtuzTB7Nn4KK
[STDOUT 2025-09-02T17:05:31.220Z] [Migration] Processing flash_id: 83451039, downloading from: https://invader-flashes.s3.amazonaws.com/media/queries/2025/04/16/image_F7J6URP.jpg
[STDOUT 2025-09-02T17:05:31.352Z] [Migration] Downloaded from S3: https://invader-flashes.s3.amazonaws.com/media/queries/2025/04/16/image_F7J6URP.jpg
[STDOUT 2025-09-02T17:05:31.968Z] 83451039: QmWRBHtzRURGCxDqCpZz2nP2iUGqhwpLKkD6Dq88gygDFf
[STDOUT 2025-09-02T17:05:33.771Z] [Migration] Processing flash_id: 83451042, downloading from: https://invader-flashes.s3.amazonaws.com/media/queries/2025/04/16/img_uQtX77e.jpg
[STDOUT 2025-09-02T17:05:33.873Z] [Migration] Downloaded from S3: https://invader-flashes.s3.amazonaws.com/media/queries/2025/04/16/img_uQtX77e.jpg
[STDOUT 2025-09-02T17:05:34.538Z] 83451042: QmSmvN37oE5SN17x7vG2GJZ1ynC8uzPCywpCfdyjJ8r3Cg
[STDOUT 2025-09-02T17:05:36.344Z] [Migration] Processing flash_id: 83451045, downloading from: https://invader-flashes.s3.amazonaws.com/media/queries/2025/04/16/image_Aoqx4Gy.jpg
[STDOUT 2025-09-02T17:05:36.460Z] [Migration] Downloaded from S3: https://invader-flashes.s3.amazonaws.com/media/queries/2025/04/16/image_Aoqx4Gy.jpg
[STDOUT 2025-09-02T17:05:37.054Z] 83451045: QmbCBVLQHHAkgkSmaoCyc1Wq3FEWiyL9uS2X2HfnW4EmXy
[STDOUT 2025-09-02T17:05:38.857Z] [Migration] Processing flash_id: 83451046, downloading from: https://invader-flashes.s3.amazonaws.com/media/queries/2025/04/16/image_pmG9Pu8.jpg
[STDOUT 2025-09-02T17:05:39.002Z] [Migration] Downloaded from S3: https://invader-flashes.s3.amazonaws.com/media/queries/2025/04/16/image_pmG9Pu8.jpg
[STDOUT 2025-09-02T17:05:39.675Z] 83451046: QmVWCCRxbp1ZUK7meN9HA7oswS2hZwRwXeQFKvP6tYJRxN
[STDOUT 2025-09-02T17:05:41.477Z] [Migration] Processing flash_id: 83451049, downloading from: https://invader-flashes.s3.amazonaws.com/media/queries/2025/04/16/img_EAXp2jf.jpg
[STDOUT 2025-09-02T17:05:41.604Z] [Migration] Downloaded from S3: https://invader-flashes.s3.amazonaws.com/media/queries/2025/04/16/img_EAXp2jf.jpg
[STDOUT 2025-09-02T17:05:42.493Z] 83451049: QmQxM9dNjJC7Nhhj2LQcUzEtor53G9RC6iTYbCcaUiTPY3
[STDOUT 2025-09-02T17:05:44.295Z] [Migration] Processing flash_id: 83451050, downloading from: https://invader-flashes.s3.amazonaws.com/media/queries/2025/04/16/img_j3ehnHp.jpg
[STDOUT 2025-09-02T17:05:44.411Z] [Migration] Downloaded from S3: https://invader-flashes.s3.amazonaws.com/media/queries/2025/04/16/img_j3ehnHp.jpg
[STDOUT 2025-09-02T17:05:45.053Z] 83451050: QmSsLA9PGYb8cGXpKVMDRAyoY6RFfuoGzCGFhvvjtMectC
[STDOUT 2025-09-02T17:05:46.854Z] [Migration] Processing flash_id: 83451053, downloading from: https://invader-flashes.s3.amazonaws.com/media/queries/2025/04/16/image_2Dic85Y.jpg
[STDOUT 2025-09-02T17:05:46.958Z] [Migration] Downloaded from S3: https://invader-flashes.s3.amazonaws.com/media/queries/2025/04/16/image_2Dic85Y.jpg
[STDOUT 2025-09-02T17:05:47.545Z] 83451053: QmYDoRsGVP5VGsgw6dirLVeGr1H5XTWGPskhDq4RLzPGhd
[STDOUT 2025-09-02T17:05:49.346Z] [Migration] Processing flash_id: 83451056, downloading from: https://invader-flashes.s3.amazonaws.com/media/queries/2025/04/16/image_JO8XVMG.jpg
[STDOUT 2025-09-02T17:05:49.479Z] [Migration] Downloaded from S3: https://invader-flashes.s3.amazonaws.com/media/queries/2025/04/16/image_JO8XVMG.jpg
[STDOUT 2025-09-02T17:05:50.241Z] 83451056: QmcW9DtxJNpyX37YvgRkJPPqoLbTVxK9dx7HdACVgQAdur
[STDOUT 2025-09-02T17:05:52.055Z] [Migration] Processing flash_id: 83451058, downloading from: https://invader-flashes.s3.amazonaws.com/media/queries/2025/04/16/img_JSKkxAp.jpg
[STDOUT 2025-09-02T17:05:52.196Z] [Migration] Downloaded from S3: https://invader-flashes.s3.amazonaws.com/media/queries/2025/04/16/img_JSKkxAp.jpg
[STDOUT 2025-09-02T17:05:52.699Z] 83451058: QmbQSGaQ6f7QL8KZoFLymob25bqG1wVd7U5ZyRZuhFAKX5
[STDOUT 2025-09-02T17:05:54.505Z] [Migration] Processing flash_id: 83451059, downloading from: https://invader-flashes.s3.amazonaws.com/media/queries/2025/04/16/image_URbGzSA.jpg
[STDOUT 2025-09-02T17:05:54.674Z] [Migration] Downloaded from S3: https://invader-flashes.s3.amazonaws.com/media/queries/2025/04/16/image_URbGzSA.jpg
[STDOUT 2025-09-02T17:05:55.345Z] 83451059: QmW6QGFz3DQJ1xz2fefhukzECTUxekJ9TQ2NGQo7WMzmXp
[STDOUT 2025-09-02T17:05:57.147Z] [Migration] Processing flash_id: 83451060, downloading from: https://invader-flashes.s3.amazonaws.com/media/queries/2025/04/16/img_K1DK6zR.jpg
[STDOUT 2025-09-02T17:05:57.253Z] [Migration] Downloaded from S3: https://invader-flashes.s3.amazonaws.com/media/queries/2025/04/16/img_K1DK6zR.jpg
[STDOUT 2025-09-02T17:05:58.303Z] 83451060: QmWsWYMJTKmLkuFgDRmiRirGJGHDZ5EnuJyX7evpEzHUhr
[STDOUT 2025-09-02T17:06:00.106Z] [Migration] Processing flash_id: 83451062, downloading from: https://invader-flashes.s3.amazonaws.com/media/queries/2025/04/16/image_A6b27w7.jpg
[STDOUT 2025-09-02T17:06:00.239Z] [Migration] Downloaded from S3: https://invader-flashes.s3.amazonaws.com/media/queries/2025/04/16/image_A6b27w7.jpg
[STDOUT 2025-09-02T17:06:01.021Z] 83451062: QmbvdAhwvxc5wt7KM4yyMFf2TBwQPVnd8KrDDikyoVmCku
[STDOUT 2025-09-02T17:06:05.794Z] [Migration] Processing flash_id: 83453166, downloading from: https://invader-flashes.s3.amazonaws.com/media/queries/2025/04/16/img_IG7eqjn.jpg
[STDOUT 2025-09-02T17:06:06.230Z] [Migration] Downloaded from S3: https://invader-flashes.s3.amazonaws.com/media/queries/2025/04/16/img_IG7eqjn.jpg
[STDOUT 2025-09-02T17:06:07.078Z] 83453166: QmSNoVUKNeR6oqeh4U5fEnh4Mct2gfd95t1F4fddw7jExA
[STDOUT 2025-09-02T17:06:08.882Z] [Migration] Processing flash_id: 83453167, downloading from: https://invader-flashes.s3.amazonaws.com/media/queries/2025/04/16/img_GHvizwm.jpg
[STDOUT 2025-09-02T17:06:09.014Z] [Migration] Downloaded from S3: https://invader-flashes.s3.amazonaws.com/media/queries/2025/04/16/img_GHvizwm.jpg
[STDOUT 2025-09-02T17:06:09.572Z] 83453167: QmWXPJmm9CfLzpFSemLvzh5Cdxmss3v3q6K6PNCwfStPKR
[STDOUT 2025-09-02T17:06:11.374Z] [Migration] Processing flash_id: 83453168, downloading from: https://invader-flashes.s3.amazonaws.com/media/queries/2025/04/16/image_sj9SgKz.jpg
[STDOUT 2025-09-02T17:06:11.493Z] [Migration] Downloaded from S3: https://invader-flashes.s3.amazonaws.com/media/queries/2025/04/16/image_sj9SgKz.jpg
[STDOUT 2025-09-02T17:06:12.078Z] 83453168: QmUndCvD2sLMTJEdMgaPSinV6yST2qPoafZk8J1RJLpPFa
[STDOUT 2025-09-02T17:06:13.882Z] [Migration] Processing flash_id: 83453169, downloading from: https://invader-flashes.s3.amazonaws.com/media/queries/2025/04/16/image_BwJ4awM.jpg
[STDOUT 2025-09-02T17:06:14.118Z] [Migration] Downloaded from S3: https://invader-flashes.s3.amazonaws.com/media/queries/2025/04/16/image_BwJ4awM.jpg
[STDOUT 2025-09-02T17:06:14.793Z] 83453169: QmPZQ6BUDKc8fSVT5k3ykuNG97uNumC7PAJjXSwpTjdg7e
[STDOUT 2025-09-02T17:06:16.596Z] [Migration] Processing flash_id: 83453171, downloading from: https://invader-flashes.s3.amazonaws.com/media/queries/2025/04/16/image_ET704Rq.jpg
[STDOUT 2025-09-02T17:06:16.744Z] [Migration] Downloaded from S3: https://invader-flashes.s3.amazonaws.com/media/queries/2025/04/16/image_ET704Rq.jpg
[STDOUT 2025-09-02T17:06:17.423Z] 83453171: Qma6Di8HggpQPH3iyxmRBvNLUzJtxLUVVtGgJajP4hNfxa
[STDOUT 2025-09-02T17:06:19.227Z] [Migration] Processing flash_id: 83453173, downloading from: https://invader-flashes.s3.amazonaws.com/media/queries/2025/04/16/image_RQQmcFj.jpg
[STDOUT 2025-09-02T17:06:19.380Z] [Migration] Downloaded from S3: https://invader-flashes.s3.amazonaws.com/media/queries/2025/04/16/image_RQQmcFj.jpg
[STDOUT 2025-09-02T17:06:20.037Z] 83453173: QmY7mgyfP5bt2yG97SWYYeSGr2GRCnrpMAD3dAcFXNeyf7
[STDOUT 2025-09-02T17:06:21.839Z] [Migration] Processing flash_id: 83453183, downloading from: https://invader-flashes.s3.amazonaws.com/media/queries/2025/04/16/img_1fftNnS.jpg
[STDOUT 2025-09-02T17:06:21.937Z] [Migration] Downloaded from S3: https://invader-flashes.s3.amazonaws.com/media/queries/2025/04/16/img_1fftNnS.jpg
[STDOUT 2025-09-02T17:06:22.508Z] 83453183: QmcD3oz6rPmh6huihVBAayygtW4v6gJcV1XimpiBAH4yh6
[STDOUT 2025-09-02T17:06:24.312Z] [Migration] Processing flash_id: 83453185, downloading from: https://invader-flashes.s3.amazonaws.com/media/queries/2025/04/16/image_ps1nGzm.jpg
[STDOUT 2025-09-02T17:06:24.401Z] [Migration] Downloaded from S3: https://invader-flashes.s3.amazonaws.com/media/queries/2025/04/16/image_ps1nGzm.jpg
[STDOUT 2025-09-02T17:06:25.948Z] 83453185: QmQLVBSqxoL9uTaYE8GuDUY4g8UGvdq6PHrP9E9de7CqTt
[STDOUT 2025-09-02T17:06:27.749Z] [Migration] Processing flash_id: 83453186, downloading from: https://invader-flashes.s3.amazonaws.com/media/queries/2025/04/16/image_SvvT5uE.jpg
[STDOUT 2025-09-02T17:06:27.847Z] [Migration] Downloaded from S3: https://invader-flashes.s3.amazonaws.com/media/queries/2025/04/16/image_SvvT5uE.jpg
[STDOUT 2025-09-02T17:06:28.615Z] 83453186: QmWA7PKaYsgKvSLba9WZyfdGBGvKdBFwyiHvU43hi3BfZh
[STDOUT 2025-09-02T17:06:30.418Z] [Migration] Processing flash_id: 83453187, downloading from: https://invader-flashes.s3.amazonaws.com/media/queries/2025/04/16/image_Gxvz1OY.jpg
[STDOUT 2025-09-02T17:06:30.525Z] [Migration] Downloaded from S3: https://invader-flashes.s3.amazonaws.com/media/queries/2025/04/16/image_Gxvz1OY.jpg
[STDOUT 2025-09-02T17:06:31.122Z] 83453187: QmdLrMEKnNZGrcnJ4bYSgM42FYGTQcnSd9WfDPymeJ6CES
[STDOUT 2025-09-02T17:06:32.924Z] [Migration] Processing flash_id: 83453188, downloading from: https://invader-flashes.s3.amazonaws.com/media/queries/2025/04/16/img_MEQ4ouj.jpg
[STDOUT 2025-09-02T17:06:33.014Z] [Migration] Downloaded from S3: https://invader-flashes.s3.amazonaws.com/media/queries/2025/04/16/img_MEQ4ouj.jpg
[STDOUT 2025-09-02T17:06:33.847Z] 83453188: QmVjjcWEpkYeyNxD3KoxefhfYvGQTM17BaoEwPn1A5SG9J
[STDOUT 2025-09-02T17:06:35.649Z] [Migration] Processing flash_id: 83453191, downloading from: https://invader-flashes.s3.amazonaws.com/media/queries/2025/04/16/img_n6IbjW0.jpg
[STDOUT 2025-09-02T17:06:35.761Z] [Migration] Downloaded from S3: https://invader-flashes.s3.amazonaws.com/media/queries/2025/04/16/img_n6IbjW0.jpg
[STDOUT 2025-09-02T17:06:37.040Z] 83453191: QmQdizmQv7ENMBNWCsGt8bGbiWCis16kKfZQKkLDNi6U2q
[STDOUT 2025-09-02T17:06:38.841Z] [Migration] Processing flash_id: 83453194, downloading from: https://invader-flashes.s3.amazonaws.com/media/queries/2025/04/16/img_NRYR6sQ.jpg
[STDOUT 2025-09-02T17:06:39.008Z] [Migration] Downloaded from S3: https://invader-flashes.s3.amazonaws.com/media/queries/2025/04/16/img_NRYR6sQ.jpg
[STDOUT 2025-09-02T17:06:39.597Z] 83453194: QmQ5CNsmkZhUrCCpNVXvhQSpQPKDE5mjWJYeYE26aKUvae
[STDOUT 2025-09-02T17:06:41.399Z] [Migration] Processing flash_id: 83453195, downloading from: https://invader-flashes.s3.amazonaws.com/media/queries/2025/04/16/image_ClJGKAm.jpg
[STDOUT 2025-09-02T17:06:41.571Z] [Migration] Downloaded from S3: https://invader-flashes.s3.amazonaws.com/media/queries/2025/04/16/image_ClJGKAm.jpg
[STDOUT 2025-09-02T17:06:42.144Z] 83453195: QmZ2HXsitkaKmSZYM8ahZTHES7VaQXLrQMT4jT9fAHoGVH
[STDOUT 2025-09-02T17:06:43.946Z] [Migration] Processing flash_id: 83453199, downloading from: https://invader-flashes.s3.amazonaws.com/media/queries/2025/04/16/image_V1S1F7z.jpg
[STDOUT 2025-09-02T17:06:44.100Z] [Migration] Downloaded from S3: https://invader-flashes.s3.amazonaws.com/media/queries/2025/04/16/image_V1S1F7z.jpg
[STDOUT 2025-09-02T17:06:44.650Z] 83453199: Qmb8M5LSNFKJVM5hRtnN472TSeco1jSXkQcP4zwCp86VKz
[STDOUT 2025-09-02T17:06:46.452Z] [Migration] Processing flash_id: 83453200, downloading from: https://invader-flashes.s3.amazonaws.com/media/queries/2025/04/16/image_bhJ6NK8.jpg
[STDOUT 2025-09-02T17:06:46.604Z] [Migration] Downloaded from S3: https://invader-flashes.s3.amazonaws.com/media/queries/2025/04/16/image_bhJ6NK8.jpg
[STDOUT 2025-09-02T17:06:47.304Z] 83453200: Qmda6Zy5BqoitzCxeno14asv5zfC3ZhhnxuSYUHMjsZoFM
[STDOUT 2025-09-02T17:06:49.107Z] [Migration] Processing flash_id: 83453203, downloading from: https://invader-flashes.s3.amazonaws.com/media/queries/2025/04/16/img_LkpVhZ0.jpg
[STDOUT 2025-09-02T17:06:49.200Z] [Migration] Downloaded from S3: https://invader-flashes.s3.amazonaws.com/media/queries/2025/04/16/img_LkpVhZ0.jpg
[STDOUT 2025-09-02T17:06:49.792Z] 83453203: QmY3SBrZDfjFyaL1uwi82sEQbz85uxho7kfBuZEgaDWazL
[STDOUT 2025-09-02T17:06:51.597Z] [Migration] Processing flash_id: 83453205, downloading from: https://invader-flashes.s3.amazonaws.com/media/queries/2025/04/16/image_vaf9xIL.jpg
[STDOUT 2025-09-02T17:06:51.714Z] [Migration] Downloaded from S3: https://invader-flashes.s3.amazonaws.com/media/queries/2025/04/16/image_vaf9xIL.jpg
[STDOUT 2025-09-02T17:06:52.314Z] 83453205: QmPueqBtNRYPrXPtP4fArWtjFPff9T7w6NfrRDTC8vRWoC
[STDOUT 2025-09-02T17:06:54.117Z] [Migration] Processing flash_id: 83453206, downloading from: https://invader-flashes.s3.amazonaws.com/media/queries/2025/04/16/image_GF6hgZ8.jpg
[STDOUT 2025-09-02T17:06:54.261Z] [Migration] Downloaded from S3: https://invader-flashes.s3.amazonaws.com/media/queries/2025/04/16/image_GF6hgZ8.jpg
[STDOUT 2025-09-02T17:06:54.841Z] 83453206: QmUPoDz7sPcqUSHUQRJLbLL3hhYxgVaPc1wcpsk73diurM
[STDOUT 2025-09-02T17:06:56.644Z] [Migration] Processing flash_id: 83453211, downloading from: https://invader-flashes.s3.amazonaws.com/media/queries/2025/04/16/img_MF9Ut0E.jpg
[STDOUT 2025-09-02T17:06:56.800Z] [Migration] Downloaded from S3: https://invader-flashes.s3.amazonaws.com/media/queries/2025/04/16/img_MF9Ut0E.jpg
[STDOUT 2025-09-02T17:06:57.457Z] 83453211: QmSNJrwbavbXh1nAtUPHSVqxiGSkVZqRCLYR5zSBcSgUcQ
[STDOUT 2025-09-02T17:06:59.258Z] [Migration] Processing flash_id: 83453214, downloading from: https://invader-flashes.s3.amazonaws.com/media/queries/2025/04/16/image_lnTSiwM.jpg
[STDOUT 2025-09-02T17:06:59.383Z] [Migration] Downloaded from S3: https://invader-flashes.s3.amazonaws.com/media/queries/2025/04/16/image_lnTSiwM.jpg
[STDOUT 2025-09-02T17:06:59.934Z] 83453214: Qmd4PkZUnpEW1f14aXWDVoWXuQSir3pcQhQ1mxbCFeCAaN
[STDOUT 2025-09-02T17:07:01.737Z] [Migration] Processing flash_id: 83453215, downloading from: https://invader-flashes.s3.amazonaws.com/media/queries/2025/04/16/img_BNrpcVI.jpg
[STDOUT 2025-09-02T17:07:01.880Z] [Migration] Downloaded from S3: https://invader-flashes.s3.amazonaws.com/media/queries/2025/04/16/img_BNrpcVI.jpg
[STDOUT 2025-09-02T17:07:02.666Z] 83453215: QmVpJHPAew53Kya5FYNNFRKxAD1Tc6AzNK929rJTqGK9wi
[STDOUT 2025-09-02T17:07:04.469Z] [Migration] Processing flash_id: 83453217, downloading from: https://invader-flashes.s3.amazonaws.com/media/queries/2025/04/16/image_WN3Cg8w.jpg
[STDOUT 2025-09-02T17:07:04.593Z] [Migration] Downloaded from S3: https://invader-flashes.s3.amazonaws.com/media/queries/2025/04/16/image_WN3Cg8w.jpg
[STDOUT 2025-09-02T17:07:05.218Z] 83453217: QmU1GYSYFKvTUqoq6mrXP9qiUf7Fcz57c1hLzJyCxGjB6x
[STDOUT 2025-09-02T17:07:07.019Z] [Migration] Processing flash_id: 83453219, downloading from: https://invader-flashes.s3.amazonaws.com/media/queries/2025/04/16/img_Exl8nRz.jpg
[STDOUT 2025-09-02T17:07:07.158Z] [Migration] Downloaded from S3: https://invader-flashes.s3.amazonaws.com/media/queries/2025/04/16/img_Exl8nRz.jpg
[STDOUT 2025-09-02T17:07:07.761Z] 83453219: QmZfUTj4wzb8KM9RZY89bxLPAsKukAVH4NWSud4fYegLGF
[STDOUT 2025-09-02T17:07:09.564Z] [Migration] Processing flash_id: 83453223, downloading from: https://invader-flashes.s3.amazonaws.com/media/queries/2025/04/16/image_chslFEj.jpg
[STDOUT 2025-09-02T17:07:09.677Z] [Migration] Downloaded from S3: https://invader-flashes.s3.amazonaws.com/media/queries/2025/04/16/image_chslFEj.jpg
[STDOUT 2025-09-02T17:07:10.271Z] 83453223: QmTxWW8vQSyX6ELFixhpyL2EkFFJDpPq9HYPjH6bZSuKnq
[STDOUT 2025-09-02T17:07:12.073Z] [Migration] Processing flash_id: 83453225, downloading from: https://invader-flashes.s3.amazonaws.com/media/queries/2025/04/16/img_nSZfSuH.jpg
[STDOUT 2025-09-02T17:07:12.183Z] [Migration] Downloaded from S3: https://invader-flashes.s3.amazonaws.com/media/queries/2025/04/16/img_nSZfSuH.jpg
[STDOUT 2025-09-02T17:07:12.805Z] 83453225: QmcqLH7oP2aRrtgXRbZmD2xThWMTQ6fJkQ11bR2N9SL7gk
[STDOUT 2025-09-02T17:07:14.608Z] [Migration] Processing flash_id: 83453227, downloading from: https://invader-flashes.s3.amazonaws.com/media/queries/2025/04/16/image_Grkbbgj.jpg
[STDOUT 2025-09-02T17:07:14.726Z] [Migration] Downloaded from S3: https://invader-flashes.s3.amazonaws.com/media/queries/2025/04/16/image_Grkbbgj.jpg
[STDOUT 2025-09-02T17:07:15.407Z] 83453227: QmfQbp6dvrEoEtpLqyuDciubRrEVcYuezXREpBTWUiPnEP
[STDOUT 2025-09-02T17:07:17.208Z] [Migration] Processing flash_id: 83453230, downloading from: https://invader-flashes.s3.amazonaws.com/media/queries/2025/04/16/img_rCrd888.jpg
[STDOUT 2025-09-02T17:07:17.309Z] [Migration] Downloaded from S3: https://invader-flashes.s3.amazonaws.com/media/queries/2025/04/16/img_rCrd888.jpg
[STDOUT 2025-09-02T17:07:17.986Z] 83453230: QmRrGi8KoPyKciQnhXxJbG1gWoj3u91WLYvkYj7jepAaFE
[STDOUT 2025-09-02T17:07:19.786Z] [Migration] Processing flash_id: 83453331, downloading from: https://invader-flashes.s3.amazonaws.com/media/queries/2025/04/16/image_HgJ4SMe.jpg
[STDOUT 2025-09-02T17:07:19.929Z] [Migration] Downloaded from S3: https://invader-flashes.s3.amazonaws.com/media/queries/2025/04/16/image_HgJ4SMe.jpg
[STDOUT 2025-09-02T17:07:20.745Z] 83453331: QmYYzvnWn7ghg9JUQpzg5MZ5Bp3AwZ82okjRt4kyuQHnsv
[STDOUT 2025-09-02T17:07:22.546Z] [Migration] Processing flash_id: 83453332, downloading from: https://invader-flashes.s3.amazonaws.com/media/queries/2025/04/16/img_DbLc5kQ.jpg
[STDOUT 2025-09-02T17:07:22.670Z] [Migration] Downloaded from S3: https://invader-flashes.s3.amazonaws.com/media/queries/2025/04/16/img_DbLc5kQ.jpg
[STDOUT 2025-09-02T17:07:23.234Z] 83453332: QmcQJPVvYRRTe7Qm4GXaXmSyYdZAJLt4NEvjvfim7i7Afi
[STDOUT 2025-09-02T17:07:25.034Z] [Migration] Processing flash_id: 83453333, downloading from: https://invader-flashes.s3.amazonaws.com/media/queries/2025/04/16/image_JRmEaze.jpg
[STDOUT 2025-09-02T17:07:25.176Z] [Migration] Downloaded from S3: https://invader-flashes.s3.amazonaws.com/media/queries/2025/04/16/image_JRmEaze.jpg
[STDOUT 2025-09-02T17:07:25.805Z] 83453333: QmVcv5bW2e6PZBRFEkdMZLvpwJEcgLwGQTmeLx85YuEgrk
[STDOUT 2025-09-02T17:07:27.608Z] [Migration] Processing flash_id: 83453334, downloading from: https://invader-flashes.s3.amazonaws.com/media/queries/2025/04/16/image_wVkYNFu.jpg
[STDOUT 2025-09-02T17:07:27.706Z] [Migration] Downloaded from S3: https://invader-flashes.s3.amazonaws.com/media/queries/2025/04/16/image_wVkYNFu.jpg
[STDOUT 2025-09-02T17:07:28.232Z] 83453334: QmSJemnhnsphcYEgZ3bRXE4CCnbzvMgKNER4akFWzXEjw6
[STDOUT 2025-09-02T17:07:30.032Z] [Migration] Processing flash_id: 83453338, downloading from: https://invader-flashes.s3.amazonaws.com/media/queries/2025/04/16/image_z6KgBte.jpg
[STDOUT 2025-09-02T17:07:30.181Z] [Migration] Downloaded from S3: https://invader-flashes.s3.amazonaws.com/media/queries/2025/04/16/image_z6KgBte.jpg
[STDOUT 2025-09-02T17:07:30.799Z] 83453338: QmRnU7tUg9eiLCu3mP1trnomjuPH3c3MQpSn3AyeSE7HiZ
[STDOUT 2025-09-02T17:07:32.603Z] [Migration] Processing flash_id: 83453340, downloading from: https://invader-flashes.s3.amazonaws.com/media/queries/2025/04/16/image_CuXvXo1.jpg
[STDOUT 2025-09-02T17:07:32.725Z] [Migration] Downloaded from S3: https://invader-flashes.s3.amazonaws.com/media/queries/2025/04/16/image_CuXvXo1.jpg
[STDOUT 2025-09-02T17:07:33.327Z] 83453340: QmSFc199sXBHTycdqnpyjDDYS27JeUqCPfcXXqME1nCX52
[STDOUT 2025-09-02T17:07:35.131Z] [Migration] Processing flash_id: 83453343, downloading from: https://invader-flashes.s3.amazonaws.com/media/queries/2025/04/16/img_Aqse23I.jpg
[STDOUT 2025-09-02T17:07:35.237Z] [Migration] Downloaded from S3: https://invader-flashes.s3.amazonaws.com/media/queries/2025/04/16/img_Aqse23I.jpg
[STDOUT 2025-09-02T17:07:36.058Z] 83453343: QmaYcS6JzzqGQAzuSYkwTmLzCcBvryymrvN9FFYPYZz8qo
[STDOUT 2025-09-02T17:07:37.860Z] [Migration] Processing flash_id: 83453345, downloading from: https://invader-flashes.s3.amazonaws.com/media/queries/2025/04/16/image_6cE0fiQ.jpg
[STDOUT 2025-09-02T17:07:37.998Z] [Migration] Downloaded from S3: https://invader-flashes.s3.amazonaws.com/media/queries/2025/04/16/image_6cE0fiQ.jpg
[STDOUT 2025-09-02T17:07:38.624Z] 83453345: Qmb4rca5g6SVdGkdrXcKJpQ7RccGuP6yKsZoQtYn8YBz2e
[STDOUT 2025-09-02T17:07:40.427Z] [Migration] Processing flash_id: 83453347, downloading from: https://invader-flashes.s3.amazonaws.com/media/queries/2025/04/16/img_e2nC4TC.jpg
[STDOUT 2025-09-02T17:07:40.584Z] [Migration] Downloaded from S3: https://invader-flashes.s3.amazonaws.com/media/queries/2025/04/16/img_e2nC4TC.jpg
[STDOUT 2025-09-02T17:07:41.229Z] 83453347: QmTEReG3a39BbZeJBxhHfGbsM5RFcXrvo4DMRZjZnLbwqv
[STDOUT 2025-09-02T17:07:43.031Z] [Migration] Processing flash_id: 83453350, downloading from: https://invader-flashes.s3.amazonaws.com/media/queries/2025/04/16/img_V3ZdSq6.jpg
[STDOUT 2025-09-02T17:07:43.135Z] [Migration] Downloaded from S3: https://invader-flashes.s3.amazonaws.com/media/queries/2025/04/16/img_V3ZdSq6.jpg
[STDOUT 2025-09-02T17:07:43.774Z] 83453350: QmfQSCsKnxosD7zTxywzaeZAJVLF3DG4xSJcJHJZNsKpJE
[STDOUT 2025-09-02T17:07:45.576Z] [Migration] Processing flash_id: 83453352, downloading from: https://invader-flashes.s3.amazonaws.com/media/queries/2025/04/16/img_weZUQyM.jpg
[STDOUT 2025-09-02T17:07:45.733Z] [Migration] Downloaded from S3: https://invader-flashes.s3.amazonaws.com/media/queries/2025/04/16/img_weZUQyM.jpg
[STDOUT 2025-09-02T17:07:46.428Z] 83453352: QmfC1krh9yfPqiKAcBcnsUsWYF3q51N3pNLuap7U8tNHFM
[STDOUT 2025-09-02T17:07:48.231Z] [Migration] Processing flash_id: 83453355, downloading from: https://invader-flashes.s3.amazonaws.com/media/queries/2025/04/16/img_UqGIxo8.jpg
[STDOUT 2025-09-02T17:07:48.344Z] [Migration] Downloaded from S3: https://invader-flashes.s3.amazonaws.com/media/queries/2025/04/16/img_UqGIxo8.jpg
[STDOUT 2025-09-02T17:07:48.923Z] 83453355: QmdS7KZwJhSthVyT4xYdWkcV2mu5uusWd52Re2zUH72qPR
[STDOUT 2025-09-02T17:07:50.726Z] [Migration] Processing flash_id: 83453356, downloading from: https://invader-flashes.s3.amazonaws.com/media/queries/2025/04/16/image_BWyIwmt.jpg
[STDOUT 2025-09-02T17:07:50.875Z] [Migration] Downloaded from S3: https://invader-flashes.s3.amazonaws.com/media/queries/2025/04/16/image_BWyIwmt.jpg
[STDOUT 2025-09-02T17:07:51.444Z] 83453356: QmPwWkYtYE3hKJ4kN3bZiZh614pAsf1DHkEiJDfhd3tsdW
[STDOUT 2025-09-02T17:07:53.247Z] [Migration] Processing flash_id: 83453358, downloading from: https://invader-flashes.s3.amazonaws.com/media/queries/2025/04/16/img_c2mX9BH.jpg
[STDOUT 2025-09-02T17:07:53.343Z] [Migration] Downloaded from S3: https://invader-flashes.s3.amazonaws.com/media/queries/2025/04/16/img_c2mX9BH.jpg
[STDOUT 2025-09-02T17:07:54.061Z] 83453358: QmXbarkdZGjFvNXZxA7U5YuBYFjFUUTtTn2cveyfft1nDZ
[STDOUT 2025-09-02T17:07:55.863Z] [Migration] Processing flash_id: 83453363, downloading from: https://invader-flashes.s3.amazonaws.com/media/queries/2025/04/16/image_6twUn0c.jpg
[STDOUT 2025-09-02T17:07:55.960Z] [Migration] Downloaded from S3: https://invader-flashes.s3.amazonaws.com/media/queries/2025/04/16/image_6twUn0c.jpg
[STDOUT 2025-09-02T17:07:56.568Z] 83453363: QmPZvPbuzr848NxC4kuJNuDjAfXxYmxd5GZ3Nhvp31eGBi
[STDOUT 2025-09-02T17:07:58.369Z] [Migration] Processing flash_id: 83453365, downloading from: https://invader-flashes.s3.amazonaws.com/media/queries/2025/04/16/img_JFRbIWI.jpg
[STDOUT 2025-09-02T17:07:58.463Z] [Migration] Downloaded from S3: https://invader-flashes.s3.amazonaws.com/media/queries/2025/04/16/img_JFRbIWI.jpg
[STDOUT 2025-09-02T17:07:58.992Z] 83453365: QmctUHT1whJZzMudYWKSfHTf8xgRTQKrWo7HaS119Hzz9v
[STDOUT 2025-09-02T17:08:00.794Z] [Migration] Processing flash_id: 83453366, downloading from: https://invader-flashes.s3.amazonaws.com/media/queries/2025/04/16/img_fGf4Ydl.jpg
[STDOUT 2025-09-02T17:08:00.933Z] [Migration] Downloaded from S3: https://invader-flashes.s3.amazonaws.com/media/queries/2025/04/16/img_fGf4Ydl.jpg
[STDOUT 2025-09-02T17:08:01.637Z] 83453366: QmTXGDicqr7mMypHjYRStctzTcmdhpvHR7UNdLFbNq7QkU
[STDOUT 2025-09-02T17:08:03.440Z] [Migration] Processing flash_id: 83453369, downloading from: https://invader-flashes.s3.amazonaws.com/media/queries/2025/04/16/image_jEi8azn.jpg
[STDOUT 2025-09-02T17:08:03.547Z] [Migration] Downloaded from S3: https://invader-flashes.s3.amazonaws.com/media/queries/2025/04/16/image_jEi8azn.jpg
[STDOUT 2025-09-02T17:08:05.115Z] 83453369: QmVxAugFjhDSrH7zH3j2xv3xdEBb2UcR3azjCCFK8kD9Zx
[STDOUT 2025-09-02T17:08:06.917Z] [Migration] Processing flash_id: 83453373, downloading from: https://invader-flashes.s3.amazonaws.com/media/queries/2025/04/16/img_tDZkQY2.jpg
[STDOUT 2025-09-02T17:08:07.054Z] [Migration] Downloaded from S3: https://invader-flashes.s3.amazonaws.com/media/queries/2025/04/16/img_tDZkQY2.jpg
[STDOUT 2025-09-02T17:08:08.097Z] 83453373: QmXd13dPu9HrUPJtos6yLCkTVeueQTyTgVByztewdujSSr
[STDOUT 2025-09-02T17:08:09.900Z] [Migration] Processing flash_id: 83453378, downloading from: https://invader-flashes.s3.amazonaws.com/media/queries/2025/04/16/img_hBxTJDZ.jpg
[STDOUT 2025-09-02T17:08:10.001Z] [Migration] Downloaded from S3: https://invader-flashes.s3.amazonaws.com/media/queries/2025/04/16/img_hBxTJDZ.jpg
[STDOUT 2025-09-02T17:08:10.452Z] 83453378: QmPdrTuZMiCCvXpKqtQnY8UwPAKXc7FxxzkhCPK8s61Djn
[STDOUT 2025-09-02T17:08:12.251Z] [Migration] Processing flash_id: 83453379, downloading from: https://invader-flashes.s3.amazonaws.com/media/queries/2025/04/16/img_P7PmVpY.jpg
[STDOUT 2025-09-02T17:08:12.341Z] [Migration] Downloaded from S3: https://invader-flashes.s3.amazonaws.com/media/queries/2025/04/16/img_P7PmVpY.jpg
[STDOUT 2025-09-02T17:08:13.064Z] 83453379: QmbT8f97n6NfpKi3xHaGM3GVUsYJT4uxh69WFwCND9f6gR
[STDOUT 2025-09-02T17:08:14.867Z] [Migration] Processing flash_id: 83453383, downloading from: https://invader-flashes.s3.amazonaws.com/media/queries/2025/04/16/image_DWRj7Ir.jpg
[STDOUT 2025-09-02T17:08:15.007Z] [Migration] Downloaded from S3: https://invader-flashes.s3.amazonaws.com/media/queries/2025/04/16/image_DWRj7Ir.jpg
[STDOUT 2025-09-02T17:08:15.795Z] 83453383: QmUeLY1iwJk82DiVn4mRjVVC7v36jrrkH9jcHuQbJbop9M
[STDOUT 2025-09-02T17:08:21.125Z] [Migration] Processing flash_id: 83455369, downloading from: https://invader-flashes.s3.amazonaws.com/media/queries/2025/04/16/img_iAkPZfZ.jpg
[STDOUT 2025-09-02T17:08:21.493Z] [Migration] Downloaded from S3: https://invader-flashes.s3.amazonaws.com/media/queries/2025/04/16/img_iAkPZfZ.jpg
[STDOUT 2025-09-02T17:08:22.208Z] 83455369: QmYy79ExeHhSVPtYRCjaCrV3YdiwH7Rnm4Y9tmoEx3Fk8b
[STDOUT 2025-09-02T17:08:24.010Z] [Migration] Processing flash_id: 83455371, downloading from: https://invader-flashes.s3.amazonaws.com/media/queries/2025/04/16/image_df16XYs.jpg
[STDOUT 2025-09-02T17:08:24.208Z] [Migration] Downloaded from S3: https://invader-flashes.s3.amazonaws.com/media/queries/2025/04/16/image_df16XYs.jpg
[STDOUT 2025-09-02T17:08:24.827Z] 83455371: QmWY2eG3W5bS6KHSFqTiDva95L5aUYEzZWPp5WUC9BmiCY
[STDOUT 2025-09-02T17:08:26.629Z] [Migration] Processing flash_id: 83455376, downloading from: https://invader-flashes.s3.amazonaws.com/media/queries/2025/04/16/image_kBgGpAb.jpg
[STDOUT 2025-09-02T17:08:26.774Z] [Migration] Downloaded from S3: https://invader-flashes.s3.amazonaws.com/media/queries/2025/04/16/image_kBgGpAb.jpg
[STDOUT 2025-09-02T17:08:27.528Z] 83455376: QmQw8dEqoDKZnuQAqFPDa9sbumU2dCeNDKTGvYJoHWidT6
[STDOUT 2025-09-02T17:08:29.329Z] [Migration] Processing flash_id: 83455377, downloading from: https://invader-flashes.s3.amazonaws.com/media/queries/2025/04/16/image_ji564ZJ.jpg
[STDOUT 2025-09-02T17:08:29.454Z] [Migration] Downloaded from S3: https://invader-flashes.s3.amazonaws.com/media/queries/2025/04/16/image_ji564ZJ.jpg
[STDOUT 2025-09-02T17:08:30.196Z] 83455377: QmdMbMHwJ7s9D5Uhoprz4fQzjyAXKGMEUHsGoSjb2tvmPu
[STDOUT 2025-09-02T17:08:31.998Z] [Migration] Processing flash_id: 83455379, downloading from: https://invader-flashes.s3.amazonaws.com/media/queries/2025/04/16/img_8WZJ61w.jpg
[STDOUT 2025-09-02T17:08:32.160Z] [Migration] Downloaded from S3: https://invader-flashes.s3.amazonaws.com/media/queries/2025/04/16/img_8WZJ61w.jpg
[STDOUT 2025-09-02T17:08:32.839Z] 83455379: QmcvK9NaD9P9d2meWN9a8BNJg16QawiRhtNUqoGfKWGCrD
[STDOUT 2025-09-02T17:08:34.640Z] [Migration] Processing flash_id: 83455382, downloading from: https://invader-flashes.s3.amazonaws.com/media/queries/2025/04/16/image_waCsyrZ.jpg
[STDOUT 2025-09-02T17:08:34.747Z] [Migration] Downloaded from S3: https://invader-flashes.s3.amazonaws.com/media/queries/2025/04/16/image_waCsyrZ.jpg
[STDOUT 2025-09-02T17:08:35.307Z] 83455382: QmQcuatYPZMnDKDRSmGsbgNiwYD649dF4dvkYgDTwhU8sL
[STDOUT 2025-09-02T17:08:37.111Z] [Migration] Processing flash_id: 83455383, downloading from: https://invader-flashes.s3.amazonaws.com/media/queries/2025/04/16/image_E9ivKQs.jpg
[STDOUT 2025-09-02T17:08:37.244Z] [Migration] Downloaded from S3: https://invader-flashes.s3.amazonaws.com/media/queries/2025/04/16/image_E9ivKQs.jpg
[STDOUT 2025-09-02T17:08:37.858Z] 83455383: QmXdqe1KSjorQvrRFiFJ57VcrbndEJvXyidd8BamLVuUHq
[STDOUT 2025-09-02T17:08:39.661Z] [Migration] Processing flash_id: 83455384, downloading from: https://invader-flashes.s3.amazonaws.com/media/queries/2025/04/16/image_lq6yyVE.jpg
[STDOUT 2025-09-02T17:08:39.767Z] [Migration] Downloaded from S3: https://invader-flashes.s3.amazonaws.com/media/queries/2025/04/16/image_lq6yyVE.jpg
[STDOUT 2025-09-02T17:08:40.564Z] 83455384: QmaymBG95ereNtQ5DNQoyptrSho4uFxpetfh5FgMwa4iyY
[STDOUT 2025-09-02T17:08:42.366Z] [Migration] Processing flash_id: 83455385, downloading from: https://invader-flashes.s3.amazonaws.com/media/queries/2025/04/16/img_L1c6mik.jpg
[STDOUT 2025-09-02T17:08:42.503Z] [Migration] Downloaded from S3: https://invader-flashes.s3.amazonaws.com/media/queries/2025/04/16/img_L1c6mik.jpg
[STDOUT 2025-09-02T17:08:43.279Z] 83455385: QmRrbuvDLTx5BYt1f7TT7KoAsjXZaje3ZgaesDDHupMkAd
[STDOUT 2025-09-02T17:08:45.080Z] [Migration] Processing flash_id: 83455388, downloading from: https://invader-flashes.s3.amazonaws.com/media/queries/2025/04/16/img_8bsg4jC.jpg
[STDOUT 2025-09-02T17:08:45.201Z] [Migration] Downloaded from S3: https://invader-flashes.s3.amazonaws.com/media/queries/2025/04/16/img_8bsg4jC.jpg
[STDOUT 2025-09-02T17:08:45.772Z] 83455388: QmXyMoXbG9bYsowtnU686z6GL5etdtMjgCyrQ1cYvAXXbX
[STDOUT 2025-09-02T17:08:47.572Z] [Migration] Processing flash_id: 83455389, downloading from: https://invader-flashes.s3.amazonaws.com/media/queries/2025/04/16/image_R6jHEAO.jpg
[STDOUT 2025-09-02T17:08:47.751Z] [Migration] Downloaded from S3: https://invader-flashes.s3.amazonaws.com/media/queries/2025/04/16/image_R6jHEAO.jpg
[STDOUT 2025-09-02T17:08:48.300Z] 83455389: QmUcQBTBFvX3HLLa94ykgv6ooq7eWSwtx1eCpgmjQtzis7
[STDOUT 2025-09-02T17:08:50.103Z] [Migration] Processing flash_id: 83455391, downloading from: https://invader-flashes.s3.amazonaws.com/media/queries/2025/04/16/image_dLvnwgw.jpg
[STDOUT 2025-09-02T17:08:50.291Z] [Migration] Downloaded from S3: https://invader-flashes.s3.amazonaws.com/media/queries/2025/04/16/image_dLvnwgw.jpg
[STDOUT 2025-09-02T17:08:50.942Z] 83455391: QmVJU1KjgULovyZpXfZoPSMSYa5QKk3VYWntYp4Dnsr3rT
[STDOUT 2025-09-02T17:08:52.745Z] [Migration] Processing flash_id: 83455393, downloading from: https://invader-flashes.s3.amazonaws.com/media/queries/2025/04/16/image_OTfhgEu.jpg
[STDOUT 2025-09-02T17:08:52.901Z] [Migration] Downloaded from S3: https://invader-flashes.s3.amazonaws.com/media/queries/2025/04/16/image_OTfhgEu.jpg
[STDOUT 2025-09-02T17:08:53.514Z] 83455393: QmYphVgfFAG3rTPEJzsgNRcbWypAFXKxacsJtRfrkj74B8
[STDOUT 2025-09-02T17:08:55.316Z] [Migration] Processing flash_id: 83455394, downloading from: https://invader-flashes.s3.amazonaws.com/media/queries/2025/04/16/image_zcBIpmW.jpg
[STDOUT 2025-09-02T17:08:55.488Z] [Migration] Downloaded from S3: https://invader-flashes.s3.amazonaws.com/media/queries/2025/04/16/image_zcBIpmW.jpg
[STDOUT 2025-09-02T17:08:56.346Z] 83455394: QmY5ozDrCNpgkMscSWdwD1tHz76Pyh1XzuUvwyFAA4393S
[STDOUT 2025-09-02T17:08:58.151Z] [Migration] Processing flash_id: 83455396, downloading from: https://invader-flashes.s3.amazonaws.com/media/queries/2025/04/16/image_nRYHHvk.jpg
[STDOUT 2025-09-02T17:08:58.311Z] [Migration] Downloaded from S3: https://invader-flashes.s3.amazonaws.com/media/queries/2025/04/16/image_nRYHHvk.jpg
[STDOUT 2025-09-02T17:08:58.962Z] 83455396: QmZtTKykwyBHPqffJzqWJGXy2QPjhCNHkiUcZEeUtbDTDd
[STDOUT 2025-09-02T17:09:00.762Z] [Migration] Processing flash_id: 83455398, downloading from: https://invader-flashes.s3.amazonaws.com/media/queries/2025/04/16/image_IyAlTOW.jpg
[STDOUT 2025-09-02T17:09:00.868Z] [Migration] Downloaded from S3: https://invader-flashes.s3.amazonaws.com/media/queries/2025/04/16/image_IyAlTOW.jpg
[STDOUT 2025-09-02T17:09:01.636Z] 83455398: QmajjNAE4cY5JS6jzo5Qz4SkKKUmXkGFFDzjMZdwJJo6Un
[STDOUT 2025-09-02T17:09:03.437Z] [Migration] Processing flash_id: 83455403, downloading from: https://invader-flashes.s3.amazonaws.com/media/queries/2025/04/16/image_BQ2zRNT.jpg
[STDOUT 2025-09-02T17:09:03.560Z] [Migration] Downloaded from S3: https://invader-flashes.s3.amazonaws.com/media/queries/2025/04/16/image_BQ2zRNT.jpg
[STDOUT 2025-09-02T17:09:04.156Z] 83455403: QmU4aHGEXSAtqQudYW1UqwtKMUfqGmpV6cCecbszjQ6XRC
[STDOUT 2025-09-02T17:09:05.957Z] [Migration] Processing flash_id: 83455404, downloading from: https://invader-flashes.s3.amazonaws.com/media/queries/2025/04/16/image_hvajogd.jpg
[STDOUT 2025-09-02T17:09:06.092Z] [Migration] Downloaded from S3: https://invader-flashes.s3.amazonaws.com/media/queries/2025/04/16/image_hvajogd.jpg
[STDOUT 2025-09-02T17:09:06.640Z] 83455404: QmekMT96Q3w42xg82mFmyuDB8cqzDMYZ3Di1nXw4NHonXY
[STDOUT 2025-09-02T17:09:08.442Z] [Migration] Processing flash_id: 83455407, downloading from: https://invader-flashes.s3.amazonaws.com/media/queries/2025/04/16/image_RSLcQ2C.jpg
[STDOUT 2025-09-02T17:09:08.540Z] [Migration] Downloaded from S3: https://invader-flashes.s3.amazonaws.com/media/queries/2025/04/16/image_RSLcQ2C.jpg
[STDOUT 2025-09-02T17:09:09.141Z] 83455407: QmYMhyb6QNrFEtNYap64e9mC8S7urEZnA88TS2qo848ruJ
[STDOUT 2025-09-02T17:09:10.946Z] [Migration] Processing flash_id: 83455408, downloading from: https://invader-flashes.s3.amazonaws.com/media/queries/2025/04/16/image_5acoGJp.jpg
[STDOUT 2025-09-02T17:09:11.058Z] [Migration] Downloaded from S3: https://invader-flashes.s3.amazonaws.com/media/queries/2025/04/16/image_5acoGJp.jpg
[STDOUT 2025-09-02T17:09:11.759Z] 83455408: QmT7FDEWvrFVcVZUEbe3iSBo25fq5e2EAiYS2hkGdspbP9
[STDOUT 2025-09-02T17:09:13.560Z] [Migration] Processing flash_id: 83455411, downloading from: https://invader-flashes.s3.amazonaws.com/media/queries/2025/04/16/img_XsAMPXT.jpg
[STDOUT 2025-09-02T17:09:13.695Z] [Migration] Downloaded from S3: https://invader-flashes.s3.amazonaws.com/media/queries/2025/04/16/img_XsAMPXT.jpg
[STDOUT 2025-09-02T17:09:14.447Z] 83455411: Qmb6dp6UMSQPnsrZyjFhGEcBP5iaVNrCVnS3a4SgMfxhAZ
[STDOUT 2025-09-02T17:09:16.247Z] [Migration] Processing flash_id: 83455412, downloading from: https://invader-flashes.s3.amazonaws.com/media/queries/2025/04/16/image_U210dMH.jpg
[STDOUT 2025-09-02T17:09:16.400Z] [Migration] Downloaded from S3: https://invader-flashes.s3.amazonaws.com/media/queries/2025/04/16/image_U210dMH.jpg
[STDOUT 2025-09-02T17:09:16.951Z] 83455412: QmPXZeD2iXAXWVa67CSrsPNdg9VXmea14XnGBGNZpRUx1e
[STDOUT 2025-09-02T17:09:18.752Z] [Migration] Processing flash_id: 83455413, downloading from: https://invader-flashes.s3.amazonaws.com/media/queries/2025/04/16/image_8Xy6d3V.jpg
[STDOUT 2025-09-02T17:09:18.849Z] [Migration] Downloaded from S3: https://invader-flashes.s3.amazonaws.com/media/queries/2025/04/16/image_8Xy6d3V.jpg
[STDOUT 2025-09-02T17:09:19.914Z] 83455413: QmPwB3FwwKUGMCahFfg2fiWzCkxKYRw9eBH4DjNn1vV8b9
[STDOUT 2025-09-02T17:09:21.715Z] [Migration] Processing flash_id: 83455414, downloading from: https://invader-flashes.s3.amazonaws.com/media/queries/2025/04/16/image_hbrDnX0.jpg
[STDOUT 2025-09-02T17:09:21.864Z] [Migration] Downloaded from S3: https://invader-flashes.s3.amazonaws.com/media/queries/2025/04/16/image_hbrDnX0.jpg
[STDOUT 2025-09-02T17:09:22.534Z] 83455414: QmYK98ng5DU7dcEmvoApsbQkAyCa8Z9SgnXexFXH3j3xzt
[STDOUT 2025-09-02T17:09:24.336Z] [Migration] Processing flash_id: 83455417, downloading from: https://invader-flashes.s3.amazonaws.com/media/queries/2025/04/16/image_6owBaL4.jpg
[STDOUT 2025-09-02T17:09:24.506Z] [Migration] Downloaded from S3: https://invader-flashes.s3.amazonaws.com/media/queries/2025/04/16/image_6owBaL4.jpg
[STDOUT 2025-09-02T17:09:25.132Z] 83455417: QmNhFsHDwAwvEr1EewvaGHNkD8sMjDrYYmPMij3C4rgyKk
[STDOUT 2025-09-02T17:09:26.932Z] [Migration] Processing flash_id: 83455423, downloading from: https://invader-flashes.s3.amazonaws.com/media/queries/2025/04/16/image_cPuSwNZ.jpg
[STDOUT 2025-09-02T17:09:27.050Z] [Migration] Downloaded from S3: https://invader-flashes.s3.amazonaws.com/media/queries/2025/04/16/image_cPuSwNZ.jpg
[STDOUT 2025-09-02T17:09:27.593Z] 83455423: QmSwzjYzTrXZ8BeNf74TV28kZ1MoeNkdqjCQg2AnoxPkHK
[STDOUT 2025-09-02T17:09:29.395Z] [Migration] Processing flash_id: 83455428, downloading from: https://invader-flashes.s3.amazonaws.com/media/queries/2025/04/16/image_nXAJLVI.jpg
[STDOUT 2025-09-02T17:09:29.508Z] [Migration] Downloaded from S3: https://invader-flashes.s3.amazonaws.com/media/queries/2025/04/16/image_nXAJLVI.jpg
[STDOUT 2025-09-02T17:09:30.510Z] 83455428: QmPEwx3zLLXycZgKNyJG7Li7bShcVkszc6bacsZ54Ed82b
[STDOUT 2025-09-02T17:09:32.314Z] [Migration] Processing flash_id: 83455430, downloading from: https://invader-flashes.s3.amazonaws.com/media/queries/2025/04/16/image_QHlg59C.jpg
[STDOUT 2025-09-02T17:09:32.480Z] [Migration] Downloaded from S3: https://invader-flashes.s3.amazonaws.com/media/queries/2025/04/16/image_QHlg59C.jpg
[STDOUT 2025-09-02T17:09:33.219Z] 83455430: QmTJmsJ1VeNBeQCauDuTzA5aUBSprQyhkLZwHXJQrLgygE
[STDOUT 2025-09-02T17:09:35.020Z] [Migration] Processing flash_id: 83455431, downloading from: https://invader-flashes.s3.amazonaws.com/media/queries/2025/04/16/image_dcb0NAB.jpg
[STDOUT 2025-09-02T17:09:35.123Z] [Migration] Downloaded from S3: https://invader-flashes.s3.amazonaws.com/media/queries/2025/04/16/image_dcb0NAB.jpg
[STDOUT 2025-09-02T17:09:35.944Z] 83455431: Qmbd3ijpoqMvhs5MG44xn6CGzXEAVeRn3C4FQu1wmAHLY2
[STDOUT 2025-09-02T17:09:37.743Z] [Migration] Processing flash_id: 83455434, downloading from: https://invader-flashes.s3.amazonaws.com/media/queries/2025/04/16/image_LXMeDWv.jpg
[STDOUT 2025-09-02T17:09:37.852Z] [Migration] Downloaded from S3: https://invader-flashes.s3.amazonaws.com/media/queries/2025/04/16/image_LXMeDWv.jpg
[STDOUT 2025-09-02T17:09:38.410Z] 83455434: QmRRZZE6T4rsgyq59bwySwh8JeU8haVVpagXxGUyfro9LJ
[STDOUT 2025-09-02T17:09:40.211Z] [Migration] Processing flash_id: 83455438, downloading from: https://invader-flashes.s3.amazonaws.com/media/queries/2025/04/16/image_AiMtbcI.jpg
[STDOUT 2025-09-02T17:09:40.362Z] [Migration] Downloaded from S3: https://invader-flashes.s3.amazonaws.com/media/queries/2025/04/16/image_AiMtbcI.jpg
[STDOUT 2025-09-02T17:09:40.931Z] 83455438: QmaMLJFDqSDWmakykwXpX7HdYgADXvxnwRu6vhUMEFj8cB
[STDOUT 2025-09-02T17:09:42.733Z] [Migration] Processing flash_id: 83455572, downloading from: https://invader-flashes.s3.amazonaws.com/media/queries/2025/04/16/image_SG2yxIJ.jpg
[STDOUT 2025-09-02T17:09:42.840Z] [Migration] Downloaded from S3: https://invader-flashes.s3.amazonaws.com/media/queries/2025/04/16/image_SG2yxIJ.jpg
[STDOUT 2025-09-02T17:09:43.449Z] 83455572: QmbN4URxAgPBvwCYAS7E3TNxS17EYCECLbzEcUGjWmsSJ4
[STDOUT 2025-09-02T17:09:45.252Z] [Migration] Processing flash_id: 83455581, downloading from: https://invader-flashes.s3.amazonaws.com/media/queries/2025/04/16/image_7K1EhNV.jpg
[STDOUT 2025-09-02T17:09:45.388Z] [Migration] Downloaded from S3: https://invader-flashes.s3.amazonaws.com/media/queries/2025/04/16/image_7K1EhNV.jpg
[STDOUT 2025-09-02T17:09:45.921Z] 83455581: QmVcCmHrUiUQsaWGivrNYxnodihRbyHxyBaMx9UF9B2xXJ
[STDOUT 2025-09-02T17:09:47.725Z] [Migration] Processing flash_id: 83455583, downloading from: https://invader-flashes.s3.amazonaws.com/media/queries/2025/04/16/image_WRVuiVK.jpg
[STDOUT 2025-09-02T17:09:47.878Z] [Migration] Downloaded from S3: https://invader-flashes.s3.amazonaws.com/media/queries/2025/04/16/image_WRVuiVK.jpg
[STDOUT 2025-09-02T17:09:48.637Z] 83455583: Qmc4ypkL9t6iXZJjhFaEhPkZQ7GACTkoU2xwbkQJpik6gX
[STDOUT 2025-09-02T17:09:50.440Z] [Migration] Processing flash_id: 83455591, downloading from: https://invader-flashes.s3.amazonaws.com/media/queries/2025/04/16/image_mLzBByL.jpg
[STDOUT 2025-09-02T17:09:50.594Z] [Migration] Downloaded from S3: https://invader-flashes.s3.amazonaws.com/media/queries/2025/04/16/image_mLzBByL.jpg
[STDOUT 2025-09-02T17:09:51.141Z] 83455591: QmTvBW3zxVXaAmfGBV85hpHHbYHRrVpJ6b9hnuTioZof7u
[STDOUT 2025-09-02T17:09:52.944Z] [Migration] Processing flash_id: 83455594, downloading from: https://invader-flashes.s3.amazonaws.com/media/queries/2025/04/16/image_xvawZWX.jpg
[STDOUT 2025-09-02T17:09:53.045Z] [Migration] Downloaded from S3: https://invader-flashes.s3.amazonaws.com/media/queries/2025/04/16/image_xvawZWX.jpg
[STDOUT 2025-09-02T17:09:53.569Z] 83455594: QmcXK8NMWMjfqKTYcr6q6npSwno7iSRp1MPg1ynaoSmZyw
[STDOUT 2025-09-02T17:09:55.371Z] [Migration] Processing flash_id: 83455597, downloading from: https://invader-flashes.s3.amazonaws.com/media/queries/2025/04/16/img_VJgmqxI.jpg
[STDOUT 2025-09-02T17:09:55.485Z] [Migration] Downloaded from S3: https://invader-flashes.s3.amazonaws.com/media/queries/2025/04/16/img_VJgmqxI.jpg
[STDOUT 2025-09-02T17:09:56.147Z] 83455597: QmVgEhBx2mXCZVXkcZjv7K3uc9PCmwrWWSCSVxrW3QAGhX
[STDOUT 2025-09-02T17:09:57.949Z] [Migration] Processing flash_id: 83455600, downloading from: https://invader-flashes.s3.amazonaws.com/media/queries/2025/04/16/image_uI2ByFh.jpg
[STDOUT 2025-09-02T17:09:58.091Z] [Migration] Downloaded from S3: https://invader-flashes.s3.amazonaws.com/media/queries/2025/04/16/image_uI2ByFh.jpg
[STDOUT 2025-09-02T17:09:58.725Z] 83455600: QmVgb7mtrGBDvj7ykZoC4kCFghi8U9y4tG4R3ZpTbcr3He
[STDOUT 2025-09-02T17:10:00.525Z] [Migration] Processing flash_id: 83455604, downloading from: https://invader-flashes.s3.amazonaws.com/media/queries/2025/04/16/image_ds00eml.jpg
[STDOUT 2025-09-02T17:10:00.692Z] [Migration] Downloaded from S3: https://invader-flashes.s3.amazonaws.com/media/queries/2025/04/16/image_ds00eml.jpg
[STDOUT 2025-09-02T17:10:01.289Z] 83455604: QmanKWmpnyh8JSHS3vtpmTfoKJAkXCVf3eNzQveNnaGeH5
[STDOUT 2025-09-02T17:10:03.097Z] [Migration] Processing flash_id: 83455605, downloading from: https://invader-flashes.s3.amazonaws.com/media/queries/2025/04/16/image_SesdfEP.jpg
[STDOUT 2025-09-02T17:10:03.214Z] [Migration] Downloaded from S3: https://invader-flashes.s3.amazonaws.com/media/queries/2025/04/16/image_SesdfEP.jpg
[STDOUT 2025-09-02T17:10:03.815Z] 83455605: QmWAxBpqjGVSfSgjFbTU9iVXJ4HGyunncBpYsbsWk8mDXL
[STDOUT 2025-09-02T17:10:05.617Z] [Migration] Processing flash_id: 83455609, downloading from: https://invader-flashes.s3.amazonaws.com/media/queries/2025/04/16/image_0IhKsZd.jpg
[STDOUT 2025-09-02T17:10:05.713Z] [Migration] Downloaded from S3: https://invader-flashes.s3.amazonaws.com/media/queries/2025/04/16/image_0IhKsZd.jpg
[STDOUT 2025-09-02T17:10:06.248Z] 83455609: QmRacQ67aM9z4ZgdaCc8Nd34ZR1W2RoEiJicJWN9esvN6S
[STDOUT 2025-09-02T17:10:08.050Z] [Migration] Processing flash_id: 83455610, downloading from: https://invader-flashes.s3.amazonaws.com/media/queries/2025/04/16/img_fnGj92j.jpg
[STDOUT 2025-09-02T17:10:08.161Z] [Migration] Downloaded from S3: https://invader-flashes.s3.amazonaws.com/media/queries/2025/04/16/img_fnGj92j.jpg
[STDOUT 2025-09-02T17:10:08.799Z] 83455610: QmbiehMTn6Xrf5ZMDJ2GHDbczP3no98JK4RfdSf567D3MM
[STDOUT 2025-09-02T17:10:10.601Z] [Migration] Processing flash_id: 83455612, downloading from: https://invader-flashes.s3.amazonaws.com/media/queries/2025/04/16/image_AhFN7r9.jpg
[STDOUT 2025-09-02T17:10:10.724Z] [Migration] Downloaded from S3: https://invader-flashes.s3.amazonaws.com/media/queries/2025/04/16/image_AhFN7r9.jpg
