[STDOUT 2025-09-02T17:03:53.222Z] [dotenv@17.2.1] injecting env (0) from .env -- tip: 📡 observe env with Radar: https://dotenvx.com/radar
[STDOUT 2025-09-02T17:03:53.728Z] [ProxyRotator] Debug: PROXY_LIST env var = [CONFIGURED]
[STDOUT 2025-09-02T17:03:53.729Z] [ProxyRotator] Loaded 1 proxies from environment
[ProxyRotator] Detected DataImpulse proxies - optimizing configuration for premium service
[STDOUT 2025-09-02T17:03:53.739Z] 🌐 [Migration] No proxy configured - using direct connections
[STDOUT 2025-09-02T17:03:53.836Z] Database connection established
[STDOUT 2025-09-02T17:03:54.213Z] Starting migration: 50 per batch, 16606 batches max
Worker 6: Starting from offset 4151435
📊 Total records without IPFS CID: 4981714
[STDOUT 2025-09-02T17:03:55.789Z] [Migration] Processing flash_id: 91552073, downloading from: https://invader-flashes.s3.amazonaws.com/media/queries/2025/07/29/z/z8po0A9F.jpg
[STDOUT 2025-09-02T17:03:56.204Z] [Migration] Downloaded from S3: https://invader-flashes.s3.amazonaws.com/media/queries/2025/07/29/z/z8po0A9F.jpg
[STDOUT 2025-09-02T17:03:56.891Z] 91552073: QmVYJUfNjUF4p3wY2ZhKttPU3RqfurWYeUH2fuoH4jeKkh
[STDOUT 2025-09-02T17:03:58.695Z] [Migration] Processing flash_id: 91552075, downloading from: https://invader-flashes.s3.amazonaws.com/media/queries/2025/07/29/I/I6j0VqN7.jpg
[STDOUT 2025-09-02T17:03:58.898Z] [Migration] Downloaded from S3: https://invader-flashes.s3.amazonaws.com/media/queries/2025/07/29/I/I6j0VqN7.jpg
[STDOUT 2025-09-02T17:03:59.580Z] 91552075: QmUQn6ny1cTTfXyRaCr29shpkfkZwaPueh9GFasatvkVJh
[STDOUT 2025-09-02T17:04:01.384Z] [Migration] Processing flash_id: 91552076, downloading from: https://invader-flashes.s3.amazonaws.com/media/queries/2025/07/29/m/mu6OMUUp.jpg
[STDOUT 2025-09-02T17:04:01.525Z] [Migration] Downloaded from S3: https://invader-flashes.s3.amazonaws.com/media/queries/2025/07/29/m/mu6OMUUp.jpg
[STDOUT 2025-09-02T17:04:02.132Z] 91552076: Qmbu8BbQgmYjB2YEw6qnRfPYbiDnJqKMceV778BPev66a1
[STDOUT 2025-09-02T17:04:03.934Z] [Migration] Processing flash_id: 91552078, downloading from: https://invader-flashes.s3.amazonaws.com/media/queries/2025/07/29/P/PInghhXp.jpg
[STDOUT 2025-09-02T17:04:04.115Z] [Migration] Downloaded from S3: https://invader-flashes.s3.amazonaws.com/media/queries/2025/07/29/P/PInghhXp.jpg
[STDOUT 2025-09-02T17:04:04.712Z] 91552078: QmVGgTGBpbKsi25rHC1bj4hr93hmqAp5cd5TbpWyon5fBq
[STDOUT 2025-09-02T17:04:06.514Z] [Migration] Processing flash_id: 91552079, downloading from: https://invader-flashes.s3.amazonaws.com/media/queries/2025/07/29/8/8QGkmkFI.jpg
[STDOUT 2025-09-02T17:04:06.664Z] [Migration] Downloaded from S3: https://invader-flashes.s3.amazonaws.com/media/queries/2025/07/29/8/8QGkmkFI.jpg
[STDOUT 2025-09-02T17:04:07.249Z] 91552079: QmaxQZU358RsajrZFrAUT8osWBfoRmcAV4vXwY6kcJmP3v
[STDOUT 2025-09-02T17:04:09.051Z] [Migration] Processing flash_id: 91552084, downloading from: https://invader-flashes.s3.amazonaws.com/media/queries/2025/07/29/x/xSWbTX2f.jpg
[STDOUT 2025-09-02T17:04:09.229Z] [Migration] Downloaded from S3: https://invader-flashes.s3.amazonaws.com/media/queries/2025/07/29/x/xSWbTX2f.jpg
[STDOUT 2025-09-02T17:04:09.900Z] 91552084: QmaefA4rWJBrHeiHxXReH44aVfGDqiGRpJV8g9uKrKcN1P
[STDOUT 2025-09-02T17:04:11.701Z] [Migration] Processing flash_id: 91552085, downloading from: https://invader-flashes.s3.amazonaws.com/media/queries/2025/07/29/i/iPr1UCjN.jpg
[STDOUT 2025-09-02T17:04:11.853Z] [Migration] Downloaded from S3: https://invader-flashes.s3.amazonaws.com/media/queries/2025/07/29/i/iPr1UCjN.jpg
[STDOUT 2025-09-02T17:04:12.462Z] 91552085: QmbzcjkQjChGLfeasVneEN8AsVkwdWzoHSa2hb2cceK39J
[STDOUT 2025-09-02T17:04:14.257Z] [Migration] Processing flash_id: 91552088, downloading from: https://invader-flashes.s3.amazonaws.com/media/queries/2025/07/29/P/Pbix6w5b.jpg
[STDOUT 2025-09-02T17:04:14.374Z] [Migration] Downloaded from S3: https://invader-flashes.s3.amazonaws.com/media/queries/2025/07/29/P/Pbix6w5b.jpg
[STDOUT 2025-09-02T17:04:14.956Z] 91552088: QmWV1h6GHgSiP6VtCmuGogZQfU52FZQJCeDvjK6kZcJfeX
[STDOUT 2025-09-02T17:04:16.759Z] [Migration] Processing flash_id: 91552089, downloading from: https://invader-flashes.s3.amazonaws.com/media/queries/2025/07/29/v/v2fDyJnA.jpg
[STDOUT 2025-09-02T17:04:16.934Z] [Migration] Downloaded from S3: https://invader-flashes.s3.amazonaws.com/media/queries/2025/07/29/v/v2fDyJnA.jpg
[STDOUT 2025-09-02T17:04:17.587Z] 91552089: QmVbyffpUZxMVayXVwC8RimAzVEkPPJqoq23UMWoEFRmYF
[STDOUT 2025-09-02T17:04:19.391Z] [Migration] Processing flash_id: 91552093, downloading from: https://invader-flashes.s3.amazonaws.com/media/queries/2025/07/29/d/dGTqXdLE.jpg
[STDOUT 2025-09-02T17:04:19.546Z] [Migration] Downloaded from S3: https://invader-flashes.s3.amazonaws.com/media/queries/2025/07/29/d/dGTqXdLE.jpg
[STDOUT 2025-09-02T17:04:20.596Z] 91552093: QmVUuGuENbm44Q8tFTeRn7RcuN1PMSDibVekKQFn73At9g
[STDOUT 2025-09-02T17:04:22.399Z] [Migration] Processing flash_id: 91552097, downloading from: https://invader-flashes.s3.amazonaws.com/media/queries/2025/07/29/h/hh8tL6Ko.jpg
[STDOUT 2025-09-02T17:04:22.565Z] [Migration] Downloaded from S3: https://invader-flashes.s3.amazonaws.com/media/queries/2025/07/29/h/hh8tL6Ko.jpg
[STDOUT 2025-09-02T17:04:23.359Z] 91552097: QmcocecxfRhFr8q5shuFX3iSunz6LfUB3nnwPU1gYRGQ9P
[STDOUT 2025-09-02T17:04:25.160Z] [Migration] Processing flash_id: 91552098, downloading from: https://invader-flashes.s3.amazonaws.com/media/queries/2025/07/29/m/mlBDr3lv.jpg
[STDOUT 2025-09-02T17:04:25.303Z] [Migration] Downloaded from S3: https://invader-flashes.s3.amazonaws.com/media/queries/2025/07/29/m/mlBDr3lv.jpg
[STDOUT 2025-09-02T17:04:26.289Z] 91552098: QmfYCAMfcxFdiTikP42NQhEVTGUbR8Rq4kFyA8eMt2BT5S
[STDOUT 2025-09-02T17:04:28.091Z] [Migration] Processing flash_id: 91552101, downloading from: https://invader-flashes.s3.amazonaws.com/media/queries/2025/07/29/P/PRqyy77h.jpg
[STDOUT 2025-09-02T17:04:28.238Z] [Migration] Downloaded from S3: https://invader-flashes.s3.amazonaws.com/media/queries/2025/07/29/P/PRqyy77h.jpg
[STDOUT 2025-09-02T17:04:28.829Z] 91552101: QmYyt32gnu2FuEqBaPL8H8tMYKtzvfwPpduk5FEahPJ58A
[STDOUT 2025-09-02T17:04:30.630Z] [Migration] Processing flash_id: 91552103, downloading from: https://invader-flashes.s3.amazonaws.com/media/queries/2025/07/29/Y/Yg4zvCag.jpg
[STDOUT 2025-09-02T17:04:30.793Z] [Migration] Downloaded from S3: https://invader-flashes.s3.amazonaws.com/media/queries/2025/07/29/Y/Yg4zvCag.jpg
[STDOUT 2025-09-02T17:04:31.673Z] 91552103: QmUepAFJFgHiosDHJozrmG3QoThMpLUYqtCVLgCL2HVoZR
[STDOUT 2025-09-02T17:04:33.476Z] [Migration] Processing flash_id: 91552104, downloading from: https://invader-flashes.s3.amazonaws.com/media/queries/2025/07/29/G/GAnhpme3.jpg
[STDOUT 2025-09-02T17:04:33.635Z] [Migration] Downloaded from S3: https://invader-flashes.s3.amazonaws.com/media/queries/2025/07/29/G/GAnhpme3.jpg
[STDOUT 2025-09-02T17:04:34.267Z] 91552104: QmZvgfUDqa37zX6m1rzGEcrJL71tQ6uUs8oYYEdSjjhCju
[STDOUT 2025-09-02T17:04:36.067Z] [Migration] Processing flash_id: 91552106, downloading from: https://invader-flashes.s3.amazonaws.com/media/queries/2025/07/29/M/MrNHW3iJ.jpg
[STDOUT 2025-09-02T17:04:36.231Z] [Migration] Downloaded from S3: https://invader-flashes.s3.amazonaws.com/media/queries/2025/07/29/M/MrNHW3iJ.jpg
[STDOUT 2025-09-02T17:04:36.841Z] 91552106: QmVoddZzvJxmgbuqBidMoscTerZfti3r7Q3waVcM34LGB6
[STDOUT 2025-09-02T17:04:38.642Z] [Migration] Processing flash_id: 91552107, downloading from: https://invader-flashes.s3.amazonaws.com/media/queries/2025/07/29/h/hzaqJG4I.jpg
[STDOUT 2025-09-02T17:04:38.769Z] [Migration] Downloaded from S3: https://invader-flashes.s3.amazonaws.com/media/queries/2025/07/29/h/hzaqJG4I.jpg
[STDOUT 2025-09-02T17:04:39.405Z] 91552107: QmfNNrBAXh5mHU9XxQh17Te7njeNUTp4k9gRiS2erfrahd
[STDOUT 2025-09-02T17:04:41.207Z] [Migration] Processing flash_id: 91552109, downloading from: https://invader-flashes.s3.amazonaws.com/media/queries/2025/07/29/b/bYjEPif6.jpg
[STDOUT 2025-09-02T17:04:41.399Z] [Migration] Downloaded from S3: https://invader-flashes.s3.amazonaws.com/media/queries/2025/07/29/b/bYjEPif6.jpg
[STDOUT 2025-09-02T17:04:42.064Z] 91552109: QmVdj7nnt5V9nYBiwrwPTF65MjvDsa3eiveo34CoETCdCR
[STDOUT 2025-09-02T17:04:43.867Z] [Migration] Processing flash_id: 91552111, downloading from: https://invader-flashes.s3.amazonaws.com/media/queries/2025/07/29/1/1Xmfr1gf.jpg
[STDOUT 2025-09-02T17:04:44.025Z] [Migration] Downloaded from S3: https://invader-flashes.s3.amazonaws.com/media/queries/2025/07/29/1/1Xmfr1gf.jpg
[STDOUT 2025-09-02T17:04:44.735Z] 91552111: QmeJKg7QtiCEzFGo2Lqe9LZKq85FhmRFYEjQGU6iu2rrmC
[STDOUT 2025-09-02T17:04:46.539Z] [Migration] Processing flash_id: 91552112, downloading from: https://invader-flashes.s3.amazonaws.com/media/queries/2025/07/29/1/1BklgnwD.jpg
[STDOUT 2025-09-02T17:04:46.681Z] [Migration] Downloaded from S3: https://invader-flashes.s3.amazonaws.com/media/queries/2025/07/29/1/1BklgnwD.jpg
[STDOUT 2025-09-02T17:04:47.223Z] 91552112: QmPapFq8knYKYwH6X1hR3MabcoptsFdeN9A949jCsFkW3J
[STDOUT 2025-09-02T17:04:49.026Z] [Migration] Processing flash_id: 91552113, downloading from: https://invader-flashes.s3.amazonaws.com/media/queries/2025/07/29/4/4xrl0ODQ.jpg
[STDOUT 2025-09-02T17:04:49.165Z] [Migration] Downloaded from S3: https://invader-flashes.s3.amazonaws.com/media/queries/2025/07/29/4/4xrl0ODQ.jpg
[STDOUT 2025-09-02T17:04:49.803Z] 91552113: QmTa98P2MAqZQYLvVFAav8f2AfsHRDsZYN6h3hM2ntsA3v
[STDOUT 2025-09-02T17:04:51.606Z] [Migration] Processing flash_id: 91552240, downloading from: https://invader-flashes.s3.amazonaws.com/media/queries/2025/07/29/D/DQbTULn0.jpg
[STDOUT 2025-09-02T17:04:51.767Z] [Migration] Downloaded from S3: https://invader-flashes.s3.amazonaws.com/media/queries/2025/07/29/D/DQbTULn0.jpg
[STDOUT 2025-09-02T17:04:52.352Z] 91552240: QmYYqut4EkMjqZitNhxEweCx6WKBD1VgcwEozZMeYWP9iU
[STDOUT 2025-09-02T17:04:54.154Z] [Migration] Processing flash_id: 91552241, downloading from: https://invader-flashes.s3.amazonaws.com/media/queries/2025/07/29/x/xwsm6QQ1.jpg
[STDOUT 2025-09-02T17:04:54.267Z] [Migration] Downloaded from S3: https://invader-flashes.s3.amazonaws.com/media/queries/2025/07/29/x/xwsm6QQ1.jpg
[STDOUT 2025-09-02T17:04:55.103Z] 91552241: QmcTkToT4gbfSutv5tsnJj3kr6iZm9fNK3iH2c7t41Y5yG
[STDOUT 2025-09-02T17:04:56.903Z] [Migration] Processing flash_id: 91552242, downloading from: https://invader-flashes.s3.amazonaws.com/media/queries/2025/07/29/T/TaqG9stP.jpg
[STDOUT 2025-09-02T17:04:57.063Z] [Migration] Downloaded from S3: https://invader-flashes.s3.amazonaws.com/media/queries/2025/07/29/T/TaqG9stP.jpg
[STDOUT 2025-09-02T17:04:57.756Z] 91552242: Qmcvi2CNTFerQd38BjMS9GWcn5Zwmy2Jh5RNqk3wBGP7oc
[STDOUT 2025-09-02T17:04:59.557Z] [Migration] Processing flash_id: 91552244, downloading from: https://invader-flashes.s3.amazonaws.com/media/queries/2025/07/29/U/UZmWAB8E.jpg
[STDOUT 2025-09-02T17:04:59.735Z] [Migration] Downloaded from S3: https://invader-flashes.s3.amazonaws.com/media/queries/2025/07/29/U/UZmWAB8E.jpg
[STDOUT 2025-09-02T17:05:00.609Z] 91552244: QmQHaupdudR9E6dHsX5zgVC7oFPrQx2qXHXt8FiGDsBwUt
[STDOUT 2025-09-02T17:05:02.411Z] [Migration] Processing flash_id: 91552248, downloading from: https://invader-flashes.s3.amazonaws.com/media/queries/2025/07/29/S/SenqSV3h.jpg
[STDOUT 2025-09-02T17:05:02.587Z] [Migration] Downloaded from S3: https://invader-flashes.s3.amazonaws.com/media/queries/2025/07/29/S/SenqSV3h.jpg
[STDOUT 2025-09-02T17:05:03.271Z] 91552248: QmdxDim5LberWutabe1CQnq3e2Rxkng1YMnKpLBrdkm7tB
[STDOUT 2025-09-02T17:05:05.071Z] [Migration] Processing flash_id: 91552249, downloading from: https://invader-flashes.s3.amazonaws.com/media/queries/2025/07/29/o/oW1xnmGB.jpg
[STDOUT 2025-09-02T17:05:05.201Z] [Migration] Downloaded from S3: https://invader-flashes.s3.amazonaws.com/media/queries/2025/07/29/o/oW1xnmGB.jpg
[STDOUT 2025-09-02T17:05:05.839Z] 91552249: QmddpPoH66tCgkfGg8tkWK5nLnMM7q36dhX2pKWhyZNG7T
[STDOUT 2025-09-02T17:05:07.640Z] [Migration] Processing flash_id: 91552251, downloading from: https://invader-flashes.s3.amazonaws.com/media/queries/2025/07/29/0/0lCynxqE.jpg
[STDOUT 2025-09-02T17:05:07.813Z] [Migration] Downloaded from S3: https://invader-flashes.s3.amazonaws.com/media/queries/2025/07/29/0/0lCynxqE.jpg
[STDOUT 2025-09-02T17:05:08.419Z] 91552251: QmX3SibJV59cX1sSiFeaucBjS2WtZghasm1GeEaeuKcxkp
[STDOUT 2025-09-02T17:05:10.221Z] [Migration] Processing flash_id: 91552252, downloading from: https://invader-flashes.s3.amazonaws.com/media/queries/2025/07/29/Z/ZXCuEgsf.jpg
[STDOUT 2025-09-02T17:05:10.390Z] [Migration] Downloaded from S3: https://invader-flashes.s3.amazonaws.com/media/queries/2025/07/29/Z/ZXCuEgsf.jpg
[STDOUT 2025-09-02T17:05:11.103Z] 91552252: QmcwRREifmjB1RhbPzuTnPKgu66iLhe6dCiWRfWY7SXMq9
[STDOUT 2025-09-02T17:05:12.903Z] [Migration] Processing flash_id: 91552253, downloading from: https://invader-flashes.s3.amazonaws.com/media/queries/2025/07/29/n/nJfeBj3P.jpg
[STDOUT 2025-09-02T17:05:13.083Z] [Migration] Downloaded from S3: https://invader-flashes.s3.amazonaws.com/media/queries/2025/07/29/n/nJfeBj3P.jpg
[STDOUT 2025-09-02T17:05:13.714Z] 91552253: QmTMsEuP7PT7yXaunBow8f7wrBnDLat4R6EmKbsKoeq68n
[STDOUT 2025-09-02T17:05:15.514Z] [Migration] Processing flash_id: 91552257, downloading from: https://invader-flashes.s3.amazonaws.com/media/queries/2025/07/29/n/n4h1BDBt.jpg
[STDOUT 2025-09-02T17:05:15.654Z] [Migration] Downloaded from S3: https://invader-flashes.s3.amazonaws.com/media/queries/2025/07/29/n/n4h1BDBt.jpg
[STDOUT 2025-09-02T17:05:16.264Z] 91552257: QmRMTcMzyJQtzFG9xBQG6iaB5oLSVhnGqVL4EjsFZ89brd
[STDOUT 2025-09-02T17:05:18.069Z] [Migration] Processing flash_id: 91552258, downloading from: https://invader-flashes.s3.amazonaws.com/media/queries/2025/07/29/v/v389Uvhj.jpg
[STDOUT 2025-09-02T17:05:18.236Z] [Migration] Downloaded from S3: https://invader-flashes.s3.amazonaws.com/media/queries/2025/07/29/v/v389Uvhj.jpg
[STDOUT 2025-09-02T17:05:18.804Z] 91552258: QmaWU8xHZxg3UvDh1FK7YgKSGUqFaVL4YJpxDqVPH74GF6
[STDOUT 2025-09-02T17:05:20.605Z] [Migration] Processing flash_id: 91552260, downloading from: https://invader-flashes.s3.amazonaws.com/media/queries/2025/07/29/O/Ogs48Ms8.jpg
[STDOUT 2025-09-02T17:05:20.714Z] [Migration] Downloaded from S3: https://invader-flashes.s3.amazonaws.com/media/queries/2025/07/29/O/Ogs48Ms8.jpg
[STDOUT 2025-09-02T17:05:21.777Z] 91552260: QmPXUz3HknX29hK6k7BR9zPQhyXvyyjhrVFf8yrep47Emm
[STDOUT 2025-09-02T17:05:23.581Z] [Migration] Processing flash_id: 91552268, downloading from: https://invader-flashes.s3.amazonaws.com/media/queries/2025/07/29/3/3MmLvB6M.jpg
[STDOUT 2025-09-02T17:05:23.731Z] [Migration] Downloaded from S3: https://invader-flashes.s3.amazonaws.com/media/queries/2025/07/29/3/3MmLvB6M.jpg
[STDOUT 2025-09-02T17:05:24.344Z] 91552268: QmWzTLP6KZitn4nLUGohkZK3UbQj9YYxxU6ncSFGkFq3gq
[STDOUT 2025-09-02T17:05:26.145Z] [Migration] Processing flash_id: 91552270, downloading from: https://invader-flashes.s3.amazonaws.com/media/queries/2025/07/29/J/JiGc6NXi.jpg
[STDOUT 2025-09-02T17:05:26.255Z] [Migration] Downloaded from S3: https://invader-flashes.s3.amazonaws.com/media/queries/2025/07/29/J/JiGc6NXi.jpg
[STDOUT 2025-09-02T17:05:26.804Z] 91552270: QmV9yronSk5QiY1v44gjF2n97RmjQfEpjuwNMuJsZ1XVbm
[STDOUT 2025-09-02T17:05:28.606Z] [Migration] Processing flash_id: 91552275, downloading from: https://invader-flashes.s3.amazonaws.com/media/queries/2025/07/29/N/NeGkSYlE.jpg
[STDOUT 2025-09-02T17:05:28.767Z] [Migration] Downloaded from S3: https://invader-flashes.s3.amazonaws.com/media/queries/2025/07/29/N/NeGkSYlE.jpg
[STDOUT 2025-09-02T17:05:29.397Z] 91552275: QmVWNkGbxwqoyK2YFSeVJGZeDcDaRLSP433YWu7C916DVY
[STDOUT 2025-09-02T17:05:31.201Z] [Migration] Processing flash_id: 91552276, downloading from: https://invader-flashes.s3.amazonaws.com/media/queries/2025/07/29/W/Wr1XZM63.jpg
[STDOUT 2025-09-02T17:05:31.310Z] [Migration] Downloaded from S3: https://invader-flashes.s3.amazonaws.com/media/queries/2025/07/29/W/Wr1XZM63.jpg
[STDOUT 2025-09-02T17:05:32.176Z] 91552276: QmT8vCKWx2ddzxQPfJ6frB7aBxNkXTrdpnDVnEkwWE2czt
[STDOUT 2025-09-02T17:05:33.978Z] [Migration] Processing flash_id: 91552279, downloading from: https://invader-flashes.s3.amazonaws.com/media/queries/2025/07/29/7/7BwM7576.jpg
[STDOUT 2025-09-02T17:05:34.090Z] [Migration] Downloaded from S3: https://invader-flashes.s3.amazonaws.com/media/queries/2025/07/29/7/7BwM7576.jpg
[STDOUT 2025-09-02T17:05:34.646Z] 91552279: QmNYFRtKWwNAAFVUS8KGxWzLZjhdDe8nykVz5CSipWaMuS
[STDOUT 2025-09-02T17:05:36.446Z] [Migration] Processing flash_id: 91552281, downloading from: https://invader-flashes.s3.amazonaws.com/media/queries/2025/07/29/e/eGjEHpoH.jpg
[STDOUT 2025-09-02T17:05:36.599Z] [Migration] Downloaded from S3: https://invader-flashes.s3.amazonaws.com/media/queries/2025/07/29/e/eGjEHpoH.jpg
[STDOUT 2025-09-02T17:05:37.208Z] 91552281: QmQtgE6haCifgezipphkb1dYW6N8aZmiy4bf8FcYFTXaiw
[STDOUT 2025-09-02T17:05:39.011Z] [Migration] Processing flash_id: 91552285, downloading from: https://invader-flashes.s3.amazonaws.com/media/queries/2025/07/29/O/Otz6NMTU.jpg
[STDOUT 2025-09-02T17:05:39.155Z] [Migration] Downloaded from S3: https://invader-flashes.s3.amazonaws.com/media/queries/2025/07/29/O/Otz6NMTU.jpg
[STDOUT 2025-09-02T17:05:39.683Z] 91552285: QmPeqAFD8S5bEp9HPz17FyGL7VWSbiLCoas96PXhgEU3Ch
[STDOUT 2025-09-02T17:05:41.485Z] [Migration] Processing flash_id: 91552287, downloading from: https://invader-flashes.s3.amazonaws.com/media/queries/2025/07/29/r/rhSeMvJs.jpg
[STDOUT 2025-09-02T17:05:41.636Z] [Migration] Downloaded from S3: https://invader-flashes.s3.amazonaws.com/media/queries/2025/07/29/r/rhSeMvJs.jpg
[STDOUT 2025-09-02T17:05:42.452Z] 91552287: QmZrapTivLL9h92C5mBJDCZD3ESo7htCjLHctyLyPfmq18
[STDOUT 2025-09-02T17:05:44.255Z] [Migration] Processing flash_id: 91552288, downloading from: https://invader-flashes.s3.amazonaws.com/media/queries/2025/07/29/a/a1wP27sw.jpg
[STDOUT 2025-09-02T17:05:44.434Z] [Migration] Downloaded from S3: https://invader-flashes.s3.amazonaws.com/media/queries/2025/07/29/a/a1wP27sw.jpg
[STDOUT 2025-09-02T17:05:45.065Z] 91552288: QmbnaFTVQ4gg2rR6c1e7Z4YsTyDRB3VYEkrbK8JC3g41Jx
[STDOUT 2025-09-02T17:05:46.865Z] [Migration] Processing flash_id: 91552294, downloading from: https://invader-flashes.s3.amazonaws.com/media/queries/2025/07/29/v/vuPcIXlD.jpg
[STDOUT 2025-09-02T17:05:47.008Z] [Migration] Downloaded from S3: https://invader-flashes.s3.amazonaws.com/media/queries/2025/07/29/v/vuPcIXlD.jpg
[STDOUT 2025-09-02T17:05:47.522Z] 91552294: QmZVJN2qpgPt25S3udpSqDZWjYLfd7KTrkKSX2wVjMXm49
[STDOUT 2025-09-02T17:05:49.324Z] [Migration] Processing flash_id: 91552295, downloading from: https://invader-flashes.s3.amazonaws.com/media/queries/2025/07/29/x/xdKUbic3.jpg
[STDOUT 2025-09-02T17:05:49.446Z] [Migration] Downloaded from S3: https://invader-flashes.s3.amazonaws.com/media/queries/2025/07/29/x/xdKUbic3.jpg
[STDOUT 2025-09-02T17:05:50.087Z] 91552295: QmZZwVcxyjVK9JK8kJdtLHXeTNGt2o1h9SKjqdfdgiY3YD
[STDOUT 2025-09-02T17:05:51.890Z] [Migration] Processing flash_id: 91552298, downloading from: https://invader-flashes.s3.amazonaws.com/media/queries/2025/07/29/g/gSkBQ5E2.jpg
[STDOUT 2025-09-02T17:05:52.039Z] [Migration] Downloaded from S3: https://invader-flashes.s3.amazonaws.com/media/queries/2025/07/29/g/gSkBQ5E2.jpg
[STDOUT 2025-09-02T17:05:52.648Z] 91552298: QmWQ6kZQmP2PKXAmi6R6vkVUd37mmww82hkkfn5oiXKtEV
[STDOUT 2025-09-02T17:05:54.451Z] [Migration] Processing flash_id: 91552300, downloading from: https://invader-flashes.s3.amazonaws.com/media/queries/2025/07/29/b/bQgII2Pj.jpg
[STDOUT 2025-09-02T17:05:54.612Z] [Migration] Downloaded from S3: https://invader-flashes.s3.amazonaws.com/media/queries/2025/07/29/b/bQgII2Pj.jpg
[STDOUT 2025-09-02T17:05:55.175Z] 91552300: QmZCrXNKw9o8KfrxkYq3sEUogKWxsf2yzTwZbnLiUuUgyD
[STDOUT 2025-09-02T17:05:56.977Z] [Migration] Processing flash_id: 91552301, downloading from: https://invader-flashes.s3.amazonaws.com/media/queries/2025/07/29/f/ft7YArmY.jpg
[STDOUT 2025-09-02T17:05:57.185Z] [Migration] Downloaded from S3: https://invader-flashes.s3.amazonaws.com/media/queries/2025/07/29/f/ft7YArmY.jpg
[STDOUT 2025-09-02T17:05:58.302Z] 91552301: QmVgDZSSfU2AcCJUcavPsm2zM8qS4itCmD54PAixMFBh7f
[STDOUT 2025-09-02T17:06:00.104Z] [Migration] Processing flash_id: 91552304, downloading from: https://invader-flashes.s3.amazonaws.com/media/queries/2025/07/29/x/xRu1lHOH.jpg
[STDOUT 2025-09-02T17:06:00.229Z] [Migration] Downloaded from S3: https://invader-flashes.s3.amazonaws.com/media/queries/2025/07/29/x/xRu1lHOH.jpg
[STDOUT 2025-09-02T17:06:01.042Z] 91552304: QmTUDxPc8meZSCsxSgTVwzRLgxcYKFrCGFBvvAahxfp6iU
[STDOUT 2025-09-02T17:06:02.845Z] [Migration] Processing flash_id: 91552530, downloading from: https://invader-flashes.s3.amazonaws.com/media/queries/2025/07/29/Z/ZdFZKJ6a.jpg
[STDOUT 2025-09-02T17:06:02.995Z] [Migration] Downloaded from S3: https://invader-flashes.s3.amazonaws.com/media/queries/2025/07/29/Z/ZdFZKJ6a.jpg
[STDOUT 2025-09-02T17:06:03.631Z] 91552530: QmbGpuArnLHpNpSTQhRobLPvwnL7hvzXVGXCuAuMCjQcCQ
[STDOUT 2025-09-02T17:06:05.431Z] [Migration] Processing flash_id: 91552531, downloading from: https://invader-flashes.s3.amazonaws.com/media/queries/2025/07/29/v/vJLTOoKR.jpg
[STDOUT 2025-09-02T17:06:05.562Z] [Migration] Downloaded from S3: https://invader-flashes.s3.amazonaws.com/media/queries/2025/07/29/v/vJLTOoKR.jpg
[STDOUT 2025-09-02T17:06:06.111Z] 91552531: Qmc1bjrP7d1yVWtmPUtL2B9v3oawm14RQSZmJi5gFtL4EV
[STDOUT 2025-09-02T17:06:11.532Z] [Migration] Processing flash_id: 91554114, downloading from: https://invader-flashes.s3.amazonaws.com/media/queries/2025/07/29/M/ME0N9rhr.jpg
[STDOUT 2025-09-02T17:06:12.699Z] [Migration] Downloaded from S3: https://invader-flashes.s3.amazonaws.com/media/queries/2025/07/29/M/ME0N9rhr.jpg
[STDOUT 2025-09-02T17:06:13.722Z] 91554114: QmQ7FyiYmsPBKcFUyD62F573vqA7LNyURJgJsAdCsAbXyr
[STDOUT 2025-09-02T17:06:15.525Z] [Migration] Processing flash_id: 91554116, downloading from: https://invader-flashes.s3.amazonaws.com/media/queries/2025/07/29/H/HyN51Tql.jpg
[STDOUT 2025-09-02T17:06:15.688Z] [Migration] Downloaded from S3: https://invader-flashes.s3.amazonaws.com/media/queries/2025/07/29/H/HyN51Tql.jpg
[STDOUT 2025-09-02T17:06:16.285Z] 91554116: QmX4qUKvAknpiyJpR97Ge2v1QKguZr5m4tvsB16XczJJ3c
[STDOUT 2025-09-02T17:06:18.086Z] [Migration] Processing flash_id: 91554117, downloading from: https://invader-flashes.s3.amazonaws.com/media/queries/2025/07/29/v/v4EsyTbm.jpg
[STDOUT 2025-09-02T17:06:18.263Z] [Migration] Downloaded from S3: https://invader-flashes.s3.amazonaws.com/media/queries/2025/07/29/v/v4EsyTbm.jpg
[STDOUT 2025-09-02T17:06:18.821Z] 91554117: QmeErGKVGBUL78sxkvHBTeYNJ5hRq2adgwH61YhFvfehM7
[STDOUT 2025-09-02T17:06:20.625Z] [Migration] Processing flash_id: 91554118, downloading from: https://invader-flashes.s3.amazonaws.com/media/queries/2025/07/29/m/meHhtOFD.jpg
[STDOUT 2025-09-02T17:06:20.741Z] [Migration] Downloaded from S3: https://invader-flashes.s3.amazonaws.com/media/queries/2025/07/29/m/meHhtOFD.jpg
[STDOUT 2025-09-02T17:06:21.712Z] 91554118: QmXRquJmbmusReXe9SdVzeZVQu3XzghpEi2GfPwV5SDpki
[STDOUT 2025-09-02T17:06:23.516Z] [Migration] Processing flash_id: 91554119, downloading from: https://invader-flashes.s3.amazonaws.com/media/queries/2025/07/29/N/NFzI3Jo2.jpg
[STDOUT 2025-09-02T17:06:23.696Z] [Migration] Downloaded from S3: https://invader-flashes.s3.amazonaws.com/media/queries/2025/07/29/N/NFzI3Jo2.jpg
[STDOUT 2025-09-02T17:06:24.317Z] 91554119: QmRwg2MPAAXFwrBFKDghboy1jsjhrZwz1ZWo1H1sbJFGti
[STDOUT 2025-09-02T17:06:26.119Z] [Migration] Processing flash_id: 91554362, downloading from: https://invader-flashes.s3.amazonaws.com/media/queries/2025/07/29/i/iyEQm8DV.jpg
[STDOUT 2025-09-02T17:06:26.305Z] [Migration] Downloaded from S3: https://invader-flashes.s3.amazonaws.com/media/queries/2025/07/29/i/iyEQm8DV.jpg
[STDOUT 2025-09-02T17:06:27.361Z] 91554362: QmcivR5m6ETHDawASFaon77U6WrxidGkFMggoA5bkBQQD1
[STDOUT 2025-09-02T17:06:29.165Z] [Migration] Processing flash_id: 91554363, downloading from: https://invader-flashes.s3.amazonaws.com/media/queries/2025/07/29/h/hEjUDLdK.jpg
[STDOUT 2025-09-02T17:06:29.421Z] [Migration] Downloaded from S3: https://invader-flashes.s3.amazonaws.com/media/queries/2025/07/29/h/hEjUDLdK.jpg
[STDOUT 2025-09-02T17:06:30.075Z] 91554363: QmaMPiAX6kMWXyrxGJ6UoEQdj3LLAkXSEP2iGYBFnbAHtR
[STDOUT 2025-09-02T17:06:31.875Z] [Migration] Processing flash_id: 91554370, downloading from: https://invader-flashes.s3.amazonaws.com/media/queries/2025/07/29/b/bO7BaPMt.jpg
[STDOUT 2025-09-02T17:06:31.996Z] [Migration] Downloaded from S3: https://invader-flashes.s3.amazonaws.com/media/queries/2025/07/29/b/bO7BaPMt.jpg
[STDOUT 2025-09-02T17:06:32.628Z] 91554370: QmUQ9XP55GJjUvivYbZaV9jg6nyxS3WjehZQjbjXEQ18rX
[STDOUT 2025-09-02T17:06:34.428Z] [Migration] Processing flash_id: 91554376, downloading from: https://invader-flashes.s3.amazonaws.com/media/queries/2025/07/29/z/zNHyIQF8.jpg
[STDOUT 2025-09-02T17:06:34.561Z] [Migration] Downloaded from S3: https://invader-flashes.s3.amazonaws.com/media/queries/2025/07/29/z/zNHyIQF8.jpg
[STDOUT 2025-09-02T17:06:35.832Z] 91554376: QmeXsCbhK6gBjsAvQJPg8whgwFMgzekRF8fQw8hZG1aHMR
[STDOUT 2025-09-02T17:06:37.634Z] [Migration] Processing flash_id: 91554377, downloading from: https://invader-flashes.s3.amazonaws.com/media/queries/2025/07/29/s/s9qcAIzE.jpg
[STDOUT 2025-09-02T17:06:37.789Z] [Migration] Downloaded from S3: https://invader-flashes.s3.amazonaws.com/media/queries/2025/07/29/s/s9qcAIzE.jpg
[STDOUT 2025-09-02T17:06:38.341Z] 91554377: Qmaq1zvPoGE8CsQ4WzQ3jaUkBFkhsJPh77mAE1SKy5Cbag
[STDOUT 2025-09-02T17:06:40.142Z] [Migration] Processing flash_id: 91554382, downloading from: https://invader-flashes.s3.amazonaws.com/media/queries/2025/07/29/0/0VxVeLnh.jpg
[STDOUT 2025-09-02T17:06:40.317Z] [Migration] Downloaded from S3: https://invader-flashes.s3.amazonaws.com/media/queries/2025/07/29/0/0VxVeLnh.jpg
[STDOUT 2025-09-02T17:06:41.377Z] 91554382: QmcahQEhzcxxWXiYdZEmzH65qnF6UQYsdN97hrFDZfFsNm
[STDOUT 2025-09-02T17:06:43.177Z] [Migration] Processing flash_id: 91554384, downloading from: https://invader-flashes.s3.amazonaws.com/media/queries/2025/07/29/Y/YspuheKp.jpg
[STDOUT 2025-09-02T17:06:43.304Z] [Migration] Downloaded from S3: https://invader-flashes.s3.amazonaws.com/media/queries/2025/07/29/Y/YspuheKp.jpg
[STDOUT 2025-09-02T17:06:44.149Z] 91554384: Qma5qoSbxv6mFoyF4tfm7GtRezKvYarTKwfPagRg7r7nSc
[STDOUT 2025-09-02T17:06:45.950Z] [Migration] Processing flash_id: 91554388, downloading from: https://invader-flashes.s3.amazonaws.com/media/queries/2025/07/29/i/iFu9n6Jn.jpg
[STDOUT 2025-09-02T17:06:46.117Z] [Migration] Downloaded from S3: https://invader-flashes.s3.amazonaws.com/media/queries/2025/07/29/i/iFu9n6Jn.jpg
[STDOUT 2025-09-02T17:06:46.782Z] 91554388: QmWn3sznai5YnmGCukfSh57sMEphd1WndUGc544bXxSuWu
[STDOUT 2025-09-02T17:06:48.584Z] [Migration] Processing flash_id: 91554389, downloading from: https://invader-flashes.s3.amazonaws.com/media/queries/2025/07/29/v/vdet1xPE.jpg
[STDOUT 2025-09-02T17:06:48.748Z] [Migration] Downloaded from S3: https://invader-flashes.s3.amazonaws.com/media/queries/2025/07/29/v/vdet1xPE.jpg
[STDOUT 2025-09-02T17:06:49.748Z] 91554389: QmdinUo1zkY5LUgh7AxnnTmNPrzwemSy2MMf3MxmRnsqPm
[STDOUT 2025-09-02T17:06:51.550Z] [Migration] Processing flash_id: 91554391, downloading from: https://invader-flashes.s3.amazonaws.com/media/queries/2025/07/29/7/72U7tRLm.jpg
[STDOUT 2025-09-02T17:06:51.710Z] [Migration] Downloaded from S3: https://invader-flashes.s3.amazonaws.com/media/queries/2025/07/29/7/72U7tRLm.jpg
[STDOUT 2025-09-02T17:06:52.345Z] 91554391: QmYJFeESR8zTav2PA2yFTrLKs8rZbv3QyyaUQJzLkTGUNY
[STDOUT 2025-09-02T17:06:54.147Z] [Migration] Processing flash_id: 91554394, downloading from: https://invader-flashes.s3.amazonaws.com/media/queries/2025/07/29/1/1OlCkD1Q.jpg
[STDOUT 2025-09-02T17:06:54.344Z] [Migration] Downloaded from S3: https://invader-flashes.s3.amazonaws.com/media/queries/2025/07/29/1/1OlCkD1Q.jpg
[STDOUT 2025-09-02T17:06:54.879Z] 91554394: QmWgeRHJcNMe4fLLXUG8ZWqSkEpucLo2ihW3UwT6zHcGK6
[STDOUT 2025-09-02T17:06:56.682Z] [Migration] Processing flash_id: 91554395, downloading from: https://invader-flashes.s3.amazonaws.com/media/queries/2025/07/29/C/CoQqBufX.jpg
[STDOUT 2025-09-02T17:06:56.831Z] [Migration] Downloaded from S3: https://invader-flashes.s3.amazonaws.com/media/queries/2025/07/29/C/CoQqBufX.jpg
[STDOUT 2025-09-02T17:06:57.423Z] 91554395: QmU9zriQr8fZ3HcB62ivNz1jdV1DPj7VZi8Zqe4JJUdadw
[STDOUT 2025-09-02T17:06:59.226Z] [Migration] Processing flash_id: 91554400, downloading from: https://invader-flashes.s3.amazonaws.com/media/queries/2025/07/29/P/P90bqPWw.jpg
[STDOUT 2025-09-02T17:06:59.479Z] [Migration] Downloaded from S3: https://invader-flashes.s3.amazonaws.com/media/queries/2025/07/29/P/P90bqPWw.jpg
[STDOUT 2025-09-02T17:07:00.203Z] 91554400: QmfGVYWozFnYLPB77suhdGeVX5i7rPvwisqUAVgWufppr1
[STDOUT 2025-09-02T17:07:02.006Z] [Migration] Processing flash_id: 91554405, downloading from: https://invader-flashes.s3.amazonaws.com/media/queries/2025/07/29/P/PCJjt8Lq.jpg
[STDOUT 2025-09-02T17:07:02.164Z] [Migration] Downloaded from S3: https://invader-flashes.s3.amazonaws.com/media/queries/2025/07/29/P/PCJjt8Lq.jpg
[STDOUT 2025-09-02T17:07:02.915Z] 91554405: QmQ1vHu4QMiZtsaBEYKknByxR5GAxqXAotzt6ghSTSFJfj
[STDOUT 2025-09-02T17:07:04.716Z] [Migration] Processing flash_id: 91554406, downloading from: https://invader-flashes.s3.amazonaws.com/media/queries/2025/07/29/e/ehWV8TKr.jpg
[STDOUT 2025-09-02T17:07:04.963Z] [Migration] Downloaded from S3: https://invader-flashes.s3.amazonaws.com/media/queries/2025/07/29/e/ehWV8TKr.jpg
[STDOUT 2025-09-02T17:07:05.572Z] 91554406: QmcQG5Hi7txTJRnQtQsbRhsaPCSE63gBwpirtiuebjw9H6
[STDOUT 2025-09-02T17:07:07.373Z] [Migration] Processing flash_id: 91554411, downloading from: https://invader-flashes.s3.amazonaws.com/media/queries/2025/07/29/q/qiA9kcpd.jpg
[STDOUT 2025-09-02T17:07:07.511Z] [Migration] Downloaded from S3: https://invader-flashes.s3.amazonaws.com/media/queries/2025/07/29/q/qiA9kcpd.jpg
[STDOUT 2025-09-02T17:07:08.313Z] 91554411: QmeeNP6yDmRBKy4V2mpFyS7Ztb8igZYyPquqLgw6s7Yjtd
[STDOUT 2025-09-02T17:07:10.112Z] [Migration] Processing flash_id: 91554413, downloading from: https://invader-flashes.s3.amazonaws.com/media/queries/2025/07/29/2/2EFiMPOR.jpg
[STDOUT 2025-09-02T17:07:10.312Z] [Migration] Downloaded from S3: https://invader-flashes.s3.amazonaws.com/media/queries/2025/07/29/2/2EFiMPOR.jpg
[STDOUT 2025-09-02T17:07:11.090Z] 91554413: QmZovRAQ4nvYzu715QXFsqmbkkofxsmtiGkuAmt7etJDiv
[STDOUT 2025-09-02T17:07:12.893Z] [Migration] Processing flash_id: 91554417, downloading from: https://invader-flashes.s3.amazonaws.com/media/queries/2025/07/29/H/HkpYvKzT.jpg
[STDOUT 2025-09-02T17:07:13.107Z] [Migration] Downloaded from S3: https://invader-flashes.s3.amazonaws.com/media/queries/2025/07/29/H/HkpYvKzT.jpg
[STDOUT 2025-09-02T17:07:13.699Z] 91554417: QmaiuGJpjRnfqASEAijVJDmRubp7kgcrAPzaqUG6CzcRoR
[STDOUT 2025-09-02T17:07:15.501Z] [Migration] Processing flash_id: 91554418, downloading from: https://invader-flashes.s3.amazonaws.com/media/queries/2025/07/29/p/pIUyUbwb.jpg
[STDOUT 2025-09-02T17:07:15.647Z] [Migration] Downloaded from S3: https://invader-flashes.s3.amazonaws.com/media/queries/2025/07/29/p/pIUyUbwb.jpg
[STDOUT 2025-09-02T17:07:16.189Z] 91554418: QmYF8TKsxUhaWFst8AdrrjR1zhK8vhQEREPMduSndfADnX
[STDOUT 2025-09-02T17:07:17.993Z] [Migration] Processing flash_id: 91554423, downloading from: https://invader-flashes.s3.amazonaws.com/media/queries/2025/07/29/9/9vZqJoZP.jpg
[STDOUT 2025-09-02T17:07:18.164Z] [Migration] Downloaded from S3: https://invader-flashes.s3.amazonaws.com/media/queries/2025/07/29/9/9vZqJoZP.jpg
[STDOUT 2025-09-02T17:07:18.773Z] 91554423: QmdF3bTpE16Sy8bFkz34Ycw3he1JcNYQRC1c1DBVtKyU2F
[STDOUT 2025-09-02T17:07:20.576Z] [Migration] Processing flash_id: 91554426, downloading from: https://invader-flashes.s3.amazonaws.com/media/queries/2025/07/29/B/B1oN1GcF.jpg
[STDOUT 2025-09-02T17:07:20.756Z] [Migration] Downloaded from S3: https://invader-flashes.s3.amazonaws.com/media/queries/2025/07/29/B/B1oN1GcF.jpg
[STDOUT 2025-09-02T17:07:21.470Z] 91554426: QmPPvtVMjY7uPR6j9BYZQPnVJ7Ux22uMMetkSP5KXVTfRL
[STDOUT 2025-09-02T17:07:23.273Z] [Migration] Processing flash_id: 91554427, downloading from: https://invader-flashes.s3.amazonaws.com/media/queries/2025/07/29/C/CG9JjP2i.jpg
[STDOUT 2025-09-02T17:07:23.390Z] [Migration] Downloaded from S3: https://invader-flashes.s3.amazonaws.com/media/queries/2025/07/29/C/CG9JjP2i.jpg
[STDOUT 2025-09-02T17:07:23.919Z] 91554427: QmSehiwnniJ48L5v25rBjQXwKxqVn3uDu9cheXWCKauQbF
[STDOUT 2025-09-02T17:07:25.725Z] [Migration] Processing flash_id: 91554431, downloading from: https://invader-flashes.s3.amazonaws.com/media/queries/2025/07/29/M/MLPlO0Yz.jpg
[STDOUT 2025-09-02T17:07:25.857Z] [Migration] Downloaded from S3: https://invader-flashes.s3.amazonaws.com/media/queries/2025/07/29/M/MLPlO0Yz.jpg
[STDOUT 2025-09-02T17:07:26.549Z] 91554431: QmZv9bkBSe8jQU7i6GUAuGN4gJRczpuwvMbCeDXQNtNVBc
[STDOUT 2025-09-02T17:07:28.353Z] [Migration] Processing flash_id: 91554435, downloading from: https://invader-flashes.s3.amazonaws.com/media/queries/2025/07/29/2/2RCEMEsl.jpg
[STDOUT 2025-09-02T17:07:28.518Z] [Migration] Downloaded from S3: https://invader-flashes.s3.amazonaws.com/media/queries/2025/07/29/2/2RCEMEsl.jpg
[STDOUT 2025-09-02T17:07:29.124Z] 91554435: QmRChWR8ougdE8LZvnS7y9DeVXtkmwLS5U34J5LSK4Wz2G
[STDOUT 2025-09-02T17:07:30.926Z] [Migration] Processing flash_id: 91554436, downloading from: https://invader-flashes.s3.amazonaws.com/media/queries/2025/07/29/6/6Fb0QqaT.jpg
[STDOUT 2025-09-02T17:07:31.057Z] [Migration] Downloaded from S3: https://invader-flashes.s3.amazonaws.com/media/queries/2025/07/29/6/6Fb0QqaT.jpg
[STDOUT 2025-09-02T17:07:31.676Z] 91554436: QmQXskNng5zFXSqfoHdBZvWrptDyMqzXUadzgn34PzZyno
[STDOUT 2025-09-02T17:07:33.478Z] [Migration] Processing flash_id: 91554443, downloading from: https://invader-flashes.s3.amazonaws.com/media/queries/2025/07/29/b/bGxVaduN.jpg
[STDOUT 2025-09-02T17:07:33.606Z] [Migration] Downloaded from S3: https://invader-flashes.s3.amazonaws.com/media/queries/2025/07/29/b/bGxVaduN.jpg
[STDOUT 2025-09-02T17:07:34.232Z] 91554443: QmTEY6cnH6MTBwZNqcM1Zv8wwt5QeeEGpzFPWsAtZViBYV
[STDOUT 2025-09-02T17:07:36.034Z] [Migration] Processing flash_id: 91554448, downloading from: https://invader-flashes.s3.amazonaws.com/media/queries/2025/07/29/A/Av9FP0QU.jpg
[STDOUT 2025-09-02T17:07:36.174Z] [Migration] Downloaded from S3: https://invader-flashes.s3.amazonaws.com/media/queries/2025/07/29/A/Av9FP0QU.jpg
[STDOUT 2025-09-02T17:07:37.671Z] 91554448: QmdWTYvWy4swoKeRxvEL4nb48oZm2juNyzz5LMoVxp55yE
[STDOUT 2025-09-02T17:07:39.474Z] [Migration] Processing flash_id: 91554456, downloading from: https://invader-flashes.s3.amazonaws.com/media/queries/2025/07/29/m/m2a4OPT8.jpg
[STDOUT 2025-09-02T17:07:39.699Z] [Migration] Downloaded from S3: https://invader-flashes.s3.amazonaws.com/media/queries/2025/07/29/m/m2a4OPT8.jpg
[STDOUT 2025-09-02T17:07:40.355Z] 91554456: QmTpypQxZX9wzGkHv2fJzkBVBvnjLijpDYwgZr4igFT8wB
[STDOUT 2025-09-02T17:07:42.157Z] [Migration] Processing flash_id: 91554466, downloading from: https://invader-flashes.s3.amazonaws.com/media/queries/2025/07/29/g/gQOY1OaO.jpg
[STDOUT 2025-09-02T17:07:42.298Z] [Migration] Downloaded from S3: https://invader-flashes.s3.amazonaws.com/media/queries/2025/07/29/g/gQOY1OaO.jpg
[STDOUT 2025-09-02T17:07:42.777Z] 91554466: QmNtr8ffyb5K53ZzJRpANdzZtiHYMDDkUK5Za8zrt8wiXi
[STDOUT 2025-09-02T17:07:44.581Z] [Migration] Processing flash_id: 91554468, downloading from: https://invader-flashes.s3.amazonaws.com/media/queries/2025/07/29/w/wpgjtvfk.jpg
[STDOUT 2025-09-02T17:07:44.701Z] [Migration] Downloaded from S3: https://invader-flashes.s3.amazonaws.com/media/queries/2025/07/29/w/wpgjtvfk.jpg
[STDOUT 2025-09-02T17:07:45.289Z] 91554468: QmU5Y9exfv6D3jnx89mx7PYkJCoBtgw8bdWsLQjAMh4GfE
[STDOUT 2025-09-02T17:07:47.092Z] [Migration] Processing flash_id: 91554471, downloading from: https://invader-flashes.s3.amazonaws.com/media/queries/2025/07/29/1/1xXsfWTp.jpg
[STDOUT 2025-09-02T17:07:47.250Z] [Migration] Downloaded from S3: https://invader-flashes.s3.amazonaws.com/media/queries/2025/07/29/1/1xXsfWTp.jpg
[STDOUT 2025-09-02T17:07:47.816Z] 91554471: QmPes5aZUKowB6aPCqQdM4PsF4izod7VewHwg1cbxZSPAe
[STDOUT 2025-09-02T17:07:49.619Z] [Migration] Processing flash_id: 91554473, downloading from: https://invader-flashes.s3.amazonaws.com/media/queries/2025/07/29/B/BS9XLOEk.jpg
[STDOUT 2025-09-02T17:07:49.820Z] [Migration] Downloaded from S3: https://invader-flashes.s3.amazonaws.com/media/queries/2025/07/29/B/BS9XLOEk.jpg
[STDOUT 2025-09-02T17:07:50.383Z] 91554473: QmWKkhDi371RNGoPdH7juSEAKAD8bDtf3iBZveUWX4ybZ7
[STDOUT 2025-09-02T17:07:52.186Z] [Migration] Processing flash_id: 91554474, downloading from: https://invader-flashes.s3.amazonaws.com/media/queries/2025/07/29/8/84qVJRDo.jpg
[STDOUT 2025-09-02T17:07:52.352Z] [Migration] Downloaded from S3: https://invader-flashes.s3.amazonaws.com/media/queries/2025/07/29/8/84qVJRDo.jpg
[STDOUT 2025-09-02T17:07:52.995Z] 91554474: QmYUGYMJ7PmCsdPeWkQqoNFnYEUhypApc6mpUhbNfDQvFK
[STDOUT 2025-09-02T17:07:54.799Z] [Migration] Processing flash_id: 91554478, downloading from: https://invader-flashes.s3.amazonaws.com/media/queries/2025/07/29/9/9a7fbJ6T.jpg
[STDOUT 2025-09-02T17:07:54.915Z] [Migration] Downloaded from S3: https://invader-flashes.s3.amazonaws.com/media/queries/2025/07/29/9/9a7fbJ6T.jpg
[STDOUT 2025-09-02T17:07:55.694Z] 91554478: QmaMbYqdpZbeau4cmqQBpHcNML3LmDaD3GQgZJm95arMuV
[STDOUT 2025-09-02T17:07:57.498Z] [Migration] Processing flash_id: 91554482, downloading from: https://invader-flashes.s3.amazonaws.com/media/queries/2025/07/29/B/BNmOanpE.jpg
[STDOUT 2025-09-02T17:07:57.640Z] [Migration] Downloaded from S3: https://invader-flashes.s3.amazonaws.com/media/queries/2025/07/29/B/BNmOanpE.jpg
[STDOUT 2025-09-02T17:07:58.181Z] 91554482: QmPhpQyJeGPHStwcfgQSMaieaqnYRSaHVreAxLtzBKQU1P
[STDOUT 2025-09-02T17:07:59.983Z] [Migration] Processing flash_id: 91554483, downloading from: https://invader-flashes.s3.amazonaws.com/media/queries/2025/07/29/B/BBlAUXyg.jpg
[STDOUT 2025-09-02T17:08:00.175Z] [Migration] Downloaded from S3: https://invader-flashes.s3.amazonaws.com/media/queries/2025/07/29/B/BBlAUXyg.jpg
[STDOUT 2025-09-02T17:08:00.955Z] 91554483: Qmd5DktbU8t25kdLP3NNBA9YYn27y6s1BmMZeMe5ix5U81
[STDOUT 2025-09-02T17:08:02.756Z] [Migration] Processing flash_id: 91554488, downloading from: https://invader-flashes.s3.amazonaws.com/media/queries/2025/07/29/8/8RBKfjuw.jpg
[STDOUT 2025-09-02T17:08:02.955Z] [Migration] Downloaded from S3: https://invader-flashes.s3.amazonaws.com/media/queries/2025/07/29/8/8RBKfjuw.jpg
[STDOUT 2025-09-02T17:08:03.645Z] 91554488: QmTFBSQvtYzkVtNKAgKUoGs9cxsVQQQnsp2qDcTXN2w57P
[STDOUT 2025-09-02T17:08:05.447Z] [Migration] Processing flash_id: 91554489, downloading from: https://invader-flashes.s3.amazonaws.com/media/queries/2025/07/29/f/fGKXj4il.jpg
[STDOUT 2025-09-02T17:08:05.611Z] [Migration] Downloaded from S3: https://invader-flashes.s3.amazonaws.com/media/queries/2025/07/29/f/fGKXj4il.jpg
[STDOUT 2025-09-02T17:08:06.275Z] 91554489: QmT2T1YVNgK4VdUPRzfnqfMRgBiB9dyKugDfBnP86UfV9A
[STDOUT 2025-09-02T17:08:08.076Z] [Migration] Processing flash_id: 91554490, downloading from: https://invader-flashes.s3.amazonaws.com/media/queries/2025/07/29/T/TRLvGTGk.jpg
[STDOUT 2025-09-02T17:08:08.201Z] [Migration] Downloaded from S3: https://invader-flashes.s3.amazonaws.com/media/queries/2025/07/29/T/TRLvGTGk.jpg
[STDOUT 2025-09-02T17:08:08.843Z] 91554490: QmWHXnYdnY4pobs1Sxy3cWUMaDv3SDLF6To15v9BeDPELG
[STDOUT 2025-09-02T17:08:10.644Z] [Migration] Processing flash_id: 91554491, downloading from: https://invader-flashes.s3.amazonaws.com/media/queries/2025/07/29/f/fo7K0YRm.jpg
[STDOUT 2025-09-02T17:08:10.798Z] [Migration] Downloaded from S3: https://invader-flashes.s3.amazonaws.com/media/queries/2025/07/29/f/fo7K0YRm.jpg
[STDOUT 2025-09-02T17:08:12.301Z] 91554491: Qma6BtkPMzH6rftcNMuHN2Gj86vcgxMi7kopbLUbSgR14H
[STDOUT 2025-09-02T17:08:14.102Z] [Migration] Processing flash_id: 91554503, downloading from: https://invader-flashes.s3.amazonaws.com/media/queries/2025/07/29/A/AuPXRFda.jpg
[STDOUT 2025-09-02T17:08:14.300Z] [Migration] Downloaded from S3: https://invader-flashes.s3.amazonaws.com/media/queries/2025/07/29/A/AuPXRFda.jpg
[STDOUT 2025-09-02T17:08:14.881Z] 91554503: QmUhRVTdQz2TeK2khSDBXD7Csr7FCZ9WqKvHTxfWMRAbDE
[STDOUT 2025-09-02T17:08:16.683Z] [Migration] Processing flash_id: 91554504, downloading from: https://invader-flashes.s3.amazonaws.com/media/queries/2025/07/29/c/c3iSe8Kr.jpg
[STDOUT 2025-09-02T17:08:16.825Z] [Migration] Downloaded from S3: https://invader-flashes.s3.amazonaws.com/media/queries/2025/07/29/c/c3iSe8Kr.jpg
[STDOUT 2025-09-02T17:08:17.431Z] 91554504: QmNn1UkAAjPtG2bR5aWUBpUyDv7qgDVzK2q4Lw5LF86xuE
[STDOUT 2025-09-02T17:08:19.234Z] [Migration] Processing flash_id: 91554508, downloading from: https://invader-flashes.s3.amazonaws.com/media/queries/2025/07/29/r/rlcyYv7r.jpg
[STDOUT 2025-09-02T17:08:19.349Z] [Migration] Downloaded from S3: https://invader-flashes.s3.amazonaws.com/media/queries/2025/07/29/r/rlcyYv7r.jpg
[STDOUT 2025-09-02T17:08:20.621Z] 91554508: QmVm7BM9LsrJsM3PTA7t4VvkgqGCjeRS3HxFU2qdhiG69m
[STDOUT 2025-09-02T17:08:22.425Z] [Migration] Processing flash_id: 91554509, downloading from: https://invader-flashes.s3.amazonaws.com/media/queries/2025/07/29/G/G7ACDCME.jpg
[STDOUT 2025-09-02T17:08:22.590Z] [Migration] Downloaded from S3: https://invader-flashes.s3.amazonaws.com/media/queries/2025/07/29/G/G7ACDCME.jpg
[STDOUT 2025-09-02T17:08:23.265Z] 91554509: QmNM1ux9oWBSDTXNP63yGkDvWT4v5fHbdScGBwr51XLCY3
[STDOUT 2025-09-02T17:08:25.067Z] [Migration] Processing flash_id: 91554513, downloading from: https://invader-flashes.s3.amazonaws.com/media/queries/2025/07/29/j/j4ApqxFd.jpg
[STDOUT 2025-09-02T17:08:25.238Z] [Migration] Downloaded from S3: https://invader-flashes.s3.amazonaws.com/media/queries/2025/07/29/j/j4ApqxFd.jpg
[STDOUT 2025-09-02T17:08:26.120Z] 91554513: QmPeQqd2TPJwJPJmpR4V5Z8NvAmmBx9NxquWimbvQxgiRp
[STDOUT 2025-09-02T17:08:31.618Z] [Migration] Processing flash_id: 91555940, downloading from: https://invader-flashes.s3.amazonaws.com/media/queries/2025/07/29/J/JekR0iAh.jpg
[STDOUT 2025-09-02T17:08:32.070Z] [Migration] Downloaded from S3: https://invader-flashes.s3.amazonaws.com/media/queries/2025/07/29/J/JekR0iAh.jpg
[STDOUT 2025-09-02T17:08:32.774Z] 91555940: QmURkGjc6vH1XZAJTJMkoXEBdUqVJa813D9huWLopywY32
[STDOUT 2025-09-02T17:08:34.578Z] [Migration] Processing flash_id: 91555941, downloading from: https://invader-flashes.s3.amazonaws.com/media/queries/2025/07/29/T/TXfqFZjU.jpg
[STDOUT 2025-09-02T17:08:34.787Z] [Migration] Downloaded from S3: https://invader-flashes.s3.amazonaws.com/media/queries/2025/07/29/T/TXfqFZjU.jpg
[STDOUT 2025-09-02T17:08:35.394Z] 91555941: QmWFsPWGQCtcAaKCKgqGpQE6ETmYeLDVJQZrG8BsA6g99S
[STDOUT 2025-09-02T17:08:37.195Z] [Migration] Processing flash_id: 91555943, downloading from: https://invader-flashes.s3.amazonaws.com/media/queries/2025/07/29/R/RkT4Ss1V.jpg
[STDOUT 2025-09-02T17:08:37.327Z] [Migration] Downloaded from S3: https://invader-flashes.s3.amazonaws.com/media/queries/2025/07/29/R/RkT4Ss1V.jpg
[STDOUT 2025-09-02T17:08:37.847Z] 91555943: QmeUcnSVL2pBcnwMo73L151wbR6MWLAV5EFsLcPiZRNYB5
[STDOUT 2025-09-02T17:08:39.650Z] [Migration] Processing flash_id: 91555944, downloading from: https://invader-flashes.s3.amazonaws.com/media/queries/2025/07/29/f/f0DwRF9k.jpg
[STDOUT 2025-09-02T17:08:39.757Z] [Migration] Downloaded from S3: https://invader-flashes.s3.amazonaws.com/media/queries/2025/07/29/f/f0DwRF9k.jpg
[STDOUT 2025-09-02T17:08:40.534Z] 91555944: QmeivWyt9MDqLUyxFh5HLWK9DwXU8EgL7tRhTBk7zJshGh
[STDOUT 2025-09-02T17:08:42.337Z] [Migration] Processing flash_id: 91555945, downloading from: https://invader-flashes.s3.amazonaws.com/media/queries/2025/07/29/Q/QhEIlrNq.jpg
[STDOUT 2025-09-02T17:08:42.503Z] [Migration] Downloaded from S3: https://invader-flashes.s3.amazonaws.com/media/queries/2025/07/29/Q/QhEIlrNq.jpg
[STDOUT 2025-09-02T17:08:43.101Z] 91555945: QmWcFMcX1XX77xGBnjAXiKSfJkPzgLVyFTqQe35nwASG32
[STDOUT 2025-09-02T17:08:44.902Z] [Migration] Processing flash_id: 91555947, downloading from: https://invader-flashes.s3.amazonaws.com/media/queries/2025/07/29/N/NUAK1YwH.jpg
[STDOUT 2025-09-02T17:08:45.014Z] [Migration] Downloaded from S3: https://invader-flashes.s3.amazonaws.com/media/queries/2025/07/29/N/NUAK1YwH.jpg
[STDOUT 2025-09-02T17:08:45.590Z] 91555947: QmP37pqaHyBk9u58PhE3PyZzN5nQAMvsSnGrwVGD45ukC3
[STDOUT 2025-09-02T17:08:47.393Z] [Migration] Processing flash_id: 91555948, downloading from: https://invader-flashes.s3.amazonaws.com/media/queries/2025/07/29/c/cesaxf6w.jpg
[STDOUT 2025-09-02T17:08:47.531Z] [Migration] Downloaded from S3: https://invader-flashes.s3.amazonaws.com/media/queries/2025/07/29/c/cesaxf6w.jpg
[STDOUT 2025-09-02T17:08:48.057Z] 91555948: QmaaQn57rBXgwedpxxJF8232Bt7mPo6bWGKaQTQj3Rqhau
[STDOUT 2025-09-02T17:08:49.861Z] [Migration] Processing flash_id: 91555952, downloading from: https://invader-flashes.s3.amazonaws.com/media/queries/2025/07/29/r/rnoLQY08.jpg
[STDOUT 2025-09-02T17:08:50.048Z] [Migration] Downloaded from S3: https://invader-flashes.s3.amazonaws.com/media/queries/2025/07/29/r/rnoLQY08.jpg
[STDOUT 2025-09-02T17:08:50.664Z] 91555952: QmSoHaYi3YEuHHHhhjjcyJd8n9vjPCQcFmkanm9GKkAs8i
[STDOUT 2025-09-02T17:08:52.467Z] [Migration] Processing flash_id: 91555953, downloading from: https://invader-flashes.s3.amazonaws.com/media/queries/2025/07/29/6/6nCtLXJs.jpg
[STDOUT 2025-09-02T17:08:52.632Z] [Migration] Downloaded from S3: https://invader-flashes.s3.amazonaws.com/media/queries/2025/07/29/6/6nCtLXJs.jpg
[STDOUT 2025-09-02T17:08:53.182Z] 91555953: QmdJT3qLDQDBCEhqYc2t1r8cNH2gVdDtwZxpoSEAvfFSeX
[STDOUT 2025-09-02T17:08:54.985Z] [Migration] Processing flash_id: 91555958, downloading from: https://invader-flashes.s3.amazonaws.com/media/queries/2025/07/29/c/cZgbukZu.jpg
[STDOUT 2025-09-02T17:08:55.136Z] [Migration] Downloaded from S3: https://invader-flashes.s3.amazonaws.com/media/queries/2025/07/29/c/cZgbukZu.jpg
[STDOUT 2025-09-02T17:08:56.325Z] 91555958: QmTbRddeW1sHw9KztFdMCrSjscC2CfeqLg9o3SmAG7bmpy
[STDOUT 2025-09-02T17:08:58.129Z] [Migration] Processing flash_id: 91555959, downloading from: https://invader-flashes.s3.amazonaws.com/media/queries/2025/07/29/d/dHJxqV86.jpg
[STDOUT 2025-09-02T17:08:58.294Z] [Migration] Downloaded from S3: https://invader-flashes.s3.amazonaws.com/media/queries/2025/07/29/d/dHJxqV86.jpg
[STDOUT 2025-09-02T17:08:58.897Z] 91555959: QmW5hYjzucHT8GR7UQvLnX3FVbHMMfxyqeQ2brMDxdEHHo
[STDOUT 2025-09-02T17:09:00.700Z] [Migration] Processing flash_id: 91555960, downloading from: https://invader-flashes.s3.amazonaws.com/media/queries/2025/07/29/G/GFyz4HYo.jpg
[STDOUT 2025-09-02T17:09:00.845Z] [Migration] Downloaded from S3: https://invader-flashes.s3.amazonaws.com/media/queries/2025/07/29/G/GFyz4HYo.jpg
[STDOUT 2025-09-02T17:09:01.632Z] 91555960: Qmeazk5V1TJBkdaCBi7xGHnoxTnMHpaZV6WYi5pKyrQd84
[STDOUT 2025-09-02T17:09:03.435Z] [Migration] Processing flash_id: 91555961, downloading from: https://invader-flashes.s3.amazonaws.com/media/queries/2025/07/29/0/0Mm5UlMV.jpg
[STDOUT 2025-09-02T17:09:03.599Z] [Migration] Downloaded from S3: https://invader-flashes.s3.amazonaws.com/media/queries/2025/07/29/0/0Mm5UlMV.jpg
[STDOUT 2025-09-02T17:09:04.132Z] 91555961: QmSXGP679ErGPM23vGngBbvnSDJzRtEibCid1HtRwNRRRo
[STDOUT 2025-09-02T17:09:05.936Z] [Migration] Processing flash_id: 91555962, downloading from: https://invader-flashes.s3.amazonaws.com/media/queries/2025/07/29/T/Tn9VJrUz.jpg
[STDOUT 2025-09-02T17:09:06.164Z] [Migration] Downloaded from S3: https://invader-flashes.s3.amazonaws.com/media/queries/2025/07/29/T/Tn9VJrUz.jpg
[STDOUT 2025-09-02T17:09:06.860Z] 91555962: QmQiZKwy7bajwvSohms47JY6bwa2BXBY1ZGEHWiUoTSXYt
[STDOUT 2025-09-02T17:09:08.661Z] [Migration] Processing flash_id: 91555963, downloading from: https://invader-flashes.s3.amazonaws.com/media/queries/2025/07/29/g/glhwDhSC.jpg
[STDOUT 2025-09-02T17:09:08.777Z] [Migration] Downloaded from S3: https://invader-flashes.s3.amazonaws.com/media/queries/2025/07/29/g/glhwDhSC.jpg
[STDOUT 2025-09-02T17:09:09.417Z] 91555963: Qmefe1EF1UnEnSBjTx47nSikb4BCcToqQfZVr77nGtgkHw
[STDOUT 2025-09-02T17:09:11.217Z] [Migration] Processing flash_id: 91555965, downloading from: https://invader-flashes.s3.amazonaws.com/media/queries/2025/07/29/d/dqP9OBdt.jpg
[STDOUT 2025-09-02T17:09:11.393Z] [Migration] Downloaded from S3: https://invader-flashes.s3.amazonaws.com/media/queries/2025/07/29/d/dqP9OBdt.jpg
[STDOUT 2025-09-02T17:09:12.013Z] 91555965: QmaW81ctWetajVRhxWhXGjkCrSFchr16oy2oZpmWjDYRB9
[STDOUT 2025-09-02T17:09:13.813Z] [Migration] Processing flash_id: 91555967, downloading from: https://invader-flashes.s3.amazonaws.com/media/queries/2025/07/29/A/AjG7JQIq.jpg
[STDOUT 2025-09-02T17:09:13.996Z] [Migration] Downloaded from S3: https://invader-flashes.s3.amazonaws.com/media/queries/2025/07/29/A/AjG7JQIq.jpg
[STDOUT 2025-09-02T17:09:14.555Z] 91555967: QmYuh2WyBomWfa6RW4WimywH9XdC1f2PSZzQiTciHaYyhV
[STDOUT 2025-09-02T17:09:16.357Z] [Migration] Processing flash_id: 91555968, downloading from: https://invader-flashes.s3.amazonaws.com/media/queries/2025/07/29/t/tLM5oPok.jpg
[STDOUT 2025-09-02T17:09:16.467Z] [Migration] Downloaded from S3: https://invader-flashes.s3.amazonaws.com/media/queries/2025/07/29/t/tLM5oPok.jpg
[STDOUT 2025-09-02T17:09:17.052Z] 91555968: QmcU6fdE3cjFz5R31a1hMes3DQE6Zfg1PmnrYAgVsbURjy
[STDOUT 2025-09-02T17:09:18.854Z] [Migration] Processing flash_id: 91555969, downloading from: https://invader-flashes.s3.amazonaws.com/media/queries/2025/07/29/i/iXqlJMyf.jpg
[STDOUT 2025-09-02T17:09:19.030Z] [Migration] Downloaded from S3: https://invader-flashes.s3.amazonaws.com/media/queries/2025/07/29/i/iXqlJMyf.jpg
[STDOUT 2025-09-02T17:09:19.914Z] 91555969: QmQWaPbdLJsdmHy5QUqZYP2Hdhr1irwjCX2r8z9vodToP7
[STDOUT 2025-09-02T17:09:21.717Z] [Migration] Processing flash_id: 91555970, downloading from: https://invader-flashes.s3.amazonaws.com/media/queries/2025/07/29/i/i5ssUqBW.jpg
[STDOUT 2025-09-02T17:09:21.847Z] [Migration] Downloaded from S3: https://invader-flashes.s3.amazonaws.com/media/queries/2025/07/29/i/i5ssUqBW.jpg
[STDOUT 2025-09-02T17:09:22.501Z] 91555970: QmbiFbBfSLbN7CVaK6kiCTwKPr6DgYsvUmQrmRxr2tXbiv
[STDOUT 2025-09-02T17:09:24.302Z] [Migration] Processing flash_id: 91555971, downloading from: https://invader-flashes.s3.amazonaws.com/media/queries/2025/07/29/P/PZSDnp6E.jpg
[STDOUT 2025-09-02T17:09:24.466Z] [Migration] Downloaded from S3: https://invader-flashes.s3.amazonaws.com/media/queries/2025/07/29/P/PZSDnp6E.jpg
[STDOUT 2025-09-02T17:09:25.130Z] 91555971: QmYzHpG8awvhCM1NXeErmmGHhcFhrcYVjp9fjY8wGbEA83
[STDOUT 2025-09-02T17:09:26.931Z] [Migration] Processing flash_id: 91555972, downloading from: https://invader-flashes.s3.amazonaws.com/media/queries/2025/07/29/U/UnOMaMsr.jpg
[STDOUT 2025-09-02T17:09:27.075Z] [Migration] Downloaded from S3: https://invader-flashes.s3.amazonaws.com/media/queries/2025/07/29/U/UnOMaMsr.jpg
[STDOUT 2025-09-02T17:09:27.684Z] 91555972: QmQWZsMpjzb3ry7wP1eFxx7kg2rqwwTDtfxNkqAvUcRKtG
[STDOUT 2025-09-02T17:09:29.484Z] [Migration] Processing flash_id: 91555977, downloading from: https://invader-flashes.s3.amazonaws.com/media/queries/2025/07/29/7/7ykpUtDP.jpg
[STDOUT 2025-09-02T17:09:29.614Z] [Migration] Downloaded from S3: https://invader-flashes.s3.amazonaws.com/media/queries/2025/07/29/7/7ykpUtDP.jpg
[STDOUT 2025-09-02T17:09:30.549Z] 91555977: QmNQh8SQbYBCDQ9XP4qdBDeqBst3iWgG5MQrCvEgzp3fyF
[STDOUT 2025-09-02T17:09:32.350Z] [Migration] Processing flash_id: 91555978, downloading from: https://invader-flashes.s3.amazonaws.com/media/queries/2025/07/29/I/IeSDApCX.jpg
[STDOUT 2025-09-02T17:09:32.514Z] [Migration] Downloaded from S3: https://invader-flashes.s3.amazonaws.com/media/queries/2025/07/29/I/IeSDApCX.jpg
[STDOUT 2025-09-02T17:09:33.245Z] 91555978: QmdW9aUGVCo8hHfDPzByuTKwY63BhzBoi3fkMmACqaQtuy
[STDOUT 2025-09-02T17:09:35.045Z] [Migration] Processing flash_id: 91555981, downloading from: https://invader-flashes.s3.amazonaws.com/media/queries/2025/07/29/6/6yl7a1MC.jpg
[STDOUT 2025-09-02T17:09:35.169Z] [Migration] Downloaded from S3: https://invader-flashes.s3.amazonaws.com/media/queries/2025/07/29/6/6yl7a1MC.jpg
[STDOUT 2025-09-02T17:09:35.944Z] 91555981: QmQthRBKLveYu38YnGp9qD6XZa9VhVxcJt9G8oeMrbdFwR
[STDOUT 2025-09-02T17:09:37.745Z] [Migration] Processing flash_id: 91555982, downloading from: https://invader-flashes.s3.amazonaws.com/media/queries/2025/07/29/0/0jHuBMlC.jpg
[STDOUT 2025-09-02T17:09:37.882Z] [Migration] Downloaded from S3: https://invader-flashes.s3.amazonaws.com/media/queries/2025/07/29/0/0jHuBMlC.jpg
[STDOUT 2025-09-02T17:09:38.535Z] 91555982: QmNhmn9Gxtjg4ddzVrWwAtPEGjNeZHFEmMEk3ZkEY1QBiK
[STDOUT 2025-09-02T17:09:40.336Z] [Migration] Processing flash_id: 91555983, downloading from: https://invader-flashes.s3.amazonaws.com/media/queries/2025/07/29/U/UiPKXP5v.jpg
[STDOUT 2025-09-02T17:09:40.489Z] [Migration] Downloaded from S3: https://invader-flashes.s3.amazonaws.com/media/queries/2025/07/29/U/UiPKXP5v.jpg
[STDOUT 2025-09-02T17:09:41.121Z] 91555983: QmUjYfXwPF6Sz7cGRfbSMuY735JbBWLinYifLz22cNkRdJ
[STDOUT 2025-09-02T17:09:42.921Z] [Migration] Processing flash_id: 91555984, downloading from: https://invader-flashes.s3.amazonaws.com/media/queries/2025/07/29/C/CL3Nj2TM.jpg
[STDOUT 2025-09-02T17:09:43.034Z] [Migration] Downloaded from S3: https://invader-flashes.s3.amazonaws.com/media/queries/2025/07/29/C/CL3Nj2TM.jpg
[STDOUT 2025-09-02T17:09:43.695Z] 91555984: Qmc1ucW1D1QQUmoNyD6Tfp2TFWDmmU9zpsUNCYomdRZEfM
[STDOUT 2025-09-02T17:09:45.495Z] [Migration] Processing flash_id: 91555985, downloading from: https://invader-flashes.s3.amazonaws.com/media/queries/2025/07/29/A/A7jjPTmH.jpg
[STDOUT 2025-09-02T17:09:45.702Z] [Migration] Downloaded from S3: https://invader-flashes.s3.amazonaws.com/media/queries/2025/07/29/A/A7jjPTmH.jpg
[STDOUT 2025-09-02T17:09:46.400Z] 91555985: QmVk8sDztcLPyJyuEirrYKjvhQT569gpNmm8DuU6aVzhXa
[STDOUT 2025-09-02T17:09:48.201Z] [Migration] Processing flash_id: 91555986, downloading from: https://invader-flashes.s3.amazonaws.com/media/queries/2025/07/29/n/nFLqlm6q.jpg
[STDOUT 2025-09-02T17:09:48.363Z] [Migration] Downloaded from S3: https://invader-flashes.s3.amazonaws.com/media/queries/2025/07/29/n/nFLqlm6q.jpg
[STDOUT 2025-09-02T17:09:48.877Z] 91555986: QmQr28v7WR5SKAEdNikJSQK5qwiCkhQDdQh4FZWvZxLVve
[STDOUT 2025-09-02T17:09:50.682Z] [Migration] Processing flash_id: 91555987, downloading from: https://invader-flashes.s3.amazonaws.com/media/queries/2025/07/29/q/qlt0N9bk.jpg
[STDOUT 2025-09-02T17:09:50.813Z] [Migration] Downloaded from S3: https://invader-flashes.s3.amazonaws.com/media/queries/2025/07/29/q/qlt0N9bk.jpg
[STDOUT 2025-09-02T17:09:51.441Z] 91555987: QmNMujjD15SrAxChmSaE8GaQf74G7xtXaM4jL5zDJ3JLf6
[STDOUT 2025-09-02T17:09:53.243Z] [Migration] Processing flash_id: 91555988, downloading from: https://invader-flashes.s3.amazonaws.com/media/queries/2025/07/29/L/LHBvFV23.jpg
[STDOUT 2025-09-02T17:09:53.397Z] [Migration] Downloaded from S3: https://invader-flashes.s3.amazonaws.com/media/queries/2025/07/29/L/LHBvFV23.jpg
[STDOUT 2025-09-02T17:09:53.996Z] 91555988: QmaArrZHZuXqXDkXdGD2G2TA9bziKNCd9u2cgeGV8gvnV5
[STDOUT 2025-09-02T17:09:55.799Z] [Migration] Processing flash_id: 91555989, downloading from: https://invader-flashes.s3.amazonaws.com/media/queries/2025/07/29/L/LCoefF7Z.jpg
[STDOUT 2025-09-02T17:09:55.923Z] [Migration] Downloaded from S3: https://invader-flashes.s3.amazonaws.com/media/queries/2025/07/29/L/LCoefF7Z.jpg
[STDOUT 2025-09-02T17:09:56.522Z] 91555989: QmXMHPQBKtNynUkHwauhggoeBN5vtxaqfrgJCtKpmPEA57
[STDOUT 2025-09-02T17:09:58.324Z] [Migration] Processing flash_id: 91555990, downloading from: https://invader-flashes.s3.amazonaws.com/media/queries/2025/07/29/r/rmOYUnKV.jpg
[STDOUT 2025-09-02T17:09:58.520Z] [Migration] Downloaded from S3: https://invader-flashes.s3.amazonaws.com/media/queries/2025/07/29/r/rmOYUnKV.jpg
[STDOUT 2025-09-02T17:09:59.132Z] 91555990: QmZHqkbgUNcH1JRMw44XR3ksFZCC4A4kDKaworrz9aisyg
[STDOUT 2025-09-02T17:10:00.935Z] [Migration] Processing flash_id: 91555991, downloading from: https://invader-flashes.s3.amazonaws.com/media/queries/2025/07/29/q/qGHbrgBe.jpg
[STDOUT 2025-09-02T17:10:01.109Z] [Migration] Downloaded from S3: https://invader-flashes.s3.amazonaws.com/media/queries/2025/07/29/q/qGHbrgBe.jpg
[STDOUT 2025-09-02T17:10:01.779Z] 91555991: QmZ6qaeaYg1CtTFRXnUr5hLFJJdH3snev6o18doKNj5h67
[STDOUT 2025-09-02T17:10:03.577Z] [Migration] Processing flash_id: 91555994, downloading from: https://invader-flashes.s3.amazonaws.com/media/queries/2025/07/29/P/P1BbIrwY.jpg
[STDOUT 2025-09-02T17:10:03.684Z] [Migration] Downloaded from S3: https://invader-flashes.s3.amazonaws.com/media/queries/2025/07/29/P/P1BbIrwY.jpg
[STDOUT 2025-09-02T17:10:04.278Z] 91555994: QmdgVWXJ2V6hNFHjUbxUZK2HovUuWJmDJ4nYJX9Fbk9SPk
[STDOUT 2025-09-02T17:10:06.081Z] [Migration] Processing flash_id: 91555996, downloading from: https://invader-flashes.s3.amazonaws.com/media/queries/2025/07/29/K/KYbS8EW7.jpg
[STDOUT 2025-09-02T17:10:06.292Z] [Migration] Downloaded from S3: https://invader-flashes.s3.amazonaws.com/media/queries/2025/07/29/K/KYbS8EW7.jpg
[STDOUT 2025-09-02T17:10:06.887Z] 91555996: QmVXzUXMq79A2KBAzBMDaHary74ELbEwti64agZqGAxY5F
[STDOUT 2025-09-02T17:10:08.690Z] [Migration] Processing flash_id: 91555999, downloading from: https://invader-flashes.s3.amazonaws.com/media/queries/2025/07/29/e/eqg9gj37.jpg
[STDOUT 2025-09-02T17:10:08.862Z] [Migration] Downloaded from S3: https://invader-flashes.s3.amazonaws.com/media/queries/2025/07/29/e/eqg9gj37.jpg
[STDOUT 2025-09-02T17:10:09.706Z] 91555999: QmWboFRsyVeqdnBKQKxa5swmSTVezj9DqTpYkx8QiEbXEt
