[STDOUT 2025-09-02T17:03:51.213Z] [dotenv@17.2.1] injecting env (0) from .env -- tip: ⚙️  write to custom object with { processEnv: myObject }
[STDOUT 2025-09-02T17:03:51.648Z] [ProxyRotator] Debug: PROXY_LIST env var = [CONFIGURED]
[STDOUT 2025-09-02T17:03:51.649Z] [ProxyRotator] Loaded 1 proxies from environment
[ProxyRotator] Detected DataImpulse proxies - optimizing configuration for premium service
[STDOUT 2025-09-02T17:03:51.658Z] 🌐 [Migration] No proxy configured - using direct connections
[STDOUT 2025-09-02T17:03:51.718Z] Database connection established
[STDOUT 2025-09-02T17:03:52.073Z] Starting migration: 50 per batch, 16606 batches max
[STDOUT 2025-09-02T17:03:52.074Z] Worker 4: Starting from offset 2490861
📊 Total records without IPFS CID: 4981717
[STDOUT 2025-09-02T17:03:53.347Z] [Migration] Processing flash_id: 86338101, downloading from: https://invader-flashes.s3.amazonaws.com/media/queries/2025/05/19/image_RaGuzdO.jpg
[STDOUT 2025-09-02T17:03:53.876Z] [Migration] Downloaded from S3: https://invader-flashes.s3.amazonaws.com/media/queries/2025/05/19/image_RaGuzdO.jpg
[STDOUT 2025-09-02T17:03:54.648Z] 86338101: QmaXsf65z1omVEye2X5FeS7FXS4P2TQPLfpgHQcjb2o8Ks
[STDOUT 2025-09-02T17:03:56.451Z] [Migration] Processing flash_id: 86338104, downloading from: https://invader-flashes.s3.amazonaws.com/media/queries/2025/05/19/image_XHWbWbT.jpg
[STDOUT 2025-09-02T17:03:56.658Z] [Migration] Downloaded from S3: https://invader-flashes.s3.amazonaws.com/media/queries/2025/05/19/image_XHWbWbT.jpg
[STDOUT 2025-09-02T17:03:57.317Z] 86338104: QmZXoB8y3WKeMFuJtXPi1dCYyeVHJZcmpMvmkwpX1oGWQu
[STDOUT 2025-09-02T17:03:59.120Z] [Migration] Processing flash_id: 86338105, downloading from: https://invader-flashes.s3.amazonaws.com/media/queries/2025/05/19/image_DqiIfet.jpg
[STDOUT 2025-09-02T17:03:59.235Z] [Migration] Downloaded from S3: https://invader-flashes.s3.amazonaws.com/media/queries/2025/05/19/image_DqiIfet.jpg
[STDOUT 2025-09-02T17:03:59.776Z] 86338105: QmVcacdkeZpSpbpmV4yT1L2PkNk6c3dTwmejiLF3CrYzmt
[STDOUT 2025-09-02T17:04:01.578Z] [Migration] Processing flash_id: 86338106, downloading from: https://invader-flashes.s3.amazonaws.com/media/queries/2025/05/19/img_larrplz.jpg
[STDOUT 2025-09-02T17:04:01.718Z] [Migration] Downloaded from S3: https://invader-flashes.s3.amazonaws.com/media/queries/2025/05/19/img_larrplz.jpg
[STDOUT 2025-09-02T17:04:02.471Z] 86338106: QmRsSV7MXcwY8aph9ti95ZQqMDXXpTocZPjwg2Fg1X2KNd
[STDOUT 2025-09-02T17:04:04.275Z] [Migration] Processing flash_id: 86338107, downloading from: https://invader-flashes.s3.amazonaws.com/media/queries/2025/05/19/img_pAl7Qpe.jpg
[STDOUT 2025-09-02T17:04:04.375Z] [Migration] Downloaded from S3: https://invader-flashes.s3.amazonaws.com/media/queries/2025/05/19/img_pAl7Qpe.jpg
[STDOUT 2025-09-02T17:04:05.065Z] 86338107: QmfGNt11HRk6G2FJ3k573S3mje2FEAjwcow61b2ivxJXaH
[STDOUT 2025-09-02T17:04:06.867Z] [Migration] Processing flash_id: 86338110, downloading from: https://invader-flashes.s3.amazonaws.com/media/queries/2025/05/19/image_rxigcgK.jpg
[STDOUT 2025-09-02T17:04:07.000Z] [Migration] Downloaded from S3: https://invader-flashes.s3.amazonaws.com/media/queries/2025/05/19/image_rxigcgK.jpg
[STDOUT 2025-09-02T17:04:07.633Z] 86338110: QmY4X9WtNYJAwZfHRHsfsNhqqD2mgKjivCq1gK8fQH7kHt
[STDOUT 2025-09-02T17:04:09.434Z] [Migration] Processing flash_id: 86338111, downloading from: https://invader-flashes.s3.amazonaws.com/media/queries/2025/05/19/image_yPkg2bD.jpg
[STDOUT 2025-09-02T17:04:09.524Z] [Migration] Downloaded from S3: https://invader-flashes.s3.amazonaws.com/media/queries/2025/05/19/image_yPkg2bD.jpg
[STDOUT 2025-09-02T17:04:10.115Z] 86338111: QmW9izpZtnTJHG31SnEGgXBDypuUD4ioGmWwSkYn1t8Vdb
[STDOUT 2025-09-02T17:04:11.918Z] [Migration] Processing flash_id: 86338117, downloading from: https://invader-flashes.s3.amazonaws.com/media/queries/2025/05/19/image_8XtprL3.jpg
[STDOUT 2025-09-02T17:04:12.082Z] [Migration] Downloaded from S3: https://invader-flashes.s3.amazonaws.com/media/queries/2025/05/19/image_8XtprL3.jpg
[STDOUT 2025-09-02T17:04:12.696Z] 86338117: QmWTBg1Gtk5CP4tRGij1u4yQ8NUHGNVKsTmyXrhCWbpZFn
[STDOUT 2025-09-02T17:04:14.499Z] [Migration] Processing flash_id: 86338215, downloading from: https://invader-flashes.s3.amazonaws.com/media/queries/2025/05/19/img_1aF9rGI.jpg
[STDOUT 2025-09-02T17:04:14.638Z] [Migration] Downloaded from S3: https://invader-flashes.s3.amazonaws.com/media/queries/2025/05/19/img_1aF9rGI.jpg
[STDOUT 2025-09-02T17:04:15.355Z] 86338215: QmfDTTgdPuHmF1wUsq3PmCr9NXyoxaAtjSTGHPLQTPkLSP
[STDOUT 2025-09-02T17:04:17.160Z] [Migration] Processing flash_id: 86338218, downloading from: https://invader-flashes.s3.amazonaws.com/media/queries/2025/05/19/img_hj05Ksf.jpg
[STDOUT 2025-09-02T17:04:17.255Z] [Migration] Downloaded from S3: https://invader-flashes.s3.amazonaws.com/media/queries/2025/05/19/img_hj05Ksf.jpg
[STDOUT 2025-09-02T17:04:17.867Z] 86338218: QmR2ewc6v3UVcQBAXvgCAux7SQrtyfQeTAVpwpQaEq862e
[STDOUT 2025-09-02T17:04:19.669Z] [Migration] Processing flash_id: 86338219, downloading from: https://invader-flashes.s3.amazonaws.com/media/queries/2025/05/19/img_ubeueQ7.jpg
[STDOUT 2025-09-02T17:04:19.829Z] [Migration] Downloaded from S3: https://invader-flashes.s3.amazonaws.com/media/queries/2025/05/19/img_ubeueQ7.jpg
[STDOUT 2025-09-02T17:04:20.619Z] 86338219: QmarjCXAnPNKBZXHgcFyT7uiADKt8zyS4YHRXDMoeWfWYY
[STDOUT 2025-09-02T17:04:22.422Z] [Migration] Processing flash_id: 86338220, downloading from: https://invader-flashes.s3.amazonaws.com/media/queries/2025/05/19/img_ZRJRIQr.jpg
[STDOUT 2025-09-02T17:04:22.521Z] [Migration] Downloaded from S3: https://invader-flashes.s3.amazonaws.com/media/queries/2025/05/19/img_ZRJRIQr.jpg
[STDOUT 2025-09-02T17:04:23.080Z] 86338220: QmeiQsNfMEakGPsUA7CjYT9ybgkM8VBe7jTH9ty5ixAN58
[STDOUT 2025-09-02T17:04:24.882Z] [Migration] Processing flash_id: 86338221, downloading from: https://invader-flashes.s3.amazonaws.com/media/queries/2025/05/19/image_O0nsiAH.jpg
[STDOUT 2025-09-02T17:04:24.976Z] [Migration] Downloaded from S3: https://invader-flashes.s3.amazonaws.com/media/queries/2025/05/19/image_O0nsiAH.jpg
[STDOUT 2025-09-02T17:04:26.210Z] 86338221: Qmew5TmsUz23HrsFv9AkMwEwkt6JaGVaSvL1qXRSA4tB5B
[STDOUT 2025-09-02T17:04:28.011Z] [Migration] Processing flash_id: 86338225, downloading from: https://invader-flashes.s3.amazonaws.com/media/queries/2025/05/19/image_6nmpmrm.jpg
[STDOUT 2025-09-02T17:04:28.162Z] [Migration] Downloaded from S3: https://invader-flashes.s3.amazonaws.com/media/queries/2025/05/19/image_6nmpmrm.jpg
[STDOUT 2025-09-02T17:04:28.820Z] 86338225: Qmf3qPvURzsqomWUjn8PxukWdpimBSSGqPvP1omU6z5fVY
[STDOUT 2025-09-02T17:04:30.621Z] [Migration] Processing flash_id: 86338232, downloading from: https://invader-flashes.s3.amazonaws.com/media/queries/2025/05/19/image_RL8GKLN.jpg
[STDOUT 2025-09-02T17:04:30.709Z] [Migration] Downloaded from S3: https://invader-flashes.s3.amazonaws.com/media/queries/2025/05/19/image_RL8GKLN.jpg
[STDOUT 2025-09-02T17:04:31.577Z] 86338232: QmXMVYXy86DnT3SjYxZH2FvVoT3z33UhE4FwxSzKYMegEt
[STDOUT 2025-09-02T17:04:33.378Z] [Migration] Processing flash_id: 86338233, downloading from: https://invader-flashes.s3.amazonaws.com/media/queries/2025/05/19/image_Mll1AyN.jpg
[STDOUT 2025-09-02T17:04:33.521Z] [Migration] Downloaded from S3: https://invader-flashes.s3.amazonaws.com/media/queries/2025/05/19/image_Mll1AyN.jpg
[STDOUT 2025-09-02T17:04:34.227Z] 86338233: QmVDmeWett9VR86vRh76LVKA3BfTTodmPVMRC9MBn9TuMA
[STDOUT 2025-09-02T17:04:36.028Z] [Migration] Processing flash_id: 86338241, downloading from: https://invader-flashes.s3.amazonaws.com/media/queries/2025/05/19/img_pgsxlG8.jpg
[STDOUT 2025-09-02T17:04:36.171Z] [Migration] Downloaded from S3: https://invader-flashes.s3.amazonaws.com/media/queries/2025/05/19/img_pgsxlG8.jpg
[STDOUT 2025-09-02T17:04:36.769Z] 86338241: QmXamZYB2pY8pEjrBpp9AA7pFFpQ7D5Vd3Du1qxn14BGPb
[STDOUT 2025-09-02T17:04:38.569Z] [Migration] Processing flash_id: 86338242, downloading from: https://invader-flashes.s3.amazonaws.com/media/queries/2025/05/19/image_Fe518zS.jpg
[STDOUT 2025-09-02T17:04:38.686Z] [Migration] Downloaded from S3: https://invader-flashes.s3.amazonaws.com/media/queries/2025/05/19/image_Fe518zS.jpg
[STDOUT 2025-09-02T17:04:39.345Z] 86338242: QmahYPskpqTU5vTHZzSTQdNePBdqxezUpSg3QtZnzuXVTo
[STDOUT 2025-09-02T17:04:41.148Z] [Migration] Processing flash_id: 86338244, downloading from: https://invader-flashes.s3.amazonaws.com/media/queries/2025/05/19/img_mTsP5m1.jpg
[STDOUT 2025-09-02T17:04:41.252Z] [Migration] Downloaded from S3: https://invader-flashes.s3.amazonaws.com/media/queries/2025/05/19/img_mTsP5m1.jpg
[STDOUT 2025-09-02T17:04:41.839Z] 86338244: QmbprtYjKNTrLrgxRYH5XqTDSWsXqCP8VF5CSExraVbNe6
[STDOUT 2025-09-02T17:04:43.643Z] [Migration] Processing flash_id: 86338246, downloading from: https://invader-flashes.s3.amazonaws.com/media/queries/2025/05/19/img_jAqkVSe.jpg
[STDOUT 2025-09-02T17:04:43.771Z] [Migration] Downloaded from S3: https://invader-flashes.s3.amazonaws.com/media/queries/2025/05/19/img_jAqkVSe.jpg
[STDOUT 2025-09-02T17:04:44.429Z] 86338246: QmQcpXtb8oiaGJ24hajBM6N6prZhFnBcBr1uXoiagLWiLy
[STDOUT 2025-09-02T17:04:46.232Z] [Migration] Processing flash_id: 86338248, downloading from: https://invader-flashes.s3.amazonaws.com/media/queries/2025/05/19/image_NqnfZZH.jpg
[STDOUT 2025-09-02T17:04:46.390Z] [Migration] Downloaded from S3: https://invader-flashes.s3.amazonaws.com/media/queries/2025/05/19/image_NqnfZZH.jpg
[STDOUT 2025-09-02T17:04:47.032Z] 86338248: QmbjVCJqHetRH4yFppo2qnHeQ4nssLCFst5zwNdFCVZkCo
[STDOUT 2025-09-02T17:04:48.833Z] [Migration] Processing flash_id: 86338250, downloading from: https://invader-flashes.s3.amazonaws.com/media/queries/2025/05/19/image_esSyv0O.jpg
[STDOUT 2025-09-02T17:04:48.978Z] [Migration] Downloaded from S3: https://invader-flashes.s3.amazonaws.com/media/queries/2025/05/19/image_esSyv0O.jpg
[STDOUT 2025-09-02T17:04:49.540Z] 86338250: QmVUp2C58dJkDRt1ZwTySZp7zXdRvdZehzmrzLnftBXJJJ
[STDOUT 2025-09-02T17:04:51.342Z] [Migration] Processing flash_id: 86338252, downloading from: https://invader-flashes.s3.amazonaws.com/media/queries/2025/05/19/image_UMAFuIb.jpg
[STDOUT 2025-09-02T17:04:51.499Z] [Migration] Downloaded from S3: https://invader-flashes.s3.amazonaws.com/media/queries/2025/05/19/image_UMAFuIb.jpg
[STDOUT 2025-09-02T17:04:52.168Z] 86338252: QmX2bmrWMLVSb9mGmJfU9WRMRRB4Eh73K3hC9B1xf4kBW9
[STDOUT 2025-09-02T17:04:53.970Z] [Migration] Processing flash_id: 86338253, downloading from: https://invader-flashes.s3.amazonaws.com/media/queries/2025/05/19/img_Nq3EdHy.jpg
[STDOUT 2025-09-02T17:04:54.101Z] [Migration] Downloaded from S3: https://invader-flashes.s3.amazonaws.com/media/queries/2025/05/19/img_Nq3EdHy.jpg
[STDOUT 2025-09-02T17:04:54.665Z] 86338253: QmdDc2qNgkkk4YN5czY8haP5cYoScDs3udi2VBu23ChMS4
[STDOUT 2025-09-02T17:04:56.467Z] [Migration] Processing flash_id: 86338254, downloading from: https://invader-flashes.s3.amazonaws.com/media/queries/2025/05/19/image_LqtTXRt.jpg
[STDOUT 2025-09-02T17:04:56.555Z] [Migration] Downloaded from S3: https://invader-flashes.s3.amazonaws.com/media/queries/2025/05/19/image_LqtTXRt.jpg
[STDOUT 2025-09-02T17:04:57.085Z] 86338254: QmYZJn38971zskDmK5YNYtGoHVkYCyCREfvdmrVnEHnaCU
[STDOUT 2025-09-02T17:04:58.888Z] [Migration] Processing flash_id: 86338256, downloading from: https://invader-flashes.s3.amazonaws.com/media/queries/2025/05/19/img_V2AUeKk.jpg
[STDOUT 2025-09-02T17:04:59.081Z] [Migration] Downloaded from S3: https://invader-flashes.s3.amazonaws.com/media/queries/2025/05/19/img_V2AUeKk.jpg
[STDOUT 2025-09-02T17:05:00.138Z] 86338256: QmRt1SPtJpvfrgqhTsPnYkC6L7cH7oSucg4zAVSqs5ybNW
[STDOUT 2025-09-02T17:05:01.941Z] [Migration] Processing flash_id: 86338257, downloading from: https://invader-flashes.s3.amazonaws.com/media/queries/2025/05/19/img_hFRbgvW.jpg
[STDOUT 2025-09-02T17:05:02.032Z] [Migration] Downloaded from S3: https://invader-flashes.s3.amazonaws.com/media/queries/2025/05/19/img_hFRbgvW.jpg
[STDOUT 2025-09-02T17:05:02.622Z] 86338257: QmeRsgxfDxyGYVD5JYtHYXvFkwrmrpmAaDDZatmKDdy9Jn
[STDOUT 2025-09-02T17:05:04.423Z] [Migration] Processing flash_id: 86338258, downloading from: https://invader-flashes.s3.amazonaws.com/media/queries/2025/05/19/image_psQxA34.jpg
[STDOUT 2025-09-02T17:05:04.531Z] [Migration] Downloaded from S3: https://invader-flashes.s3.amazonaws.com/media/queries/2025/05/19/image_psQxA34.jpg
[STDOUT 2025-09-02T17:05:05.075Z] 86338258: Qmayws9X6LSwfBqExvWrspQB7xtifVXr8cddX79fdanWTb
[STDOUT 2025-09-02T17:05:06.877Z] [Migration] Processing flash_id: 86338259, downloading from: https://invader-flashes.s3.amazonaws.com/media/queries/2025/05/19/image_9N8TeeC.jpg
[STDOUT 2025-09-02T17:05:07.010Z] [Migration] Downloaded from S3: https://invader-flashes.s3.amazonaws.com/media/queries/2025/05/19/image_9N8TeeC.jpg
[STDOUT 2025-09-02T17:05:07.736Z] 86338259: QmPpcAi6ytNStKFnuGwoZocvktKJG9c351kZVrYisDKnHx
[STDOUT 2025-09-02T17:05:09.538Z] [Migration] Processing flash_id: 86338260, downloading from: https://invader-flashes.s3.amazonaws.com/media/queries/2025/05/19/img_U3RJ1vw.jpg
[STDOUT 2025-09-02T17:05:09.631Z] [Migration] Downloaded from S3: https://invader-flashes.s3.amazonaws.com/media/queries/2025/05/19/img_U3RJ1vw.jpg
[STDOUT 2025-09-02T17:05:10.126Z] 86338260: QmXvhaTKNYxs4agMRCWtX1FGUuYEQyDN26QYL1pg2JpeVz
[STDOUT 2025-09-02T17:05:11.929Z] [Migration] Processing flash_id: 86338262, downloading from: https://invader-flashes.s3.amazonaws.com/media/queries/2025/05/19/image_1IJCnd7.jpg
[STDOUT 2025-09-02T17:05:12.078Z] [Migration] Downloaded from S3: https://invader-flashes.s3.amazonaws.com/media/queries/2025/05/19/image_1IJCnd7.jpg
[STDOUT 2025-09-02T17:05:12.633Z] 86338262: QmWCTCeywLsSWFkJRdd6S3EeshFvCPwXhRN8jiSsWz46Sz
[STDOUT 2025-09-02T17:05:14.437Z] [Migration] Processing flash_id: 86338263, downloading from: https://invader-flashes.s3.amazonaws.com/media/queries/2025/05/19/img_pbl52XT.jpg
[STDOUT 2025-09-02T17:05:14.583Z] [Migration] Downloaded from S3: https://invader-flashes.s3.amazonaws.com/media/queries/2025/05/19/img_pbl52XT.jpg
[STDOUT 2025-09-02T17:05:15.259Z] 86338263: QmRcusb4QmKRBHsWb4oX6AizPVdyN2SET36B87yNbWhXNp
[STDOUT 2025-09-02T17:05:17.062Z] [Migration] Processing flash_id: 86338265, downloading from: https://invader-flashes.s3.amazonaws.com/media/queries/2025/05/19/image_U7uJ2UR.jpg
[STDOUT 2025-09-02T17:05:17.159Z] [Migration] Downloaded from S3: https://invader-flashes.s3.amazonaws.com/media/queries/2025/05/19/image_U7uJ2UR.jpg
[STDOUT 2025-09-02T17:05:17.716Z] 86338265: QmVYyMdCXLGv1jCdRAftpF677Bb1LokXZzcwuuTTZ1aE9c
[STDOUT 2025-09-02T17:05:19.519Z] [Migration] Processing flash_id: 86338266, downloading from: https://invader-flashes.s3.amazonaws.com/media/queries/2025/05/19/image_9vZhLfq.jpg
[STDOUT 2025-09-02T17:05:19.604Z] [Migration] Downloaded from S3: https://invader-flashes.s3.amazonaws.com/media/queries/2025/05/19/image_9vZhLfq.jpg
[STDOUT 2025-09-02T17:05:20.143Z] 86338266: QmeDrsyHtYQPCFCM2xozXSJfW2koH5YQqJeCzJEyprSCbc
[STDOUT 2025-09-02T17:05:21.947Z] [Migration] Processing flash_id: 86338495, downloading from: https://invader-flashes.s3.amazonaws.com/media/queries/2025/05/19/image_x1srlor.jpg
[STDOUT 2025-09-02T17:05:22.153Z] [Migration] Downloaded from S3: https://invader-flashes.s3.amazonaws.com/media/queries/2025/05/19/image_x1srlor.jpg
[STDOUT 2025-09-02T17:05:22.888Z] 86338495: QmZbkEjJyasKRWjtq2ifSC6DS3LHxKWMQhhrVQWT3HLqc2
[STDOUT 2025-09-02T17:05:24.692Z] [Migration] Processing flash_id: 86338496, downloading from: https://invader-flashes.s3.amazonaws.com/media/queries/2025/05/19/image_cFGnhie.jpg
[STDOUT 2025-09-02T17:05:24.821Z] [Migration] Downloaded from S3: https://invader-flashes.s3.amazonaws.com/media/queries/2025/05/19/image_cFGnhie.jpg
[STDOUT 2025-09-02T17:05:25.445Z] 86338496: QmcgzWApf1DTMzsA6w328J6zipL8pBvH1Cbe3JZThUwz6H
[STDOUT 2025-09-02T17:05:27.247Z] [Migration] Processing flash_id: 86338498, downloading from: https://invader-flashes.s3.amazonaws.com/media/queries/2025/05/19/img_Za0bIhX.jpg
[STDOUT 2025-09-02T17:05:27.350Z] [Migration] Downloaded from S3: https://invader-flashes.s3.amazonaws.com/media/queries/2025/05/19/img_Za0bIhX.jpg
[STDOUT 2025-09-02T17:05:27.911Z] 86338498: QmXPMTH2vCKRFK99HCZPLV3ivHPTQbiVBwFxrtz7KWD9ZB
[STDOUT 2025-09-02T17:05:29.715Z] [Migration] Processing flash_id: 86338500, downloading from: https://invader-flashes.s3.amazonaws.com/media/queries/2025/05/19/img_9W4G5rH.jpg
[STDOUT 2025-09-02T17:05:29.810Z] [Migration] Downloaded from S3: https://invader-flashes.s3.amazonaws.com/media/queries/2025/05/19/img_9W4G5rH.jpg
[STDOUT 2025-09-02T17:05:30.487Z] 86338500: QmPck71Af3sZsk5CfqcdMfqYYEnioi4UAXPmKBNWGkR3Un
[STDOUT 2025-09-02T17:05:32.290Z] [Migration] Processing flash_id: 86338501, downloading from: https://invader-flashes.s3.amazonaws.com/media/queries/2025/05/19/img_emZinuv.jpg
[STDOUT 2025-09-02T17:05:32.392Z] [Migration] Downloaded from S3: https://invader-flashes.s3.amazonaws.com/media/queries/2025/05/19/img_emZinuv.jpg
[STDOUT 2025-09-02T17:05:33.086Z] 86338501: QmWL9E6cFeSGjhUvHWyk9MKKB8TGDWyxWSXJQBimGuMmVg
[STDOUT 2025-09-02T17:05:34.888Z] [Migration] Processing flash_id: 86338502, downloading from: https://invader-flashes.s3.amazonaws.com/media/queries/2025/05/19/img_AYSlVZB.jpg
[STDOUT 2025-09-02T17:05:34.998Z] [Migration] Downloaded from S3: https://invader-flashes.s3.amazonaws.com/media/queries/2025/05/19/img_AYSlVZB.jpg
[STDOUT 2025-09-02T17:05:35.617Z] 86338502: QmaSMocAze65aqhpnjTiQRdYPyzyjDTYHPn1cqciCDMzpL
[STDOUT 2025-09-02T17:05:37.418Z] [Migration] Processing flash_id: 86338504, downloading from: https://invader-flashes.s3.amazonaws.com/media/queries/2025/05/19/image_pbofIoz.jpg
[STDOUT 2025-09-02T17:05:37.564Z] [Migration] Downloaded from S3: https://invader-flashes.s3.amazonaws.com/media/queries/2025/05/19/image_pbofIoz.jpg
[STDOUT 2025-09-02T17:05:38.338Z] 86338504: QmP39xTS69izxDTSEtEM7bna3WgsJNWM9CpjBZu3Y4hmAL
[STDOUT 2025-09-02T17:05:40.139Z] [Migration] Processing flash_id: 86338506, downloading from: https://invader-flashes.s3.amazonaws.com/media/queries/2025/05/19/img_WyCti81.jpg
[STDOUT 2025-09-02T17:05:40.267Z] [Migration] Downloaded from S3: https://invader-flashes.s3.amazonaws.com/media/queries/2025/05/19/img_WyCti81.jpg
[STDOUT 2025-09-02T17:05:40.888Z] 86338506: QmeoUaisujxAKK11gNWwm2u3Eaep8Nu3bqGSssyBfmvtLm
[STDOUT 2025-09-02T17:05:42.688Z] [Migration] Processing flash_id: 86338508, downloading from: https://invader-flashes.s3.amazonaws.com/media/queries/2025/05/19/image_9Ist8dX.jpg
[STDOUT 2025-09-02T17:05:42.825Z] [Migration] Downloaded from S3: https://invader-flashes.s3.amazonaws.com/media/queries/2025/05/19/image_9Ist8dX.jpg
[STDOUT 2025-09-02T17:05:43.420Z] 86338508: QmV9aLZ6LqhXU5o4rw6qGuqtRRXE9phV95c9Uu5Q6bRTLv
[STDOUT 2025-09-02T17:05:45.223Z] [Migration] Processing flash_id: 86338509, downloading from: https://invader-flashes.s3.amazonaws.com/media/queries/2025/05/19/image_CIpFhTv.jpg
[STDOUT 2025-09-02T17:05:45.368Z] [Migration] Downloaded from S3: https://invader-flashes.s3.amazonaws.com/media/queries/2025/05/19/image_CIpFhTv.jpg
[STDOUT 2025-09-02T17:05:46.069Z] 86338509: QmaWyXW6YjGNmAFsKS27n5QN1cFeerX724bM2CDHxfLWb5
[STDOUT 2025-09-02T17:05:47.869Z] [Migration] Processing flash_id: 86338510, downloading from: https://invader-flashes.s3.amazonaws.com/media/queries/2025/05/19/img_w5HR7g8.jpg
[STDOUT 2025-09-02T17:05:47.989Z] [Migration] Downloaded from S3: https://invader-flashes.s3.amazonaws.com/media/queries/2025/05/19/img_w5HR7g8.jpg
[STDOUT 2025-09-02T17:05:48.606Z] 86338510: Qmdf2bkBTAeBkh2wAXj2SGwFqgms1rz4XC89cVCyvfKEET
[STDOUT 2025-09-02T17:05:50.409Z] [Migration] Processing flash_id: 86338774, downloading from: https://invader-flashes.s3.amazonaws.com/media/queries/2025/05/19/img_VejFgfm.jpg
[STDOUT 2025-09-02T17:05:50.531Z] [Migration] Downloaded from S3: https://invader-flashes.s3.amazonaws.com/media/queries/2025/05/19/img_VejFgfm.jpg
[STDOUT 2025-09-02T17:05:51.078Z] 86338774: QmXQY8H3svZtGGv69W86gfhez2zctFR4KDxqwMiHCxg6fa
[STDOUT 2025-09-02T17:05:52.881Z] [Migration] Processing flash_id: 86338777, downloading from: https://invader-flashes.s3.amazonaws.com/media/queries/2025/05/19/img_kJizBhO.jpg
[STDOUT 2025-09-02T17:05:52.992Z] [Migration] Downloaded from S3: https://invader-flashes.s3.amazonaws.com/media/queries/2025/05/19/img_kJizBhO.jpg
[STDOUT 2025-09-02T17:05:53.627Z] 86338777: QmUwvcUEHnj2xVGkCuYTeyciUK8t52KfDiJVaKoW22Tgu9
[STDOUT 2025-09-02T17:05:55.431Z] [Migration] Processing flash_id: 86338778, downloading from: https://invader-flashes.s3.amazonaws.com/media/queries/2025/05/19/image_YhqGlhU.jpg
[STDOUT 2025-09-02T17:05:55.522Z] [Migration] Downloaded from S3: https://invader-flashes.s3.amazonaws.com/media/queries/2025/05/19/image_YhqGlhU.jpg
[STDOUT 2025-09-02T17:05:56.170Z] 86338778: QmSenmCvyeTH5ExZWgP3KhcDUPhTd7p69SVtwXqbFFBcyM
[STDOUT 2025-09-02T17:05:57.972Z] [Migration] Processing flash_id: 86338780, downloading from: https://invader-flashes.s3.amazonaws.com/media/queries/2025/05/19/image_vgzC7Jl.jpg
[STDOUT 2025-09-02T17:05:58.109Z] [Migration] Downloaded from S3: https://invader-flashes.s3.amazonaws.com/media/queries/2025/05/19/image_vgzC7Jl.jpg
[STDOUT 2025-09-02T17:05:59.020Z] 86338780: Qmf1ym8URGg2RnRXyGvKpaJ1VEj8vaNzNDaukFKSWmoYU6
[STDOUT 2025-09-02T17:06:00.823Z] [Migration] Processing flash_id: 86338781, downloading from: https://invader-flashes.s3.amazonaws.com/media/queries/2025/05/19/image_dsERaJ9.jpg
[STDOUT 2025-09-02T17:06:00.985Z] [Migration] Downloaded from S3: https://invader-flashes.s3.amazonaws.com/media/queries/2025/05/19/image_dsERaJ9.jpg
[STDOUT 2025-09-02T17:06:01.557Z] 86338781: Qmc8qoQLQiiZfDdDg6Whrw6xeWVjwtxCRMticeSWeQf3Qo
[STDOUT 2025-09-02T17:06:06.608Z] [Migration] Processing flash_id: 86340527, downloading from: https://invader-flashes.s3.amazonaws.com/media/queries/2025/05/19/image_LVa3Rl6.jpg
[STDOUT 2025-09-02T17:06:06.966Z] [Migration] Downloaded from S3: https://invader-flashes.s3.amazonaws.com/media/queries/2025/05/19/image_LVa3Rl6.jpg
[STDOUT 2025-09-02T17:06:07.700Z] 86340527: QmaGcNeKgsabrX4rQkpam13hJDhT5Ry9gmWVvvSgwHEBqn
[STDOUT 2025-09-02T17:06:09.502Z] [Migration] Processing flash_id: 86340529, downloading from: https://invader-flashes.s3.amazonaws.com/media/queries/2025/05/19/img_ghDL7Eq.jpg
[STDOUT 2025-09-02T17:06:09.761Z] [Migration] Downloaded from S3: https://invader-flashes.s3.amazonaws.com/media/queries/2025/05/19/img_ghDL7Eq.jpg
[STDOUT 2025-09-02T17:06:10.492Z] 86340529: QmV7ZQun2hCcGdbNWej4ASKPZGEDeBW27H8RUQB8GkaW51
[STDOUT 2025-09-02T17:06:12.296Z] [Migration] Processing flash_id: 86340532, downloading from: https://invader-flashes.s3.amazonaws.com/media/queries/2025/05/19/img_GHI3B3i.jpg
[STDOUT 2025-09-02T17:06:12.431Z] [Migration] Downloaded from S3: https://invader-flashes.s3.amazonaws.com/media/queries/2025/05/19/img_GHI3B3i.jpg
[STDOUT 2025-09-02T17:06:12.986Z] 86340532: QmbqHpFx5eBymCXfZutGyqijEA1xMVWG3kT5tb31nBk7Ld
[STDOUT 2025-09-02T17:06:14.786Z] [Migration] Processing flash_id: 86340537, downloading from: https://invader-flashes.s3.amazonaws.com/media/queries/2025/05/19/img_vbtvZL2.jpg
[STDOUT 2025-09-02T17:06:14.935Z] [Migration] Downloaded from S3: https://invader-flashes.s3.amazonaws.com/media/queries/2025/05/19/img_vbtvZL2.jpg
[STDOUT 2025-09-02T17:06:15.659Z] 86340537: QmT2PHZv4WGyRDSnDdkcpkZU3GpCbPa12ufjxmb8FyNahb
[STDOUT 2025-09-02T17:06:17.460Z] [Migration] Processing flash_id: 86340538, downloading from: https://invader-flashes.s3.amazonaws.com/media/queries/2025/05/19/image_WWieuE4.jpg
[STDOUT 2025-09-02T17:06:17.556Z] [Migration] Downloaded from S3: https://invader-flashes.s3.amazonaws.com/media/queries/2025/05/19/image_WWieuE4.jpg
[STDOUT 2025-09-02T17:06:18.210Z] 86340538: QmdU1pfWAgT3WpcQ9cCP8mBGJnaxodEupRVkzf8pFbgusd
[STDOUT 2025-09-02T17:06:20.007Z] [Migration] Processing flash_id: 86340541, downloading from: https://invader-flashes.s3.amazonaws.com/media/queries/2025/05/19/image_uhsOSdL.jpg
[STDOUT 2025-09-02T17:06:20.103Z] [Migration] Downloaded from S3: https://invader-flashes.s3.amazonaws.com/media/queries/2025/05/19/image_uhsOSdL.jpg
[STDOUT 2025-09-02T17:06:21.695Z] 86340541: QmXcQCRjiQqKzuycUX84Aiw3YqiWynrTtLDCfhJBi32eHo
[STDOUT 2025-09-02T17:06:23.497Z] [Migration] Processing flash_id: 86340544, downloading from: https://invader-flashes.s3.amazonaws.com/media/queries/2025/05/19/img_GJA9LwX.jpg
[STDOUT 2025-09-02T17:06:23.650Z] [Migration] Downloaded from S3: https://invader-flashes.s3.amazonaws.com/media/queries/2025/05/19/img_GJA9LwX.jpg
[STDOUT 2025-09-02T17:06:24.194Z] 86340544: QmNdBpbrMtygsnVeawMZAp5QRqYgBQRXn2zEQZFX25p2mj
[STDOUT 2025-09-02T17:06:25.994Z] [Migration] Processing flash_id: 86340548, downloading from: https://invader-flashes.s3.amazonaws.com/media/queries/2025/05/19/img_AIB55ln.jpg
[STDOUT 2025-09-02T17:06:26.125Z] [Migration] Downloaded from S3: https://invader-flashes.s3.amazonaws.com/media/queries/2025/05/19/img_AIB55ln.jpg
[STDOUT 2025-09-02T17:06:27.358Z] 86340548: QmanFzkChiZcQXEVsSxZyCmfngbqFbV9JRHiZ2HUBkqeH1
[STDOUT 2025-09-02T17:06:29.165Z] [Migration] Processing flash_id: 86340549, downloading from: https://invader-flashes.s3.amazonaws.com/media/queries/2025/05/19/image_iC7tZNo.jpg
[STDOUT 2025-09-02T17:06:29.263Z] [Migration] Downloaded from S3: https://invader-flashes.s3.amazonaws.com/media/queries/2025/05/19/image_iC7tZNo.jpg
[STDOUT 2025-09-02T17:06:29.873Z] 86340549: QmUbAktEtyWaTDqoNUiF4QN8Jku5CPWjERZwPkHL922LDF
[STDOUT 2025-09-02T17:06:31.675Z] [Migration] Processing flash_id: 86340553, downloading from: https://invader-flashes.s3.amazonaws.com/media/queries/2025/05/19/image_IeVqdyn.jpg
[STDOUT 2025-09-02T17:06:31.765Z] [Migration] Downloaded from S3: https://invader-flashes.s3.amazonaws.com/media/queries/2025/05/19/image_IeVqdyn.jpg
[STDOUT 2025-09-02T17:06:32.357Z] 86340553: QmaTjvXTRCVVsnoPhP4NxkgBCWgGGgM5NMdcGDkTbNdSj5
[STDOUT 2025-09-02T17:06:34.159Z] [Migration] Processing flash_id: 86340554, downloading from: https://invader-flashes.s3.amazonaws.com/media/queries/2025/05/19/image_ujRBjwq.jpg
[STDOUT 2025-09-02T17:06:34.289Z] [Migration] Downloaded from S3: https://invader-flashes.s3.amazonaws.com/media/queries/2025/05/19/image_ujRBjwq.jpg
[STDOUT 2025-09-02T17:06:35.831Z] 86340554: QmQ9tAyF6HJzSi8hobiLsHrX9ubJtaMKp6SsjfTtbbN1YG
[STDOUT 2025-09-02T17:06:37.633Z] [Migration] Processing flash_id: 86340555, downloading from: https://invader-flashes.s3.amazonaws.com/media/queries/2025/05/19/img_FhhgmGR.jpg
[STDOUT 2025-09-02T17:06:37.763Z] [Migration] Downloaded from S3: https://invader-flashes.s3.amazonaws.com/media/queries/2025/05/19/img_FhhgmGR.jpg
[STDOUT 2025-09-02T17:06:38.641Z] 86340555: QmYtb9EPgf8vt1DpmUs32TWn9R1xrUskeWgroUbHyTkQhU
[STDOUT 2025-09-02T17:06:40.443Z] [Migration] Processing flash_id: 86340667, downloading from: https://invader-flashes.s3.amazonaws.com/media/queries/2025/05/19/image_jBX4CuL.jpg
[STDOUT 2025-09-02T17:06:40.543Z] [Migration] Downloaded from S3: https://invader-flashes.s3.amazonaws.com/media/queries/2025/05/19/image_jBX4CuL.jpg
[STDOUT 2025-09-02T17:06:41.404Z] 86340667: QmPTdNox7xWvirvzb5q4k7uWzvTJi3m7cVDjQoVbn5Ghj6
[STDOUT 2025-09-02T17:06:43.205Z] [Migration] Processing flash_id: 86340668, downloading from: https://invader-flashes.s3.amazonaws.com/media/queries/2025/05/19/image_RZHGbtT.jpg
[STDOUT 2025-09-02T17:06:43.353Z] [Migration] Downloaded from S3: https://invader-flashes.s3.amazonaws.com/media/queries/2025/05/19/image_RZHGbtT.jpg
[STDOUT 2025-09-02T17:06:44.174Z] 86340668: QmP5uUXfHqUiFFMpS1TXogfN3bMFejSmK1QYfWp5XmDSHb
[STDOUT 2025-09-02T17:06:45.974Z] [Migration] Processing flash_id: 86340672, downloading from: https://invader-flashes.s3.amazonaws.com/media/queries/2025/05/19/image_UkTDaV3.jpg
[STDOUT 2025-09-02T17:06:46.206Z] [Migration] Downloaded from S3: https://invader-flashes.s3.amazonaws.com/media/queries/2025/05/19/image_UkTDaV3.jpg
[STDOUT 2025-09-02T17:06:46.862Z] 86340672: QmNVGJs96XWrj1Hefes8FzTSPKhzyErNaoaTatX3a5aFD7
[STDOUT 2025-09-02T17:06:48.663Z] [Migration] Processing flash_id: 86340673, downloading from: https://invader-flashes.s3.amazonaws.com/media/queries/2025/05/19/img_EUY2r0W.jpg
[STDOUT 2025-09-02T17:06:48.756Z] [Migration] Downloaded from S3: https://invader-flashes.s3.amazonaws.com/media/queries/2025/05/19/img_EUY2r0W.jpg
[STDOUT 2025-09-02T17:06:49.396Z] 86340673: QmTTefykrYLyoKo6z6VtgPbwk4ZTT34GQdH9CX1VzvXW96
[STDOUT 2025-09-02T17:06:51.200Z] [Migration] Processing flash_id: 86340676, downloading from: https://invader-flashes.s3.amazonaws.com/media/queries/2025/05/19/image_svCcnW7.jpg
[STDOUT 2025-09-02T17:06:51.307Z] [Migration] Downloaded from S3: https://invader-flashes.s3.amazonaws.com/media/queries/2025/05/19/image_svCcnW7.jpg
[STDOUT 2025-09-02T17:06:51.916Z] 86340676: QmNenJqt9xMBZkA18MaNRYqudJgtoZCSxYu853PVF5LBmu
[STDOUT 2025-09-02T17:06:53.720Z] [Migration] Processing flash_id: 86340679, downloading from: https://invader-flashes.s3.amazonaws.com/media/queries/2025/05/19/image_AVW9rnt.jpg
[STDOUT 2025-09-02T17:06:53.823Z] [Migration] Downloaded from S3: https://invader-flashes.s3.amazonaws.com/media/queries/2025/05/19/image_AVW9rnt.jpg
[STDOUT 2025-09-02T17:06:54.412Z] 86340679: QmaCCSMdhYRPcaC4vtUhQHSqJD5pYZY8UYaPP1qPoBXYqy
[STDOUT 2025-09-02T17:06:56.216Z] [Migration] Processing flash_id: 86340681, downloading from: https://invader-flashes.s3.amazonaws.com/media/queries/2025/05/19/img_cj2qfsz.jpg
[STDOUT 2025-09-02T17:06:56.315Z] [Migration] Downloaded from S3: https://invader-flashes.s3.amazonaws.com/media/queries/2025/05/19/img_cj2qfsz.jpg
[STDOUT 2025-09-02T17:06:56.920Z] 86340681: QmVEsZdEeiio1QemaeUCfoTkmahaAxua6SGzNEuzehxt9k
[STDOUT 2025-09-02T17:06:58.723Z] [Migration] Processing flash_id: 86340685, downloading from: https://invader-flashes.s3.amazonaws.com/media/queries/2025/05/19/image_CXJnNlg.jpg
[STDOUT 2025-09-02T17:06:58.820Z] [Migration] Downloaded from S3: https://invader-flashes.s3.amazonaws.com/media/queries/2025/05/19/image_CXJnNlg.jpg
[STDOUT 2025-09-02T17:06:59.365Z] 86340685: QmcoH82q1UtAGJKHR1YmAFBSauqSgsPNyCb9p6PcCJJvvS
[STDOUT 2025-09-02T17:07:01.170Z] [Migration] Processing flash_id: 86340687, downloading from: https://invader-flashes.s3.amazonaws.com/media/queries/2025/05/19/image_weOH9Dp.jpg
[STDOUT 2025-09-02T17:07:01.320Z] [Migration] Downloaded from S3: https://invader-flashes.s3.amazonaws.com/media/queries/2025/05/19/image_weOH9Dp.jpg
[STDOUT 2025-09-02T17:07:02.010Z] 86340687: QmVWmNBhUJg4DsivbifYM8TjzwrNk4VvZPcpgtAxfjEyTN
[STDOUT 2025-09-02T17:07:03.814Z] [Migration] Processing flash_id: 86340688, downloading from: https://invader-flashes.s3.amazonaws.com/media/queries/2025/05/19/img_3xrwDxS.jpg
[STDOUT 2025-09-02T17:07:03.943Z] [Migration] Downloaded from S3: https://invader-flashes.s3.amazonaws.com/media/queries/2025/05/19/img_3xrwDxS.jpg
[STDOUT 2025-09-02T17:07:04.881Z] 86340688: QmNn9AiWYsckiodXv54rF3b7Hg4YAF6WqerTR33ugdw95q
[STDOUT 2025-09-02T17:07:06.685Z] [Migration] Processing flash_id: 86340693, downloading from: https://invader-flashes.s3.amazonaws.com/media/queries/2025/05/19/img_sBrxi5R.jpg
[STDOUT 2025-09-02T17:07:06.794Z] [Migration] Downloaded from S3: https://invader-flashes.s3.amazonaws.com/media/queries/2025/05/19/img_sBrxi5R.jpg
[STDOUT 2025-09-02T17:07:07.408Z] 86340693: QmUybaPnPRS9aWYU7bLGGeU4NRCSuRtDSEGL1vJ2XnN4fN
[STDOUT 2025-09-02T17:07:09.211Z] [Migration] Processing flash_id: 86340696, downloading from: https://invader-flashes.s3.amazonaws.com/media/queries/2025/05/19/img_64UNW4x.jpg
[STDOUT 2025-09-02T17:07:09.306Z] [Migration] Downloaded from S3: https://invader-flashes.s3.amazonaws.com/media/queries/2025/05/19/img_64UNW4x.jpg
[STDOUT 2025-09-02T17:07:09.867Z] 86340696: QmcxKwpLNM8Jr88JJK1hCFWuiBXgVXnp7m7bxgEK1WMzsa
[STDOUT 2025-09-02T17:07:11.671Z] [Migration] Processing flash_id: 86340700, downloading from: https://invader-flashes.s3.amazonaws.com/media/queries/2025/05/19/img_Sc9MOSn.jpg
[STDOUT 2025-09-02T17:07:11.809Z] [Migration] Downloaded from S3: https://invader-flashes.s3.amazonaws.com/media/queries/2025/05/19/img_Sc9MOSn.jpg
[STDOUT 2025-09-02T17:07:12.529Z] 86340700: QmPwTLARyHRjn72KgDsnrhgcV26cpupGcds7Toojb45YTp
[STDOUT 2025-09-02T17:07:14.333Z] [Migration] Processing flash_id: 86340705, downloading from: https://invader-flashes.s3.amazonaws.com/media/queries/2025/05/19/image_NUVpaPR.jpg
[STDOUT 2025-09-02T17:07:14.497Z] [Migration] Downloaded from S3: https://invader-flashes.s3.amazonaws.com/media/queries/2025/05/19/image_NUVpaPR.jpg
[STDOUT 2025-09-02T17:07:15.238Z] 86340705: QmZpqfRcKey7MZeWkJtvKerQGcu7uhdQEKQAy38EcL4JBt
[STDOUT 2025-09-02T17:07:17.041Z] [Migration] Processing flash_id: 86340713, downloading from: https://invader-flashes.s3.amazonaws.com/media/queries/2025/05/19/image_EDE07OG.jpg
[STDOUT 2025-09-02T17:07:17.176Z] [Migration] Downloaded from S3: https://invader-flashes.s3.amazonaws.com/media/queries/2025/05/19/image_EDE07OG.jpg
[STDOUT 2025-09-02T17:07:17.768Z] 86340713: QmQZSacURMNcqnRVXvveautrDTATDBrFV72dpe4iDxpgeu
[STDOUT 2025-09-02T17:07:19.571Z] [Migration] Processing flash_id: 86340714, downloading from: https://invader-flashes.s3.amazonaws.com/media/queries/2025/05/19/image_BPT9GpR.jpg
[STDOUT 2025-09-02T17:07:19.725Z] [Migration] Downloaded from S3: https://invader-flashes.s3.amazonaws.com/media/queries/2025/05/19/image_BPT9GpR.jpg
[STDOUT 2025-09-02T17:07:20.726Z] 86340714: Qmb4NmjXeUk9Xy3wBnbqpFJ9HoKs3zDMpVuMgPq3SaWBxS
[STDOUT 2025-09-02T17:07:22.528Z] [Migration] Processing flash_id: 86340717, downloading from: https://invader-flashes.s3.amazonaws.com/media/queries/2025/05/19/image_EvbGdOE.jpg
[STDOUT 2025-09-02T17:07:22.682Z] [Migration] Downloaded from S3: https://invader-flashes.s3.amazonaws.com/media/queries/2025/05/19/image_EvbGdOE.jpg
[STDOUT 2025-09-02T17:07:23.285Z] 86340717: QmQseeFZz4wbG67m9sRqg4HHAD6NYYAkrPw35drPbdos4A
[STDOUT 2025-09-02T17:07:25.086Z] [Migration] Processing flash_id: 86340718, downloading from: https://invader-flashes.s3.amazonaws.com/media/queries/2025/05/19/image_JCxpapJ.jpg
[STDOUT 2025-09-02T17:07:25.250Z] [Migration] Downloaded from S3: https://invader-flashes.s3.amazonaws.com/media/queries/2025/05/19/image_JCxpapJ.jpg
[STDOUT 2025-09-02T17:07:26.028Z] 86340718: QmdsU8bu5biCELCwehZS72sF5tum1Z3mayCREDQRFaHtP4
[STDOUT 2025-09-02T17:07:27.829Z] [Migration] Processing flash_id: 86340719, downloading from: https://invader-flashes.s3.amazonaws.com/media/queries/2025/05/19/image_0vXo1lZ.jpg
[STDOUT 2025-09-02T17:07:28.030Z] [Migration] Downloaded from S3: https://invader-flashes.s3.amazonaws.com/media/queries/2025/05/19/image_0vXo1lZ.jpg
[STDOUT 2025-09-02T17:07:28.776Z] 86340719: QmcZLKezK82uX8duERJgbhRVxa3zWekxKU8bXg1tqRVx4C
[STDOUT 2025-09-02T17:07:30.577Z] [Migration] Processing flash_id: 86340720, downloading from: https://invader-flashes.s3.amazonaws.com/media/queries/2025/05/19/img_VekC35e.jpg
[STDOUT 2025-09-02T17:07:30.721Z] [Migration] Downloaded from S3: https://invader-flashes.s3.amazonaws.com/media/queries/2025/05/19/img_VekC35e.jpg
[STDOUT 2025-09-02T17:07:31.221Z] 86340720: QmSkb3htNRjrrcSDdJEpHrYHSiCTmVZ9DpKLPoPW59SnaP
[STDOUT 2025-09-02T17:07:33.025Z] [Migration] Processing flash_id: 86340722, downloading from: https://invader-flashes.s3.amazonaws.com/media/queries/2025/05/19/image_1fBC65L.jpg
[STDOUT 2025-09-02T17:07:33.131Z] [Migration] Downloaded from S3: https://invader-flashes.s3.amazonaws.com/media/queries/2025/05/19/image_1fBC65L.jpg
[STDOUT 2025-09-02T17:07:33.765Z] 86340722: QmPQLKD7YFKPdZjXTYgLGeqNEzax4mQV8gHZdzvxCzZ8qJ
[STDOUT 2025-09-02T17:07:35.569Z] [Migration] Processing flash_id: 86340724, downloading from: https://invader-flashes.s3.amazonaws.com/media/queries/2025/05/19/img_QAC5DhZ.jpg
[STDOUT 2025-09-02T17:07:35.684Z] [Migration] Downloaded from S3: https://invader-flashes.s3.amazonaws.com/media/queries/2025/05/19/img_QAC5DhZ.jpg
[STDOUT 2025-09-02T17:07:36.274Z] 86340724: QmRMWfeMHuy4SdFEsn6uiji5NTYVWUkre2TGzN4hW7rmo1
[STDOUT 2025-09-02T17:07:38.077Z] [Migration] Processing flash_id: 86340727, downloading from: https://invader-flashes.s3.amazonaws.com/media/queries/2025/05/19/image_aBEGb92.jpg
[STDOUT 2025-09-02T17:07:38.169Z] [Migration] Downloaded from S3: https://invader-flashes.s3.amazonaws.com/media/queries/2025/05/19/image_aBEGb92.jpg
[STDOUT 2025-09-02T17:07:38.787Z] 86340727: QmaX15xNeog9o78ppmZNsDxisq7RwLfs8RWdcAbXC2kXC9
[STDOUT 2025-09-02T17:07:40.591Z] [Migration] Processing flash_id: 86340728, downloading from: https://invader-flashes.s3.amazonaws.com/media/queries/2025/05/19/image_81CoxiX.jpg
[STDOUT 2025-09-02T17:07:40.755Z] [Migration] Downloaded from S3: https://invader-flashes.s3.amazonaws.com/media/queries/2025/05/19/image_81CoxiX.jpg
[STDOUT 2025-09-02T17:07:41.421Z] 86340728: QmVNCi3mthK6TVx48jz4bpbwZbD7FTtFrA7CLKve7KDciC
[STDOUT 2025-09-02T17:07:43.223Z] [Migration] Processing flash_id: 86340729, downloading from: https://invader-flashes.s3.amazonaws.com/media/queries/2025/05/19/img_GuoYB3l.jpg
[STDOUT 2025-09-02T17:07:43.413Z] [Migration] Downloaded from S3: https://invader-flashes.s3.amazonaws.com/media/queries/2025/05/19/img_GuoYB3l.jpg
[STDOUT 2025-09-02T17:07:44.225Z] 86340729: QmPEQFQg36GvAqo6zfRAtmcsvyjV41irkE1K1rdEYzDudk
[STDOUT 2025-09-02T17:07:46.028Z] [Migration] Processing flash_id: 86340733, downloading from: https://invader-flashes.s3.amazonaws.com/media/queries/2025/05/19/image_SE4bZCa.jpg
[STDOUT 2025-09-02T17:07:46.135Z] [Migration] Downloaded from S3: https://invader-flashes.s3.amazonaws.com/media/queries/2025/05/19/image_SE4bZCa.jpg
[STDOUT 2025-09-02T17:07:46.654Z] 86340733: QmcT9q2GGbN9nUhauozWeQSRLBffF2y3UFJtKzkrtDTV1d
[STDOUT 2025-09-02T17:07:48.459Z] [Migration] Processing flash_id: 86340735, downloading from: https://invader-flashes.s3.amazonaws.com/media/queries/2025/05/19/image_hcFnQP0.jpg
[STDOUT 2025-09-02T17:07:48.575Z] [Migration] Downloaded from S3: https://invader-flashes.s3.amazonaws.com/media/queries/2025/05/19/image_hcFnQP0.jpg
[STDOUT 2025-09-02T17:07:49.175Z] 86340735: QmV6S9efE3sMDAvCLck5htgmcymj6CPzYE28RRg8QhWVPj
[STDOUT 2025-09-02T17:07:50.977Z] [Migration] Processing flash_id: 86340737, downloading from: https://invader-flashes.s3.amazonaws.com/media/queries/2025/05/19/image_dSC0Kei.jpg
[STDOUT 2025-09-02T17:07:51.089Z] [Migration] Downloaded from S3: https://invader-flashes.s3.amazonaws.com/media/queries/2025/05/19/image_dSC0Kei.jpg
[STDOUT 2025-09-02T17:07:51.663Z] 86340737: QmWp159cVAXctqGAC7nQTG6si7vZqFe2wVeyfoYSPjNifM
[STDOUT 2025-09-02T17:07:53.465Z] [Migration] Processing flash_id: 86340738, downloading from: https://invader-flashes.s3.amazonaws.com/media/queries/2025/05/19/image_3JndvXr.jpg
[STDOUT 2025-09-02T17:07:53.637Z] [Migration] Downloaded from S3: https://invader-flashes.s3.amazonaws.com/media/queries/2025/05/19/image_3JndvXr.jpg
[STDOUT 2025-09-02T17:07:54.170Z] 86340738: QmbauV31xMyGyAKjU4ogC9wr2YFcvjUFePP929RkNnVnJV
[STDOUT 2025-09-02T17:07:55.972Z] [Migration] Processing flash_id: 86340740, downloading from: https://invader-flashes.s3.amazonaws.com/media/queries/2025/05/19/image_FGPHMuJ.jpg
[STDOUT 2025-09-02T17:07:56.096Z] [Migration] Downloaded from S3: https://invader-flashes.s3.amazonaws.com/media/queries/2025/05/19/image_FGPHMuJ.jpg
[STDOUT 2025-09-02T17:07:56.661Z] 86340740: QmR1DXwPJSqTqj381E8nTGJcL622zd62UfosBjmQqxi3c7
[STDOUT 2025-09-02T17:07:58.463Z] [Migration] Processing flash_id: 86340745, downloading from: https://invader-flashes.s3.amazonaws.com/media/queries/2025/05/19/image_ztOCHwN.jpg
[STDOUT 2025-09-02T17:07:58.570Z] [Migration] Downloaded from S3: https://invader-flashes.s3.amazonaws.com/media/queries/2025/05/19/image_ztOCHwN.jpg
[STDOUT 2025-09-02T17:07:59.010Z] 86340745: Qmbaj87yWdSw1pMuToe8TN9X2yLLLoh5JmEvsuu8CiYXQR
[STDOUT 2025-09-02T17:08:00.811Z] [Migration] Processing flash_id: 86340746, downloading from: https://invader-flashes.s3.amazonaws.com/media/queries/2025/05/19/img_LbYNAXT.jpg
[STDOUT 2025-09-02T17:08:00.969Z] [Migration] Downloaded from S3: https://invader-flashes.s3.amazonaws.com/media/queries/2025/05/19/img_LbYNAXT.jpg
[STDOUT 2025-09-02T17:08:01.576Z] 86340746: Qme4X92VrrAUsynX3pBWW4MZgvWX8BiRpHov9hnxZvwTtE
[STDOUT 2025-09-02T17:08:03.378Z] [Migration] Processing flash_id: 86340749, downloading from: https://invader-flashes.s3.amazonaws.com/media/queries/2025/05/19/image_z4ryRW4.jpg
[STDOUT 2025-09-02T17:08:03.542Z] [Migration] Downloaded from S3: https://invader-flashes.s3.amazonaws.com/media/queries/2025/05/19/image_z4ryRW4.jpg
[STDOUT 2025-09-02T17:08:05.146Z] 86340749: QmPvM9wgCiPVoUAPGSqAQsgGtCeUJM8garfUVe9Ge3pArH
[STDOUT 2025-09-02T17:08:06.947Z] [Migration] Processing flash_id: 86340750, downloading from: https://invader-flashes.s3.amazonaws.com/media/queries/2025/05/19/image_9MAjzAR.jpg
[STDOUT 2025-09-02T17:08:07.080Z] [Migration] Downloaded from S3: https://invader-flashes.s3.amazonaws.com/media/queries/2025/05/19/image_9MAjzAR.jpg
[STDOUT 2025-09-02T17:08:08.185Z] 86340750: QmdrTD6ZRnHcnDssAdjEwqeMPXo23FVmT93JHe84ijqKU3
[STDOUT 2025-09-02T17:08:09.988Z] [Migration] Processing flash_id: 86340751, downloading from: https://invader-flashes.s3.amazonaws.com/media/queries/2025/05/19/image_A1lwIv2.jpg
[STDOUT 2025-09-02T17:08:10.151Z] [Migration] Downloaded from S3: https://invader-flashes.s3.amazonaws.com/media/queries/2025/05/19/image_A1lwIv2.jpg
[STDOUT 2025-09-02T17:08:10.695Z] 86340751: QmasmzwFHekc38E1GNeGGVZcAjUbTSL3ZZD537rSQFux4N
[STDOUT 2025-09-02T17:08:12.496Z] [Migration] Processing flash_id: 86340752, downloading from: https://invader-flashes.s3.amazonaws.com/media/queries/2025/05/19/image_x1KaT94.jpg
[STDOUT 2025-09-02T17:08:12.668Z] [Migration] Downloaded from S3: https://invader-flashes.s3.amazonaws.com/media/queries/2025/05/19/image_x1KaT94.jpg
[STDOUT 2025-09-02T17:08:13.899Z] 86340752: QmccbENxQrfNZVdVDGsCwpKSZg6eSKS8Ze7yHRc4S3N7Lh
[STDOUT 2025-09-02T17:08:15.701Z] [Migration] Processing flash_id: 86340753, downloading from: https://invader-flashes.s3.amazonaws.com/media/queries/2025/05/19/image_EXUnyNc.jpg
[STDOUT 2025-09-02T17:08:15.812Z] [Migration] Downloaded from S3: https://invader-flashes.s3.amazonaws.com/media/queries/2025/05/19/image_EXUnyNc.jpg
[STDOUT 2025-09-02T17:08:16.409Z] 86340753: QmSHSJzmYVUXPt9TYkXt83J4pR9Duu8LvgQWckbunP6heB
[STDOUT 2025-09-02T17:08:18.211Z] [Migration] Processing flash_id: 86340757, downloading from: https://invader-flashes.s3.amazonaws.com/media/queries/2025/05/19/img_eq3dbVB.jpg
[STDOUT 2025-09-02T17:08:18.389Z] [Migration] Downloaded from S3: https://invader-flashes.s3.amazonaws.com/media/queries/2025/05/19/img_eq3dbVB.jpg
[STDOUT 2025-09-02T17:08:20.513Z] 86340757: Qmf6azPMdkMDJfwdkh9woLxzBMyNtxbJJ7dRSPErkbQdHa
[STDOUT 2025-09-02T17:08:25.471Z] [Migration] Processing flash_id: 86342357, downloading from: https://invader-flashes.s3.amazonaws.com/media/queries/2025/05/19/img_m99MYix.jpg
[STDOUT 2025-09-02T17:08:25.801Z] [Migration] Downloaded from S3: https://invader-flashes.s3.amazonaws.com/media/queries/2025/05/19/img_m99MYix.jpg
[STDOUT 2025-09-02T17:08:26.729Z] 86342357: QmRzPgwaT7sxK5rwTPBdSsFyjA6rHpWQDEEd4uzXzviBPF
[STDOUT 2025-09-02T17:08:28.534Z] [Migration] Processing flash_id: 86342358, downloading from: https://invader-flashes.s3.amazonaws.com/media/queries/2025/05/19/image_FxNrsP0.jpg
[STDOUT 2025-09-02T17:08:28.755Z] [Migration] Downloaded from S3: https://invader-flashes.s3.amazonaws.com/media/queries/2025/05/19/image_FxNrsP0.jpg
[STDOUT 2025-09-02T17:08:29.395Z] 86342358: QmWgsMrXc7jUizFHXEsKNXNsKYqgazQmVWyELh3USaJY5B
[STDOUT 2025-09-02T17:08:31.198Z] [Migration] Processing flash_id: 86342359, downloading from: https://invader-flashes.s3.amazonaws.com/media/queries/2025/05/19/image_nnHA2fN.jpg
[STDOUT 2025-09-02T17:08:31.296Z] [Migration] Downloaded from S3: https://invader-flashes.s3.amazonaws.com/media/queries/2025/05/19/image_nnHA2fN.jpg
[STDOUT 2025-09-02T17:08:31.843Z] 86342359: QmeCNatQMRS4JNpath2w4uHemR9fmmD1xowQRU1tT5CHFk
[STDOUT 2025-09-02T17:08:33.645Z] [Migration] Processing flash_id: 86342363, downloading from: https://invader-flashes.s3.amazonaws.com/media/queries/2025/05/19/image_nUjxUWi.jpg
[STDOUT 2025-09-02T17:08:33.840Z] [Migration] Downloaded from S3: https://invader-flashes.s3.amazonaws.com/media/queries/2025/05/19/image_nUjxUWi.jpg
[STDOUT 2025-09-02T17:08:34.471Z] 86342363: QmWtRt2FkFdJgNxhfoxi2ZwTp6wha2r5a3khwj2RXapqwb
[STDOUT 2025-09-02T17:08:36.275Z] [Migration] Processing flash_id: 86342365, downloading from: https://invader-flashes.s3.amazonaws.com/media/queries/2025/05/19/image_yaFDMiX.jpg
[STDOUT 2025-09-02T17:08:36.370Z] [Migration] Downloaded from S3: https://invader-flashes.s3.amazonaws.com/media/queries/2025/05/19/image_yaFDMiX.jpg
[STDOUT 2025-09-02T17:08:36.952Z] 86342365: QmUHYFp6tkBCzeBasF49iViATd2nuAevG29JTPTLb3tUva
[STDOUT 2025-09-02T17:08:38.754Z] [Migration] Processing flash_id: 86342366, downloading from: https://invader-flashes.s3.amazonaws.com/media/queries/2025/05/19/image_3mSPyio.jpg
[STDOUT 2025-09-02T17:08:38.856Z] [Migration] Downloaded from S3: https://invader-flashes.s3.amazonaws.com/media/queries/2025/05/19/image_3mSPyio.jpg
[STDOUT 2025-09-02T17:08:39.885Z] 86342366: QmYfbWrbRZPo5YkGm8ULskzcXavcjVsMh9MxdKv16hMtnb
[STDOUT 2025-09-02T17:08:41.687Z] [Migration] Processing flash_id: 86342371, downloading from: https://invader-flashes.s3.amazonaws.com/media/queries/2025/05/19/img_bOVxCja.jpg
[STDOUT 2025-09-02T17:08:41.795Z] [Migration] Downloaded from S3: https://invader-flashes.s3.amazonaws.com/media/queries/2025/05/19/img_bOVxCja.jpg
[STDOUT 2025-09-02T17:08:42.373Z] 86342371: QmPKG1rQKNxCaF7DpxmwCXskiSoSBAwmtQ9Xgr2uE3ruGA
[STDOUT 2025-09-02T17:08:44.173Z] [Migration] Processing flash_id: 86342373, downloading from: https://invader-flashes.s3.amazonaws.com/media/queries/2025/05/19/img_rtfceey.jpg
[STDOUT 2025-09-02T17:08:44.283Z] [Migration] Downloaded from S3: https://invader-flashes.s3.amazonaws.com/media/queries/2025/05/19/img_rtfceey.jpg
[STDOUT 2025-09-02T17:08:44.837Z] 86342373: QmcJ3hf7Dyu2KYKpu8tJ1DVrwp88zrPDxQNa7aJ7rwxp1s
[STDOUT 2025-09-02T17:08:46.640Z] [Migration] Processing flash_id: 86342383, downloading from: https://invader-flashes.s3.amazonaws.com/media/queries/2025/05/19/img_tREUs42.jpg
[STDOUT 2025-09-02T17:08:46.775Z] [Migration] Downloaded from S3: https://invader-flashes.s3.amazonaws.com/media/queries/2025/05/19/img_tREUs42.jpg
[STDOUT 2025-09-02T17:08:47.310Z] 86342383: QmYLfjNWtvr8cwveeCpZw7NYac5cLVHQ1yox7VSfcRYdVG
[STDOUT 2025-09-02T17:08:49.113Z] [Migration] Processing flash_id: 86342384, downloading from: https://invader-flashes.s3.amazonaws.com/media/queries/2025/05/19/image_8Kh8leg.jpg
[STDOUT 2025-09-02T17:08:49.217Z] [Migration] Downloaded from S3: https://invader-flashes.s3.amazonaws.com/media/queries/2025/05/19/image_8Kh8leg.jpg
[STDOUT 2025-09-02T17:08:49.816Z] 86342384: QmYeGy11ZbuYSjdJ1Qhtdb41m9H6Ud4rLGtBHiYyajpJxE
[STDOUT 2025-09-02T17:08:51.618Z] [Migration] Processing flash_id: 86342385, downloading from: https://invader-flashes.s3.amazonaws.com/media/queries/2025/05/19/img_xSTiXH0.jpg
[STDOUT 2025-09-02T17:08:51.731Z] [Migration] Downloaded from S3: https://invader-flashes.s3.amazonaws.com/media/queries/2025/05/19/img_xSTiXH0.jpg
[STDOUT 2025-09-02T17:08:52.322Z] 86342385: QmUhadaPnVSVxJUa8yLyrVJa8tVhbQVfen9Ccv3syGb8ts
[STDOUT 2025-09-02T17:08:54.125Z] [Migration] Processing flash_id: 86342388, downloading from: https://invader-flashes.s3.amazonaws.com/media/queries/2025/05/19/image_dyGPvjp.jpg
[STDOUT 2025-09-02T17:08:54.237Z] [Migration] Downloaded from S3: https://invader-flashes.s3.amazonaws.com/media/queries/2025/05/19/image_dyGPvjp.jpg
[STDOUT 2025-09-02T17:08:54.912Z] 86342388: Qma3Xcc7Uq2aFBkXcGqmxYPU3qRcqEA2MMfzqnn2pVCtU7
[STDOUT 2025-09-02T17:08:56.716Z] [Migration] Processing flash_id: 86342389, downloading from: https://invader-flashes.s3.amazonaws.com/media/queries/2025/05/19/img_yxkGzRW.jpg
[STDOUT 2025-09-02T17:08:56.865Z] [Migration] Downloaded from S3: https://invader-flashes.s3.amazonaws.com/media/queries/2025/05/19/img_yxkGzRW.jpg
[STDOUT 2025-09-02T17:08:57.409Z] 86342389: QmZ5g1X31oRNocQRrgGZVfPyATSjcYdzYvJ9s6arCtAm36
[STDOUT 2025-09-02T17:08:59.213Z] [Migration] Processing flash_id: 86342395, downloading from: https://invader-flashes.s3.amazonaws.com/media/queries/2025/05/19/image_IUII40O.jpg
[STDOUT 2025-09-02T17:08:59.358Z] [Migration] Downloaded from S3: https://invader-flashes.s3.amazonaws.com/media/queries/2025/05/19/image_IUII40O.jpg
[STDOUT 2025-09-02T17:08:59.888Z] 86342395: QmQscnBZP9wVVBtYErnSZjxPrH7m81SrQXJFiG5p3LYRMe
[STDOUT 2025-09-02T17:09:01.692Z] [Migration] Processing flash_id: 86342396, downloading from: https://invader-flashes.s3.amazonaws.com/media/queries/2025/05/19/image_IJE27g3.jpg
[STDOUT 2025-09-02T17:09:01.819Z] [Migration] Downloaded from S3: https://invader-flashes.s3.amazonaws.com/media/queries/2025/05/19/image_IJE27g3.jpg
[STDOUT 2025-09-02T17:09:02.454Z] 86342396: QmdsZSWBWN8bWaMXK7RfZ56AVeXu67FzmcvKpZ85sFc7Dm
[STDOUT 2025-09-02T17:09:04.256Z] [Migration] Processing flash_id: 86342397, downloading from: https://invader-flashes.s3.amazonaws.com/media/queries/2025/05/19/image_KzZLvB2.jpg
[STDOUT 2025-09-02T17:09:04.401Z] [Migration] Downloaded from S3: https://invader-flashes.s3.amazonaws.com/media/queries/2025/05/19/image_KzZLvB2.jpg
[STDOUT 2025-09-02T17:09:05.092Z] 86342397: Qmds6rFARkvWv4NPww7ekEh6KxAgvz71AhoagHyhu9inM4
[STDOUT 2025-09-02T17:09:06.896Z] [Migration] Processing flash_id: 86342398, downloading from: https://invader-flashes.s3.amazonaws.com/media/queries/2025/05/19/image_Mr4NEnW.jpg
[STDOUT 2025-09-02T17:09:07.031Z] [Migration] Downloaded from S3: https://invader-flashes.s3.amazonaws.com/media/queries/2025/05/19/image_Mr4NEnW.jpg
[STDOUT 2025-09-02T17:09:07.554Z] 86342398: QmS4BNoGT5QHnVVFjTmSMvYppmG7oLkP2rhvdiBzraYYPH
[STDOUT 2025-09-02T17:09:09.358Z] [Migration] Processing flash_id: 86342400, downloading from: https://invader-flashes.s3.amazonaws.com/media/queries/2025/05/19/img_yNZHrEt.jpg
[STDOUT 2025-09-02T17:09:09.511Z] [Migration] Downloaded from S3: https://invader-flashes.s3.amazonaws.com/media/queries/2025/05/19/img_yNZHrEt.jpg
[STDOUT 2025-09-02T17:09:10.165Z] 86342400: QmVZSvqvZ8TSxvkUyr9rynkf5qpK4j1fi6SiPZ7u2pteKj
[STDOUT 2025-09-02T17:09:11.968Z] [Migration] Processing flash_id: 86342401, downloading from: https://invader-flashes.s3.amazonaws.com/media/queries/2025/05/19/img_Vgl8eMq.jpg
[STDOUT 2025-09-02T17:09:12.150Z] [Migration] Downloaded from S3: https://invader-flashes.s3.amazonaws.com/media/queries/2025/05/19/img_Vgl8eMq.jpg
[STDOUT 2025-09-02T17:09:12.780Z] 86342401: QmQUWJW3pqYiVfbsH7A8aEkNW45BXL1M5zDTTuqtZYKCLL
[STDOUT 2025-09-02T17:09:14.582Z] [Migration] Processing flash_id: 86342407, downloading from: https://invader-flashes.s3.amazonaws.com/media/queries/2025/05/19/image_daZaf78.jpg
[STDOUT 2025-09-02T17:09:14.684Z] [Migration] Downloaded from S3: https://invader-flashes.s3.amazonaws.com/media/queries/2025/05/19/image_daZaf78.jpg
[STDOUT 2025-09-02T17:09:15.250Z] 86342407: QmTHH6FmvzgsGqtUTnQi4M1r7UjwwHCJYvLxeFvAA7saSR
[STDOUT 2025-09-02T17:09:17.053Z] [Migration] Processing flash_id: 86342408, downloading from: https://invader-flashes.s3.amazonaws.com/media/queries/2025/05/19/image_RHdRE4x.jpg
[STDOUT 2025-09-02T17:09:17.223Z] [Migration] Downloaded from S3: https://invader-flashes.s3.amazonaws.com/media/queries/2025/05/19/image_RHdRE4x.jpg
[STDOUT 2025-09-02T17:09:17.804Z] 86342408: QmPqiNguaKFum2fKuemMz8rtvYA3oPPdmoGC4AYHrG6eZb
[STDOUT 2025-09-02T17:09:19.608Z] [Migration] Processing flash_id: 86342411, downloading from: https://invader-flashes.s3.amazonaws.com/media/queries/2025/05/19/image_Zk53eBE.jpg
[STDOUT 2025-09-02T17:09:19.761Z] [Migration] Downloaded from S3: https://invader-flashes.s3.amazonaws.com/media/queries/2025/05/19/image_Zk53eBE.jpg
[STDOUT 2025-09-02T17:09:20.546Z] 86342411: Qmd32gGMyqij49VEBnPKHnd8WmsHDRPe1jSj2zXA6itSCF
[STDOUT 2025-09-02T17:09:22.348Z] [Migration] Processing flash_id: 86342412, downloading from: https://invader-flashes.s3.amazonaws.com/media/queries/2025/05/19/image_EsCLyEB.jpg
[STDOUT 2025-09-02T17:09:22.474Z] [Migration] Downloaded from S3: https://invader-flashes.s3.amazonaws.com/media/queries/2025/05/19/image_EsCLyEB.jpg
[STDOUT 2025-09-02T17:09:22.997Z] 86342412: QmVDnRX6pNsmBCg86J2gmhjHbqxq9E8TURCJL3gzSqpeHj
[STDOUT 2025-09-02T17:09:24.800Z] [Migration] Processing flash_id: 86342413, downloading from: https://invader-flashes.s3.amazonaws.com/media/queries/2025/05/19/image_wV8mxok.jpg
[STDOUT 2025-09-02T17:09:24.941Z] [Migration] Downloaded from S3: https://invader-flashes.s3.amazonaws.com/media/queries/2025/05/19/image_wV8mxok.jpg
[STDOUT 2025-09-02T17:09:25.524Z] 86342413: QmPSnW29UyPz7A3kBo3AnCpAgkAwvdPCZWnuWTDwKk9Auk
[STDOUT 2025-09-02T17:09:27.326Z] [Migration] Processing flash_id: 86342414, downloading from: https://invader-flashes.s3.amazonaws.com/media/queries/2025/05/19/image_6ANMrWf.jpg
[STDOUT 2025-09-02T17:09:27.419Z] [Migration] Downloaded from S3: https://invader-flashes.s3.amazonaws.com/media/queries/2025/05/19/image_6ANMrWf.jpg
[STDOUT 2025-09-02T17:09:28.282Z] 86342414: QmT7Ma9QZ2XBpeCz533Aw18asSkZRjRCGWT574Zt2dKQgf
[STDOUT 2025-09-02T17:09:30.083Z] [Migration] Processing flash_id: 86342417, downloading from: https://invader-flashes.s3.amazonaws.com/media/queries/2025/05/19/img_wODCf1Q.jpg
[STDOUT 2025-09-02T17:09:30.214Z] [Migration] Downloaded from S3: https://invader-flashes.s3.amazonaws.com/media/queries/2025/05/19/img_wODCf1Q.jpg
[STDOUT 2025-09-02T17:09:30.793Z] 86342417: QmYM5JmseVmyY5bWTy6n7xCL9cWZTfD2SZvxEwgsPbqxXR
[STDOUT 2025-09-02T17:09:32.593Z] [Migration] Processing flash_id: 86342419, downloading from: https://invader-flashes.s3.amazonaws.com/media/queries/2025/05/19/image_pxB3xYz.jpg
[STDOUT 2025-09-02T17:09:32.691Z] [Migration] Downloaded from S3: https://invader-flashes.s3.amazonaws.com/media/queries/2025/05/19/image_pxB3xYz.jpg
[STDOUT 2025-09-02T17:09:33.303Z] 86342419: QmUGxSD24EjexUpGRRjM3RcMPnSQb7QQa13CmQD5a4GsBT
[STDOUT 2025-09-02T17:09:35.105Z] [Migration] Processing flash_id: 86343116, downloading from: https://invader-flashes.s3.amazonaws.com/media/queries/2025/05/19/image_3bnHLiW.jpg
[STDOUT 2025-09-02T17:09:35.241Z] [Migration] Downloaded from S3: https://invader-flashes.s3.amazonaws.com/media/queries/2025/05/19/image_3bnHLiW.jpg
[STDOUT 2025-09-02T17:09:35.952Z] 86343116: QmQpesiP8zCvzRem46fMgD18WhjgSedjv29pdj37Hr9cHH
[STDOUT 2025-09-02T17:09:37.754Z] [Migration] Processing flash_id: 86343117, downloading from: https://invader-flashes.s3.amazonaws.com/media/queries/2025/05/19/image_KofWvYD.jpg
[STDOUT 2025-09-02T17:09:37.895Z] [Migration] Downloaded from S3: https://invader-flashes.s3.amazonaws.com/media/queries/2025/05/19/image_KofWvYD.jpg
[STDOUT 2025-09-02T17:09:38.485Z] 86343117: QmUCvW1w3oFJosm1R8A1fw9oe7US5AR5uU8XmJhFM5hXP2
[STDOUT 2025-09-02T17:09:40.289Z] [Migration] Processing flash_id: 86343118, downloading from: https://invader-flashes.s3.amazonaws.com/media/queries/2025/05/19/img_AsXmFpB.jpg
[STDOUT 2025-09-02T17:09:40.442Z] [Migration] Downloaded from S3: https://invader-flashes.s3.amazonaws.com/media/queries/2025/05/19/img_AsXmFpB.jpg
[STDOUT 2025-09-02T17:09:41.201Z] 86343118: Qmd979BPexXYxuiUM9dM1WYbAEdEa1UEdsZijPiih3FcpM
[STDOUT 2025-09-02T17:09:43.001Z] [Migration] Processing flash_id: 86343120, downloading from: https://invader-flashes.s3.amazonaws.com/media/queries/2025/05/19/image_QLH8KFl.jpg
[STDOUT 2025-09-02T17:09:43.143Z] [Migration] Downloaded from S3: https://invader-flashes.s3.amazonaws.com/media/queries/2025/05/19/image_QLH8KFl.jpg
[STDOUT 2025-09-02T17:09:43.821Z] 86343120: QmcEpjQMiYqSCX1TYwemeWNosDwux96Vim1HS5xxJkhAwU
[STDOUT 2025-09-02T17:09:45.622Z] [Migration] Processing flash_id: 86343216, downloading from: https://invader-flashes.s3.amazonaws.com/media/queries/2025/05/19/image_j48wQuY.jpg
[STDOUT 2025-09-02T17:09:45.723Z] [Migration] Downloaded from S3: https://invader-flashes.s3.amazonaws.com/media/queries/2025/05/19/image_j48wQuY.jpg
[STDOUT 2025-09-02T17:09:46.242Z] 86343216: QmbXin7Kws3QV1L4TqfBznyJLXdkGabnvUiKV8rA9HEgWW
[STDOUT 2025-09-02T17:09:48.044Z] [Migration] Processing flash_id: 86343221, downloading from: https://invader-flashes.s3.amazonaws.com/media/queries/2025/05/19/image_JpKFjzJ.jpg
[STDOUT 2025-09-02T17:09:48.137Z] [Migration] Downloaded from S3: https://invader-flashes.s3.amazonaws.com/media/queries/2025/05/19/image_JpKFjzJ.jpg
[STDOUT 2025-09-02T17:09:48.731Z] 86343221: QmSi1JJiMthvCptoMS5i2quNevPNDkfnifpxxsCV8UpQZz
[STDOUT 2025-09-02T17:09:50.534Z] [Migration] Processing flash_id: 86343223, downloading from: https://invader-flashes.s3.amazonaws.com/media/queries/2025/05/19/image_7Pr20CO.jpg
[STDOUT 2025-09-02T17:09:50.671Z] [Migration] Downloaded from S3: https://invader-flashes.s3.amazonaws.com/media/queries/2025/05/19/image_7Pr20CO.jpg
[STDOUT 2025-09-02T17:09:51.244Z] 86343223: QmNXqbkFdSge1VetCxHcNs4oZzijdg3WzGBsLgTHnMSamu
[STDOUT 2025-09-02T17:09:53.047Z] [Migration] Processing flash_id: 86343227, downloading from: https://invader-flashes.s3.amazonaws.com/media/queries/2025/05/19/image_8Amhbqx.jpg
[STDOUT 2025-09-02T17:09:53.146Z] [Migration] Downloaded from S3: https://invader-flashes.s3.amazonaws.com/media/queries/2025/05/19/image_8Amhbqx.jpg
[STDOUT 2025-09-02T17:09:53.690Z] 86343227: QmYtGN2oVSnW4V6BZ1tx14Q8GtQYKji32uXfbW7sCkKCVt
[STDOUT 2025-09-02T17:09:55.492Z] [Migration] Processing flash_id: 86343228, downloading from: https://invader-flashes.s3.amazonaws.com/media/queries/2025/05/19/img_YEBaSjo.jpg
[STDOUT 2025-09-02T17:09:55.647Z] [Migration] Downloaded from S3: https://invader-flashes.s3.amazonaws.com/media/queries/2025/05/19/img_YEBaSjo.jpg
[STDOUT 2025-09-02T17:09:56.247Z] 86343228: QmXMpoWmGq28QsNQzvKf18G2quavori9yhBuDGRN3Qq4eS
[STDOUT 2025-09-02T17:09:58.050Z] [Migration] Processing flash_id: 86343230, downloading from: https://invader-flashes.s3.amazonaws.com/media/queries/2025/05/19/image_65Aw9fv.jpg
[STDOUT 2025-09-02T17:09:58.151Z] [Migration] Downloaded from S3: https://invader-flashes.s3.amazonaws.com/media/queries/2025/05/19/image_65Aw9fv.jpg
[STDOUT 2025-09-02T17:09:58.659Z] 86343230: QmbnBfgtyDwfNuT6t7Rv3mZsnrUwCXeMaJtTJCHgCLHuj7
[STDOUT 2025-09-02T17:10:00.462Z] [Migration] Processing flash_id: 86343231, downloading from: https://invader-flashes.s3.amazonaws.com/media/queries/2025/05/19/image_bi7eYM0.jpg
[STDOUT 2025-09-02T17:10:00.562Z] [Migration] Downloaded from S3: https://invader-flashes.s3.amazonaws.com/media/queries/2025/05/19/image_bi7eYM0.jpg
[STDOUT 2025-09-02T17:10:01.142Z] 86343231: QmZbLNvN9iNhkm758tyvEC3MsoG7R5bXssxiisNfhNcMj8
[STDOUT 2025-09-02T17:10:02.947Z] [Migration] Processing flash_id: 86343234, downloading from: https://invader-flashes.s3.amazonaws.com/media/queries/2025/05/19/image_qmmHfe9.jpg
[STDOUT 2025-09-02T17:10:03.105Z] [Migration] Downloaded from S3: https://invader-flashes.s3.amazonaws.com/media/queries/2025/05/19/image_qmmHfe9.jpg
[STDOUT 2025-09-02T17:10:03.721Z] 86343234: QmeYvDbKKXWnGbmYWYuGvUPJBUyCo9Lzoe3Zynzr8NB5QK
[STDOUT 2025-09-02T17:10:05.522Z] [Migration] Processing flash_id: 86343236, downloading from: https://invader-flashes.s3.amazonaws.com/media/queries/2025/05/19/image_XdvQAsr.jpg
[STDOUT 2025-09-02T17:10:05.634Z] [Migration] Downloaded from S3: https://invader-flashes.s3.amazonaws.com/media/queries/2025/05/19/image_XdvQAsr.jpg
[STDOUT 2025-09-02T17:10:06.325Z] 86343236: QmVwBfjgeLw3neo4Xie2XPAf5mEdpBNfAgj3PMkqHx9H6Q
[STDOUT 2025-09-02T17:10:08.131Z] [Migration] Processing flash_id: 86343237, downloading from: https://invader-flashes.s3.amazonaws.com/media/queries/2025/05/19/image_g4VlMI6.jpg
[STDOUT 2025-09-02T17:10:08.229Z] [Migration] Downloaded from S3: https://invader-flashes.s3.amazonaws.com/media/queries/2025/05/19/image_g4VlMI6.jpg
[STDOUT 2025-09-02T17:10:08.819Z] 86343237: QmPy3tPyC9NNNsJvotm3Hxb3UWZHQrdN5wdi1cKrkUQSN1
[STDOUT 2025-09-02T17:10:10.620Z] [Migration] Processing flash_id: 86343238, downloading from: https://invader-flashes.s3.amazonaws.com/media/queries/2025/05/19/image_KejOIGA.jpg
[STDOUT 2025-09-02T17:10:10.793Z] [Migration] Downloaded from S3: https://invader-flashes.s3.amazonaws.com/media/queries/2025/05/19/image_KejOIGA.jpg
