[STDOUT 2025-09-02T17:03:52.215Z] [dotenv@17.2.1] injecting env (0) from .env -- tip: 🛠️  run anywhere with `dotenvx run -- yourcommand`
[STDOUT 2025-09-02T17:03:52.692Z] [ProxyRotator] Debug: PROXY_LIST env var = [CONFIGURED]
[ProxyRotator] Loaded 1 proxies from environment
[ProxyRotator] Detected DataImpulse proxies - optimizing configuration for premium service
[STDOUT 2025-09-02T17:03:52.703Z] 🌐 [Migration] No proxy configured - using direct connections
[STDOUT 2025-09-02T17:03:52.802Z] Database connection established
[STDOUT 2025-09-02T17:03:53.222Z] Starting migration: 50 per batch, 16606 batches max
Worker 5: Starting from offset 3321148
[STDOUT 2025-09-02T17:03:53.224Z] 📊 Total records without IPFS CID: 4981716
[STDOUT 2025-09-02T17:03:54.570Z] [Migration] Processing flash_id: 88781758, downloading from: https://invader-flashes.s3.amazonaws.com/media/queries/2025/06/21/k/kiJzmnAm.jpg
[STDOUT 2025-09-02T17:03:55.017Z] [Migration] Downloaded from S3: https://invader-flashes.s3.amazonaws.com/media/queries/2025/06/21/k/kiJzmnAm.jpg
[STDOUT 2025-09-02T17:03:55.793Z] 88781758: Qmf5H8nhjuFko8NeRUoD5irzjKSp295Dih7XVcDGskz7KK
[STDOUT 2025-09-02T17:03:57.595Z] [Migration] Processing flash_id: 88781761, downloading from: https://invader-flashes.s3.amazonaws.com/media/queries/2025/06/21/r/rBzSSWyp.jpg
[STDOUT 2025-09-02T17:03:57.792Z] [Migration] Downloaded from S3: https://invader-flashes.s3.amazonaws.com/media/queries/2025/06/21/r/rBzSSWyp.jpg
[STDOUT 2025-09-02T17:03:58.429Z] 88781761: QmQdyWYCxP94vzDtdbAdWzFyxbwpW7aLSQPESLUk8ZT4F1
[STDOUT 2025-09-02T17:04:00.232Z] [Migration] Processing flash_id: 88781769, downloading from: https://invader-flashes.s3.amazonaws.com/media/queries/2025/06/21/Y/YSWjzJSi.jpg
[STDOUT 2025-09-02T17:04:00.335Z] [Migration] Downloaded from S3: https://invader-flashes.s3.amazonaws.com/media/queries/2025/06/21/Y/YSWjzJSi.jpg
[STDOUT 2025-09-02T17:04:01.257Z] 88781769: QmcxJKHTUaBURPhSGXd4gVRBZDPnCbrjkN6WD11Zi67iQy
[STDOUT 2025-09-02T17:04:03.058Z] [Migration] Processing flash_id: 88781770, downloading from: https://invader-flashes.s3.amazonaws.com/media/queries/2025/06/21/Z/Zx5h3mX3.jpg
[STDOUT 2025-09-02T17:04:03.156Z] [Migration] Downloaded from S3: https://invader-flashes.s3.amazonaws.com/media/queries/2025/06/21/Z/Zx5h3mX3.jpg
[STDOUT 2025-09-02T17:04:03.708Z] 88781770: QmbncQQDa2GAi4wg9egzSyqAKuHJ86n6u8LneYP1w9fvkJ
[STDOUT 2025-09-02T17:04:05.508Z] [Migration] Processing flash_id: 88781773, downloading from: https://invader-flashes.s3.amazonaws.com/media/queries/2025/06/21/Q/QiJ7o5Dm.jpg
[STDOUT 2025-09-02T17:04:05.619Z] [Migration] Downloaded from S3: https://invader-flashes.s3.amazonaws.com/media/queries/2025/06/21/Q/QiJ7o5Dm.jpg
[STDOUT 2025-09-02T17:04:06.168Z] 88781773: Qma6vkb53zABXjk4dFZXTKfQo4XCBEmTr1Sqa9kKzeVaSr
[STDOUT 2025-09-02T17:04:07.970Z] [Migration] Processing flash_id: 88781774, downloading from: https://invader-flashes.s3.amazonaws.com/media/queries/2025/06/21/e/eCSJnoMQ.jpg
[STDOUT 2025-09-02T17:04:08.075Z] [Migration] Downloaded from S3: https://invader-flashes.s3.amazonaws.com/media/queries/2025/06/21/e/eCSJnoMQ.jpg
[STDOUT 2025-09-02T17:04:08.666Z] 88781774: QmRgq9WX6szTX6Zx3sDa8m5ro9zcem49T3K2ugyHk6dEhd
[STDOUT 2025-09-02T17:04:10.470Z] [Migration] Processing flash_id: 88781778, downloading from: https://invader-flashes.s3.amazonaws.com/media/queries/2025/06/21/e/em6CRSL1.jpg
[STDOUT 2025-09-02T17:04:10.573Z] [Migration] Downloaded from S3: https://invader-flashes.s3.amazonaws.com/media/queries/2025/06/21/e/em6CRSL1.jpg
[STDOUT 2025-09-02T17:04:11.200Z] 88781778: QmdXPjG2hD7Cm1rk592nesRrf2kEcXA5muCT1Zd23XrAxY
[STDOUT 2025-09-02T17:04:13.003Z] [Migration] Processing flash_id: 88781780, downloading from: https://invader-flashes.s3.amazonaws.com/media/queries/2025/06/21/o/oZw6N3u0.jpg
[STDOUT 2025-09-02T17:04:13.094Z] [Migration] Downloaded from S3: https://invader-flashes.s3.amazonaws.com/media/queries/2025/06/21/o/oZw6N3u0.jpg
[STDOUT 2025-09-02T17:04:13.655Z] 88781780: QmRB3gmkwAtsLb56ChydkwqVs62MY94q8D4PTeVNmXHYeg
[STDOUT 2025-09-02T17:04:15.458Z] [Migration] Processing flash_id: 88781781, downloading from: https://invader-flashes.s3.amazonaws.com/media/queries/2025/06/21/Z/Zokj3OMG.jpg
[STDOUT 2025-09-02T17:04:15.547Z] [Migration] Downloaded from S3: https://invader-flashes.s3.amazonaws.com/media/queries/2025/06/21/Z/Zokj3OMG.jpg
[STDOUT 2025-09-02T17:04:16.111Z] 88781781: QmUDLAUsDsfg8SdWu8TKqtfodVY1CGFycwLctA9MvPx3af
[STDOUT 2025-09-02T17:04:17.916Z] [Migration] Processing flash_id: 88781783, downloading from: https://invader-flashes.s3.amazonaws.com/media/queries/2025/06/21/5/5Scxi6ct.jpg
[STDOUT 2025-09-02T17:04:18.060Z] [Migration] Downloaded from S3: https://invader-flashes.s3.amazonaws.com/media/queries/2025/06/21/5/5Scxi6ct.jpg
[STDOUT 2025-09-02T17:04:18.737Z] 88781783: QmaSVaWsFPFKZ7CtEFJmwzpd2dUNdMTNCY7J9QWAXuivcx
[STDOUT 2025-09-02T17:04:20.541Z] [Migration] Processing flash_id: 88781786, downloading from: https://invader-flashes.s3.amazonaws.com/media/queries/2025/06/21/7/7GuLaMWx.jpg
[STDOUT 2025-09-02T17:04:20.656Z] [Migration] Downloaded from S3: https://invader-flashes.s3.amazonaws.com/media/queries/2025/06/21/7/7GuLaMWx.jpg
[STDOUT 2025-09-02T17:04:21.315Z] 88781786: QmVwSfrCAUzX4WjyKGEXVTxX7pyczw1Bha4BXTdxU9W66A
[STDOUT 2025-09-02T17:04:23.118Z] [Migration] Processing flash_id: 88782009, downloading from: https://invader-flashes.s3.amazonaws.com/media/queries/2025/06/21/g/girJthyP.jpg
[STDOUT 2025-09-02T17:04:23.217Z] [Migration] Downloaded from S3: https://invader-flashes.s3.amazonaws.com/media/queries/2025/06/21/g/girJthyP.jpg
[STDOUT 2025-09-02T17:04:23.829Z] 88782009: QmVEZ763BPGbLKdTfuMgnreDXYmDqS9jYbBs8D9KhQHnDr
[STDOUT 2025-09-02T17:04:25.631Z] [Migration] Processing flash_id: 88782010, downloading from: https://invader-flashes.s3.amazonaws.com/media/queries/2025/06/21/N/NsUlchEf.jpg
[STDOUT 2025-09-02T17:04:25.731Z] [Migration] Downloaded from S3: https://invader-flashes.s3.amazonaws.com/media/queries/2025/06/21/N/NsUlchEf.jpg
[STDOUT 2025-09-02T17:04:26.330Z] 88782010: QmakGvJGr2Sj1qyYdjwqt9nmSKHbU6aHrDz3HvmzkSTfZM
[STDOUT 2025-09-02T17:04:28.132Z] [Migration] Processing flash_id: 88782012, downloading from: https://invader-flashes.s3.amazonaws.com/media/queries/2025/06/21/i/i4URBRTc.jpg
[STDOUT 2025-09-02T17:04:28.233Z] [Migration] Downloaded from S3: https://invader-flashes.s3.amazonaws.com/media/queries/2025/06/21/i/i4URBRTc.jpg
[STDOUT 2025-09-02T17:04:28.922Z] 88782012: Qme7jXSBSuBrd7QmX8FWxh6WeRz5kCsU4eLzXWSiFCbSCG
[STDOUT 2025-09-02T17:04:30.724Z] [Migration] Processing flash_id: 88782014, downloading from: https://invader-flashes.s3.amazonaws.com/media/queries/2025/06/21/2/2uNGGbkS.jpg
[STDOUT 2025-09-02T17:04:30.820Z] [Migration] Downloaded from S3: https://invader-flashes.s3.amazonaws.com/media/queries/2025/06/21/2/2uNGGbkS.jpg
[STDOUT 2025-09-02T17:04:31.674Z] 88782014: QmbxYphs8t5uZXmwEWLmBj8mwYb78EZDWzBkg7ZRb2cVH5
[STDOUT 2025-09-02T17:04:33.477Z] [Migration] Processing flash_id: 88782021, downloading from: https://invader-flashes.s3.amazonaws.com/media/queries/2025/06/21/z/ziNx1Ci3.jpg
[STDOUT 2025-09-02T17:04:33.604Z] [Migration] Downloaded from S3: https://invader-flashes.s3.amazonaws.com/media/queries/2025/06/21/z/ziNx1Ci3.jpg
[STDOUT 2025-09-02T17:04:34.166Z] 88782021: QmNhiaG4qwhgL2dyuqSYbi7xv4ngX3meF1Lme52xaGrShV
[STDOUT 2025-09-02T17:04:35.967Z] [Migration] Processing flash_id: 88782028, downloading from: https://invader-flashes.s3.amazonaws.com/media/queries/2025/06/21/K/KbYnWXEy.jpg
[STDOUT 2025-09-02T17:04:36.063Z] [Migration] Downloaded from S3: https://invader-flashes.s3.amazonaws.com/media/queries/2025/06/21/K/KbYnWXEy.jpg
[STDOUT 2025-09-02T17:04:36.672Z] 88782028: QmV3iav7nyMsXSec4habceg23fDGKQS72co6FbEtojCoVo
[STDOUT 2025-09-02T17:04:38.476Z] [Migration] Processing flash_id: 88782029, downloading from: https://invader-flashes.s3.amazonaws.com/media/queries/2025/06/21/M/My9HhFQS.jpg
[STDOUT 2025-09-02T17:04:38.615Z] [Migration] Downloaded from S3: https://invader-flashes.s3.amazonaws.com/media/queries/2025/06/21/M/My9HhFQS.jpg
[STDOUT 2025-09-02T17:04:39.351Z] 88782029: QmTFv78obRwZpW473hpvvGoBDhEdf7H4uFXBUS481kfgaW
[STDOUT 2025-09-02T17:04:41.154Z] [Migration] Processing flash_id: 88782031, downloading from: https://invader-flashes.s3.amazonaws.com/media/queries/2025/06/21/1/1hBK1uGj.jpg
[STDOUT 2025-09-02T17:04:41.297Z] [Migration] Downloaded from S3: https://invader-flashes.s3.amazonaws.com/media/queries/2025/06/21/1/1hBK1uGj.jpg
[STDOUT 2025-09-02T17:04:42.001Z] 88782031: QmbzXb2e5KFCqcZdUJiBYrtzjWLc8ndCQG79Nkz8o3o66y
[STDOUT 2025-09-02T17:04:43.803Z] [Migration] Processing flash_id: 88782035, downloading from: https://invader-flashes.s3.amazonaws.com/media/queries/2025/06/21/4/4TtsalaA.jpg
[STDOUT 2025-09-02T17:04:43.900Z] [Migration] Downloaded from S3: https://invader-flashes.s3.amazonaws.com/media/queries/2025/06/21/4/4TtsalaA.jpg
[STDOUT 2025-09-02T17:04:44.557Z] 88782035: QmVBek5cwph8oGRjs8DBTx64WD452GMitwYAWgwiaxtgkq
[STDOUT 2025-09-02T17:04:46.357Z] [Migration] Processing flash_id: 88782037, downloading from: https://invader-flashes.s3.amazonaws.com/media/queries/2025/06/21/r/rPGk0URx.jpg
[STDOUT 2025-09-02T17:04:46.456Z] [Migration] Downloaded from S3: https://invader-flashes.s3.amazonaws.com/media/queries/2025/06/21/r/rPGk0URx.jpg
[STDOUT 2025-09-02T17:04:47.055Z] 88782037: QmTe9D6mmBUmS8sYexszszoAmEUNmdp9eHUDMGo8KsvYhX
[STDOUT 2025-09-02T17:04:48.858Z] [Migration] Processing flash_id: 88782039, downloading from: https://invader-flashes.s3.amazonaws.com/media/queries/2025/06/21/e/e5xpu4Ds.jpg
[STDOUT 2025-09-02T17:04:48.983Z] [Migration] Downloaded from S3: https://invader-flashes.s3.amazonaws.com/media/queries/2025/06/21/e/e5xpu4Ds.jpg
[STDOUT 2025-09-02T17:04:49.597Z] 88782039: QmYEsxnvS5ZNNeutTT1SvZrrTiRzscg2yPNpXZ34zKrc8M
[STDOUT 2025-09-02T17:04:51.401Z] [Migration] Processing flash_id: 88782040, downloading from: https://invader-flashes.s3.amazonaws.com/media/queries/2025/06/21/R/R8qQ9M5K.jpg
[STDOUT 2025-09-02T17:04:51.532Z] [Migration] Downloaded from S3: https://invader-flashes.s3.amazonaws.com/media/queries/2025/06/21/R/R8qQ9M5K.jpg
[STDOUT 2025-09-02T17:04:52.105Z] 88782040: Qmbog4tPnotXH7TfC9S8S49EjQ8iAQ7m5JdQFKKszP79WG
[STDOUT 2025-09-02T17:04:53.907Z] [Migration] Processing flash_id: 88782042, downloading from: https://invader-flashes.s3.amazonaws.com/media/queries/2025/06/21/K/KYMQaLbP.jpg
[STDOUT 2025-09-02T17:04:54.004Z] [Migration] Downloaded from S3: https://invader-flashes.s3.amazonaws.com/media/queries/2025/06/21/K/KYMQaLbP.jpg
[STDOUT 2025-09-02T17:04:55.062Z] 88782042: QmdES6Sj3EMJiVPuTjceEZ7qHsxUQzPJtxqXKeDMk3nx8c
[STDOUT 2025-09-02T17:04:56.863Z] [Migration] Processing flash_id: 88782047, downloading from: https://invader-flashes.s3.amazonaws.com/media/queries/2025/06/21/6/6mm1p4hj.jpg
[STDOUT 2025-09-02T17:04:57.012Z] [Migration] Downloaded from S3: https://invader-flashes.s3.amazonaws.com/media/queries/2025/06/21/6/6mm1p4hj.jpg
[STDOUT 2025-09-02T17:04:57.771Z] 88782047: Qmdj7shGo7mb2e1qJuWynsUPjnLqetQAuZFrCWcMTvCADe
[STDOUT 2025-09-02T17:04:59.572Z] [Migration] Processing flash_id: 88782048, downloading from: https://invader-flashes.s3.amazonaws.com/media/queries/2025/06/21/U/UKS7Qbpn.jpg
[STDOUT 2025-09-02T17:04:59.711Z] [Migration] Downloaded from S3: https://invader-flashes.s3.amazonaws.com/media/queries/2025/06/21/U/UKS7Qbpn.jpg
[STDOUT 2025-09-02T17:05:00.584Z] 88782048: QmcxuaMKkFfqfzd7EkMQBn8J9V85KxGjmcA5WhQsWhrnPG
[STDOUT 2025-09-02T17:05:02.387Z] [Migration] Processing flash_id: 88782052, downloading from: https://invader-flashes.s3.amazonaws.com/media/queries/2025/06/21/3/3ezDqelD.jpg
[STDOUT 2025-09-02T17:05:02.521Z] [Migration] Downloaded from S3: https://invader-flashes.s3.amazonaws.com/media/queries/2025/06/21/3/3ezDqelD.jpg
[STDOUT 2025-09-02T17:05:03.206Z] 88782052: QmXAfkPKCaV1Pn8xwnJh393FLwkxqZf8bVgwfB7JkSfCkH
[STDOUT 2025-09-02T17:05:05.008Z] [Migration] Processing flash_id: 88782053, downloading from: https://invader-flashes.s3.amazonaws.com/media/queries/2025/06/21/J/Jcr67eIb.jpg
[STDOUT 2025-09-02T17:05:05.172Z] [Migration] Downloaded from S3: https://invader-flashes.s3.amazonaws.com/media/queries/2025/06/21/J/Jcr67eIb.jpg
[STDOUT 2025-09-02T17:05:05.888Z] 88782053: QmbuJsUK5jPv1MLZTCxEkKN9oUW7xBTzGUCDHsZwti6QHb
[STDOUT 2025-09-02T17:05:07.690Z] [Migration] Processing flash_id: 88782055, downloading from: https://invader-flashes.s3.amazonaws.com/media/queries/2025/06/21/Z/Z8O3lBha.jpg
[STDOUT 2025-09-02T17:05:07.830Z] [Migration] Downloaded from S3: https://invader-flashes.s3.amazonaws.com/media/queries/2025/06/21/Z/Z8O3lBha.jpg
[STDOUT 2025-09-02T17:05:08.396Z] 88782055: QmVQzaLZ6ThC6uitryhUmvksMQyPLZgpDmZpno7sv1Y1Vy
[STDOUT 2025-09-02T17:05:10.197Z] [Migration] Processing flash_id: 88782059, downloading from: https://invader-flashes.s3.amazonaws.com/media/queries/2025/06/21/D/DqBJmJZW.jpg
[STDOUT 2025-09-02T17:05:10.356Z] [Migration] Downloaded from S3: https://invader-flashes.s3.amazonaws.com/media/queries/2025/06/21/D/DqBJmJZW.jpg
[STDOUT 2025-09-02T17:05:10.921Z] 88782059: QmWdVZdGWFgrHxu899N5YqE9usEFD5ErYzfzhtZtu22DRE
[STDOUT 2025-09-02T17:05:12.723Z] [Migration] Processing flash_id: 88782060, downloading from: https://invader-flashes.s3.amazonaws.com/media/queries/2025/06/21/z/zn9V585H.jpg
[STDOUT 2025-09-02T17:05:12.868Z] [Migration] Downloaded from S3: https://invader-flashes.s3.amazonaws.com/media/queries/2025/06/21/z/zn9V585H.jpg
[STDOUT 2025-09-02T17:05:13.391Z] 88782060: QmRskWmXoQFKpTBkUH7ZxDKmmxfY7wKbm9ryrRTxiMzKqa
[STDOUT 2025-09-02T17:05:15.196Z] [Migration] Processing flash_id: 88782062, downloading from: https://invader-flashes.s3.amazonaws.com/media/queries/2025/06/21/T/TWAxkoF3.jpg
[STDOUT 2025-09-02T17:05:15.375Z] [Migration] Downloaded from S3: https://invader-flashes.s3.amazonaws.com/media/queries/2025/06/21/T/TWAxkoF3.jpg
[STDOUT 2025-09-02T17:05:16.036Z] 88782062: QmVizPHuz3ffWCw3m5eccVx46HMW7th2nkS7LXuXCw56BQ
[STDOUT 2025-09-02T17:05:17.840Z] [Migration] Processing flash_id: 88782064, downloading from: https://invader-flashes.s3.amazonaws.com/media/queries/2025/06/21/f/f10Xy1z0.jpg
[STDOUT 2025-09-02T17:05:17.933Z] [Migration] Downloaded from S3: https://invader-flashes.s3.amazonaws.com/media/queries/2025/06/21/f/f10Xy1z0.jpg
[STDOUT 2025-09-02T17:05:18.644Z] 88782064: Qmc3o5Y6ukaWXuHQ2tirxGjtrx5Jx5ZfTKAcPXnWQteA36
[STDOUT 2025-09-02T17:05:20.446Z] [Migration] Processing flash_id: 88782066, downloading from: https://invader-flashes.s3.amazonaws.com/media/queries/2025/06/21/v/vqXfcbeZ.jpg
[STDOUT 2025-09-02T17:05:20.566Z] [Migration] Downloaded from S3: https://invader-flashes.s3.amazonaws.com/media/queries/2025/06/21/v/vqXfcbeZ.jpg
[STDOUT 2025-09-02T17:05:21.207Z] 88782066: QmPBnAGnQJFeyPBMkXo16pNjiiLs8qCrRC2Ckmvqa2QFAv
[STDOUT 2025-09-02T17:05:23.008Z] [Migration] Processing flash_id: 88782070, downloading from: https://invader-flashes.s3.amazonaws.com/media/queries/2025/06/21/7/71vw7i6j.jpg
[STDOUT 2025-09-02T17:05:23.142Z] [Migration] Downloaded from S3: https://invader-flashes.s3.amazonaws.com/media/queries/2025/06/21/7/71vw7i6j.jpg
[STDOUT 2025-09-02T17:05:23.846Z] 88782070: QmfCGKTqRNEG3FhWo7kUgr16kv4WyCQ8UDzEVZnzzna8aE
[STDOUT 2025-09-02T17:05:25.646Z] [Migration] Processing flash_id: 88782071, downloading from: https://invader-flashes.s3.amazonaws.com/media/queries/2025/06/21/c/cztk77iw.jpg
[STDOUT 2025-09-02T17:05:25.805Z] [Migration] Downloaded from S3: https://invader-flashes.s3.amazonaws.com/media/queries/2025/06/21/c/cztk77iw.jpg
[STDOUT 2025-09-02T17:05:26.470Z] 88782071: QmXNr6uBoCEoGdfH9qV2NmpCrzMHr6fASxzsjTga2pzsfB
[STDOUT 2025-09-02T17:05:28.271Z] [Migration] Processing flash_id: 88782072, downloading from: https://invader-flashes.s3.amazonaws.com/media/queries/2025/06/21/J/JmjlWiGH.jpg
[STDOUT 2025-09-02T17:05:28.414Z] [Migration] Downloaded from S3: https://invader-flashes.s3.amazonaws.com/media/queries/2025/06/21/J/JmjlWiGH.jpg
[STDOUT 2025-09-02T17:05:29.006Z] 88782072: QmPvNiZAKCmwjqK6hqoxQCyBeTLZJU2JYg7cz7NLTG3aSV
[STDOUT 2025-09-02T17:05:30.808Z] [Migration] Processing flash_id: 88782074, downloading from: https://invader-flashes.s3.amazonaws.com/media/queries/2025/06/21/f/ffIGstTX.jpg
[STDOUT 2025-09-02T17:05:30.965Z] [Migration] Downloaded from S3: https://invader-flashes.s3.amazonaws.com/media/queries/2025/06/21/f/ffIGstTX.jpg
[STDOUT 2025-09-02T17:05:31.617Z] 88782074: QmPHSQnYdpvQdUFCKQoJbEXTSsfpLw8Ch54ABhY31C9Xs6
[STDOUT 2025-09-02T17:05:33.417Z] [Migration] Processing flash_id: 88782075, downloading from: https://invader-flashes.s3.amazonaws.com/media/queries/2025/06/21/0/0Cfh2X4H.jpg
[STDOUT 2025-09-02T17:05:33.567Z] [Migration] Downloaded from S3: https://invader-flashes.s3.amazonaws.com/media/queries/2025/06/21/0/0Cfh2X4H.jpg
[STDOUT 2025-09-02T17:05:34.228Z] 88782075: QmdSJ6x7C9yPPDUj6tgtcA9vaMe7sgqDNBLYCNN5ZYzkVX
[STDOUT 2025-09-02T17:05:36.030Z] [Migration] Processing flash_id: 88782076, downloading from: https://invader-flashes.s3.amazonaws.com/media/queries/2025/06/21/1/1CVqPQr9.jpg
[STDOUT 2025-09-02T17:05:36.193Z] [Migration] Downloaded from S3: https://invader-flashes.s3.amazonaws.com/media/queries/2025/06/21/1/1CVqPQr9.jpg
[STDOUT 2025-09-02T17:05:36.715Z] 88782076: QmSMbes1e5nKa8gJvxyhxYqQMS1XU1yipbBzoLn1iWQCZK
[STDOUT 2025-09-02T17:05:38.518Z] [Migration] Processing flash_id: 88782080, downloading from: https://invader-flashes.s3.amazonaws.com/media/queries/2025/06/21/s/sSJvkTbY.jpg
[STDOUT 2025-09-02T17:05:38.623Z] [Migration] Downloaded from S3: https://invader-flashes.s3.amazonaws.com/media/queries/2025/06/21/s/sSJvkTbY.jpg
[STDOUT 2025-09-02T17:05:39.207Z] 88782080: QmVRCxapn8aoUmhZp1a5tHq4uRzzwgoh5YXozwACGsxpEX
[STDOUT 2025-09-02T17:05:41.009Z] [Migration] Processing flash_id: 88782082, downloading from: https://invader-flashes.s3.amazonaws.com/media/queries/2025/06/21/q/qVmvGgGB.jpg
[STDOUT 2025-09-02T17:05:41.096Z] [Migration] Downloaded from S3: https://invader-flashes.s3.amazonaws.com/media/queries/2025/06/21/q/qVmvGgGB.jpg
[STDOUT 2025-09-02T17:05:41.700Z] 88782082: QmXgKbxJu8hN7XXr1SHqwoH51jRAa7KaFZwdb6NBLYiShf
[STDOUT 2025-09-02T17:05:43.503Z] [Migration] Processing flash_id: 88782084, downloading from: https://invader-flashes.s3.amazonaws.com/media/queries/2025/06/21/F/F8OGnisN.jpg
[STDOUT 2025-09-02T17:05:43.595Z] [Migration] Downloaded from S3: https://invader-flashes.s3.amazonaws.com/media/queries/2025/06/21/F/F8OGnisN.jpg
[STDOUT 2025-09-02T17:05:44.399Z] 88782084: QmYwSThy9X4TiErwhdwfY36T8qzTCjZ5pYhz45U2LPDYdw
[STDOUT 2025-09-02T17:05:46.200Z] [Migration] Processing flash_id: 88782089, downloading from: https://invader-flashes.s3.amazonaws.com/media/queries/2025/06/21/1/1PtrtSRL.jpg
[STDOUT 2025-09-02T17:05:46.349Z] [Migration] Downloaded from S3: https://invader-flashes.s3.amazonaws.com/media/queries/2025/06/21/1/1PtrtSRL.jpg
[STDOUT 2025-09-02T17:05:46.915Z] 88782089: QmQnKyQAJT3mD76vJfB5QTpdgH3xw58ccb6gxUFeTjr9b1
[STDOUT 2025-09-02T17:05:48.715Z] [Migration] Processing flash_id: 88782090, downloading from: https://invader-flashes.s3.amazonaws.com/media/queries/2025/06/21/f/fQKoxXgO.jpg
[STDOUT 2025-09-02T17:05:48.809Z] [Migration] Downloaded from S3: https://invader-flashes.s3.amazonaws.com/media/queries/2025/06/21/f/fQKoxXgO.jpg
[STDOUT 2025-09-02T17:05:49.406Z] 88782090: QmetaA8r8T8wmQ4ib4AnLDjic53D2QDjsXGD8WK3BfFpst
[STDOUT 2025-09-02T17:05:51.210Z] [Migration] Processing flash_id: 88782092, downloading from: https://invader-flashes.s3.amazonaws.com/media/queries/2025/06/21/r/roA3uQrW.jpg
[STDOUT 2025-09-02T17:05:51.361Z] [Migration] Downloaded from S3: https://invader-flashes.s3.amazonaws.com/media/queries/2025/06/21/r/roA3uQrW.jpg
[STDOUT 2025-09-02T17:05:51.860Z] 88782092: QmSF7jGFhmJmG3SCVxLoZi2HBSEbEu6ztbF9Jy9BkFdSrq
[STDOUT 2025-09-02T17:05:53.664Z] [Migration] Processing flash_id: 88782093, downloading from: https://invader-flashes.s3.amazonaws.com/media/queries/2025/06/21/2/2HUqqcGm.jpg
[STDOUT 2025-09-02T17:05:53.823Z] [Migration] Downloaded from S3: https://invader-flashes.s3.amazonaws.com/media/queries/2025/06/21/2/2HUqqcGm.jpg
[STDOUT 2025-09-02T17:05:54.572Z] 88782093: QmYZTomgQMkdsNUZHGNZy6dwAqKQtHqjZaCJUnU1HcNqfn
[STDOUT 2025-09-02T17:05:56.376Z] [Migration] Processing flash_id: 88782094, downloading from: https://invader-flashes.s3.amazonaws.com/media/queries/2025/06/21/y/yPRkcXc4.jpg
[STDOUT 2025-09-02T17:05:56.503Z] [Migration] Downloaded from S3: https://invader-flashes.s3.amazonaws.com/media/queries/2025/06/21/y/yPRkcXc4.jpg
[STDOUT 2025-09-02T17:05:57.081Z] 88782094: QmRcLfC4oZZqp5taTqpQcX3FZ1VD2TdAaGkb1YSJZBCRsG
[STDOUT 2025-09-02T17:05:58.882Z] [Migration] Processing flash_id: 88782198, downloading from: https://invader-flashes.s3.amazonaws.com/media/queries/2025/06/21/Q/QhM4pxO3.jpg
[STDOUT 2025-09-02T17:05:59.046Z] [Migration] Downloaded from S3: https://invader-flashes.s3.amazonaws.com/media/queries/2025/06/21/Q/QhM4pxO3.jpg
[STDOUT 2025-09-02T17:05:59.778Z] 88782198: QmV3d7Ka3jGuQxifrPyVyuGYLnoxvKPs8jM78ejkkWon1Y
[STDOUT 2025-09-02T17:06:01.579Z] [Migration] Processing flash_id: 88782199, downloading from: https://invader-flashes.s3.amazonaws.com/media/queries/2025/06/21/H/HxtqFdy4.jpg
[STDOUT 2025-09-02T17:06:01.690Z] [Migration] Downloaded from S3: https://invader-flashes.s3.amazonaws.com/media/queries/2025/06/21/H/HxtqFdy4.jpg
[STDOUT 2025-09-02T17:06:02.281Z] 88782199: QmNW1cjUQpnpAbiuZbdiZxBZzhv5c6vQVUzns2W9hWBm5F
[STDOUT 2025-09-02T17:06:07.538Z] [Migration] Processing flash_id: 88783621, downloading from: https://invader-flashes.s3.amazonaws.com/media/queries/2025/06/21/p/p1tilovZ.jpg
[STDOUT 2025-09-02T17:06:07.899Z] [Migration] Downloaded from S3: https://invader-flashes.s3.amazonaws.com/media/queries/2025/06/21/p/p1tilovZ.jpg
[STDOUT 2025-09-02T17:06:08.656Z] 88783621: QmWHQLVpCGqYZwrXPaxjt7qJqaD5nA2JEnZ56P4vPzveAe
[STDOUT 2025-09-02T17:06:10.458Z] [Migration] Processing flash_id: 88783622, downloading from: https://invader-flashes.s3.amazonaws.com/media/queries/2025/06/21/Q/QcArQRmB.jpg
[STDOUT 2025-09-02T17:06:10.655Z] [Migration] Downloaded from S3: https://invader-flashes.s3.amazonaws.com/media/queries/2025/06/21/Q/QcArQRmB.jpg
[STDOUT 2025-09-02T17:06:11.298Z] 88783622: QmYT2FXaiF5UUg664KwnwQvH5aq5wEtC64b59eGB4FvnHV
[STDOUT 2025-09-02T17:06:13.101Z] [Migration] Processing flash_id: 88783623, downloading from: https://invader-flashes.s3.amazonaws.com/media/queries/2025/06/21/f/fuFj2TgK.jpg
[STDOUT 2025-09-02T17:06:13.219Z] [Migration] Downloaded from S3: https://invader-flashes.s3.amazonaws.com/media/queries/2025/06/21/f/fuFj2TgK.jpg
[STDOUT 2025-09-02T17:06:13.822Z] 88783623: QmZ2dqqFXVHF6WkTNkzhXk4eUXQC78m3EgCForhwD9tQy9
[STDOUT 2025-09-02T17:06:15.624Z] [Migration] Processing flash_id: 88783843, downloading from: https://invader-flashes.s3.amazonaws.com/media/queries/2025/06/21/J/JYvvjY0s.jpg
[STDOUT 2025-09-02T17:06:15.795Z] [Migration] Downloaded from S3: https://invader-flashes.s3.amazonaws.com/media/queries/2025/06/21/J/JYvvjY0s.jpg
[STDOUT 2025-09-02T17:06:16.496Z] 88783843: QmefuXvEVxrize5eg8xNepq6XDwhCo5L4RJnLzEE6s4WL7
[STDOUT 2025-09-02T17:06:18.298Z] [Migration] Processing flash_id: 88783844, downloading from: https://invader-flashes.s3.amazonaws.com/media/queries/2025/06/21/9/9yBujpdv.jpg
[STDOUT 2025-09-02T17:06:18.484Z] [Migration] Downloaded from S3: https://invader-flashes.s3.amazonaws.com/media/queries/2025/06/21/9/9yBujpdv.jpg
[STDOUT 2025-09-02T17:06:19.098Z] 88783844: QmZY11GdZTkgMLBbYSAdWJXvEq9UCWgNa6WzJn4goYsu8K
[STDOUT 2025-09-02T17:06:20.901Z] [Migration] Processing flash_id: 88783845, downloading from: https://invader-flashes.s3.amazonaws.com/media/queries/2025/06/21/W/WrAIj4TA.jpg
[STDOUT 2025-09-02T17:06:20.990Z] [Migration] Downloaded from S3: https://invader-flashes.s3.amazonaws.com/media/queries/2025/06/21/W/WrAIj4TA.jpg
[STDOUT 2025-09-02T17:06:21.712Z] 88783845: QmPKkSE3nRzGtq6kXC7q7PNJAsbETDoj5ydq9YM6Rsdota
[STDOUT 2025-09-02T17:06:23.513Z] [Migration] Processing flash_id: 88783846, downloading from: https://invader-flashes.s3.amazonaws.com/media/queries/2025/06/21/r/rETU6ort.jpg
[STDOUT 2025-09-02T17:06:23.642Z] [Migration] Downloaded from S3: https://invader-flashes.s3.amazonaws.com/media/queries/2025/06/21/r/rETU6ort.jpg
[STDOUT 2025-09-02T17:06:24.248Z] 88783846: QmNTh3NKV7mxkNPBnfZb5NnwqAAww1jNsCY4z9iHCehJdg
[STDOUT 2025-09-02T17:06:26.049Z] [Migration] Processing flash_id: 88783851, downloading from: https://invader-flashes.s3.amazonaws.com/media/queries/2025/06/21/i/imJZe7wV.jpg
[STDOUT 2025-09-02T17:06:26.249Z] [Migration] Downloaded from S3: https://invader-flashes.s3.amazonaws.com/media/queries/2025/06/21/i/imJZe7wV.jpg
[STDOUT 2025-09-02T17:06:27.359Z] 88783851: QmQD7am3wyHPZdAG79Q7MDZHv3JLwBcfwW481SeZdJ6mmT
[STDOUT 2025-09-02T17:06:29.164Z] [Migration] Processing flash_id: 88783859, downloading from: https://invader-flashes.s3.amazonaws.com/media/queries/2025/06/21/2/2Soku9Fh.jpg
[STDOUT 2025-09-02T17:06:29.298Z] [Migration] Downloaded from S3: https://invader-flashes.s3.amazonaws.com/media/queries/2025/06/21/2/2Soku9Fh.jpg
[STDOUT 2025-09-02T17:06:29.953Z] 88783859: Qmf3jUNHqSA4mo83FeWJT14ipofsuxHJaz9Y82T578Xs2R
[STDOUT 2025-09-02T17:06:31.753Z] [Migration] Processing flash_id: 88783862, downloading from: https://invader-flashes.s3.amazonaws.com/media/queries/2025/06/21/c/cvZ0yKMB.jpg
[STDOUT 2025-09-02T17:06:31.849Z] [Migration] Downloaded from S3: https://invader-flashes.s3.amazonaws.com/media/queries/2025/06/21/c/cvZ0yKMB.jpg
[STDOUT 2025-09-02T17:06:32.403Z] 88783862: QmQ3s6JpJpArkPeqm8Bz1yaXAdi49i7ufSywcFGzABgHGe
[STDOUT 2025-09-02T17:06:34.205Z] [Migration] Processing flash_id: 88783863, downloading from: https://invader-flashes.s3.amazonaws.com/media/queries/2025/06/21/e/ex7eSzhS.jpg
[STDOUT 2025-09-02T17:06:34.323Z] [Migration] Downloaded from S3: https://invader-flashes.s3.amazonaws.com/media/queries/2025/06/21/e/ex7eSzhS.jpg
[STDOUT 2025-09-02T17:06:35.832Z] 88783863: QmPa4uqgE3kQrwgRq6ZCh3NRRJP6QaWNMZ3FEPao4jgY4r
[STDOUT 2025-09-02T17:06:37.633Z] [Migration] Processing flash_id: 88783866, downloading from: https://invader-flashes.s3.amazonaws.com/media/queries/2025/06/21/l/lmO98Mpx.jpg
[STDOUT 2025-09-02T17:06:37.756Z] [Migration] Downloaded from S3: https://invader-flashes.s3.amazonaws.com/media/queries/2025/06/21/l/lmO98Mpx.jpg
[STDOUT 2025-09-02T17:06:38.285Z] 88783866: QmeHynPTbQZvGRfNKrGk994TmWntkaEnrGNYsXPUj8g8Cw
[STDOUT 2025-09-02T17:06:40.088Z] [Migration] Processing flash_id: 88783867, downloading from: https://invader-flashes.s3.amazonaws.com/media/queries/2025/06/21/b/bo7RJTGE.jpg
[STDOUT 2025-09-02T17:06:40.212Z] [Migration] Downloaded from S3: https://invader-flashes.s3.amazonaws.com/media/queries/2025/06/21/b/bo7RJTGE.jpg
[STDOUT 2025-09-02T17:06:40.936Z] 88783867: QmctUg7nVTaAdC8ut9wmYhsvzWAqAWSwfvovfejq8kfdcF
[STDOUT 2025-09-02T17:06:42.739Z] [Migration] Processing flash_id: 88783869, downloading from: https://invader-flashes.s3.amazonaws.com/media/queries/2025/06/21/n/nGToPLhq.jpg
[STDOUT 2025-09-02T17:06:42.839Z] [Migration] Downloaded from S3: https://invader-flashes.s3.amazonaws.com/media/queries/2025/06/21/n/nGToPLhq.jpg
[STDOUT 2025-09-02T17:06:43.365Z] 88783869: QmeuMfrcLxjdUpXVDnj6JJyv8akRsyLPqCoEEp1X253tVd
[STDOUT 2025-09-02T17:06:45.169Z] [Migration] Processing flash_id: 88783874, downloading from: https://invader-flashes.s3.amazonaws.com/media/queries/2025/06/21/H/HiYsiYwX.jpg
[STDOUT 2025-09-02T17:06:45.304Z] [Migration] Downloaded from S3: https://invader-flashes.s3.amazonaws.com/media/queries/2025/06/21/H/HiYsiYwX.jpg
[STDOUT 2025-09-02T17:06:45.915Z] 88783874: QmNWXz721kTmuFDdWsTSYkYTLtism1P53uMfdnqJDbrkDP
[STDOUT 2025-09-02T17:06:47.718Z] [Migration] Processing flash_id: 88783876, downloading from: https://invader-flashes.s3.amazonaws.com/media/queries/2025/06/21/u/u0Jdxh78.jpg
[STDOUT 2025-09-02T17:06:47.827Z] [Migration] Downloaded from S3: https://invader-flashes.s3.amazonaws.com/media/queries/2025/06/21/u/u0Jdxh78.jpg
[STDOUT 2025-09-02T17:06:48.449Z] 88783876: QmV3KA4PAUdvcEgNV4NuuGqY4gPpEzhiPDD1A92xb6JZgs
[STDOUT 2025-09-02T17:06:50.253Z] [Migration] Processing flash_id: 88784011, downloading from: https://invader-flashes.s3.amazonaws.com/media/queries/2025/06/21/k/kaopn2H1.jpg
[STDOUT 2025-09-02T17:06:50.368Z] [Migration] Downloaded from S3: https://invader-flashes.s3.amazonaws.com/media/queries/2025/06/21/k/kaopn2H1.jpg
[STDOUT 2025-09-02T17:06:50.968Z] 88784011: QmT7zSWZsqQrh6tkPCdg4r4xZtP5zJRiw4PHcLUWq8ASup
[STDOUT 2025-09-02T17:06:52.770Z] [Migration] Processing flash_id: 88784012, downloading from: https://invader-flashes.s3.amazonaws.com/media/queries/2025/06/21/u/urjIbkRa.jpg
[STDOUT 2025-09-02T17:06:52.912Z] [Migration] Downloaded from S3: https://invader-flashes.s3.amazonaws.com/media/queries/2025/06/21/u/urjIbkRa.jpg
[STDOUT 2025-09-02T17:06:53.575Z] 88784012: QmXgDUrbmZoLnXMmSi4mYBSY1hEJhDu7Lpkisnx4Hp2hWi
[STDOUT 2025-09-02T17:06:55.377Z] [Migration] Processing flash_id: 88784014, downloading from: https://invader-flashes.s3.amazonaws.com/media/queries/2025/06/21/s/s9CqEI6e.jpg
[STDOUT 2025-09-02T17:06:55.479Z] [Migration] Downloaded from S3: https://invader-flashes.s3.amazonaws.com/media/queries/2025/06/21/s/s9CqEI6e.jpg
[STDOUT 2025-09-02T17:06:56.000Z] 88784014: QmVgP3MFKU49wVp9Gcym6eUkatC5SxgP2VnnuHB5i3iZvx
[STDOUT 2025-09-02T17:06:57.804Z] [Migration] Processing flash_id: 88784018, downloading from: https://invader-flashes.s3.amazonaws.com/media/queries/2025/06/21/Y/YJG9mSSc.jpg
[STDOUT 2025-09-02T17:06:57.929Z] [Migration] Downloaded from S3: https://invader-flashes.s3.amazonaws.com/media/queries/2025/06/21/Y/YJG9mSSc.jpg
[STDOUT 2025-09-02T17:06:58.612Z] 88784018: Qme2riK89CFQGiN17rAJEN4pK5tCF2hW5jbL5Ym5BqVcVJ
[STDOUT 2025-09-02T17:07:00.413Z] [Migration] Processing flash_id: 88784020, downloading from: https://invader-flashes.s3.amazonaws.com/media/queries/2025/06/21/H/HQOznJn0.jpg
[STDOUT 2025-09-02T17:07:00.505Z] [Migration] Downloaded from S3: https://invader-flashes.s3.amazonaws.com/media/queries/2025/06/21/H/HQOznJn0.jpg
[STDOUT 2025-09-02T17:07:01.068Z] 88784020: QmVdWjGnGu3pGqGR8gkPBaDQPYLzheQoWYrzensN2KZp3T
[STDOUT 2025-09-02T17:07:02.870Z] [Migration] Processing flash_id: 88784022, downloading from: https://invader-flashes.s3.amazonaws.com/media/queries/2025/06/21/T/TV7RwPsk.jpg
[STDOUT 2025-09-02T17:07:03.017Z] [Migration] Downloaded from S3: https://invader-flashes.s3.amazonaws.com/media/queries/2025/06/21/T/TV7RwPsk.jpg
[STDOUT 2025-09-02T17:07:03.571Z] 88784022: QmNnYgkBsLwtzs5bEapq6qCPnb9PYPkG3QcyF9CpdpqQN6
[STDOUT 2025-09-02T17:07:05.374Z] [Migration] Processing flash_id: 88784024, downloading from: https://invader-flashes.s3.amazonaws.com/media/queries/2025/06/21/X/Xcl9eIbg.jpg
[STDOUT 2025-09-02T17:07:05.470Z] [Migration] Downloaded from S3: https://invader-flashes.s3.amazonaws.com/media/queries/2025/06/21/X/Xcl9eIbg.jpg
[STDOUT 2025-09-02T17:07:06.089Z] 88784024: QmUGvXmqK6nCPLBLzgQ1tMridDs86hJq13qrMaqScxUoMf
[STDOUT 2025-09-02T17:07:07.893Z] [Migration] Processing flash_id: 88784027, downloading from: https://invader-flashes.s3.amazonaws.com/media/queries/2025/06/21/E/EhabToWz.jpg
[STDOUT 2025-09-02T17:07:08.023Z] [Migration] Downloaded from S3: https://invader-flashes.s3.amazonaws.com/media/queries/2025/06/21/E/EhabToWz.jpg
[STDOUT 2025-09-02T17:07:08.591Z] 88784027: QmaTRZSUFU5ztQ6jJVXPAXEfQsKQGWfo4JwqeW1NPRUVu9
[STDOUT 2025-09-02T17:07:10.394Z] [Migration] Processing flash_id: 88784028, downloading from: https://invader-flashes.s3.amazonaws.com/media/queries/2025/06/21/6/6EBk6OHr.jpg
[STDOUT 2025-09-02T17:07:10.573Z] [Migration] Downloaded from S3: https://invader-flashes.s3.amazonaws.com/media/queries/2025/06/21/6/6EBk6OHr.jpg
[STDOUT 2025-09-02T17:07:11.096Z] 88784028: QmfDw29dfXpAKkhrUgpYrA5Tq5E9XSkM6ANpiTRdm61MBN
[STDOUT 2025-09-02T17:07:12.901Z] [Migration] Processing flash_id: 88784032, downloading from: https://invader-flashes.s3.amazonaws.com/media/queries/2025/06/21/P/P5eovM3M.jpg
[STDOUT 2025-09-02T17:07:12.992Z] [Migration] Downloaded from S3: https://invader-flashes.s3.amazonaws.com/media/queries/2025/06/21/P/P5eovM3M.jpg
[STDOUT 2025-09-02T17:07:13.670Z] 88784032: QmUNGdxqzTtLhALYT9kZrdvdQRmZFtiFX3dgTuktEh3Bn4
[STDOUT 2025-09-02T17:07:15.475Z] [Migration] Processing flash_id: 88784036, downloading from: https://invader-flashes.s3.amazonaws.com/media/queries/2025/06/21/N/N2QA0Tbs.jpg
[STDOUT 2025-09-02T17:07:15.621Z] [Migration] Downloaded from S3: https://invader-flashes.s3.amazonaws.com/media/queries/2025/06/21/N/N2QA0Tbs.jpg
[STDOUT 2025-09-02T17:07:16.177Z] 88784036: QmRSuiqtPL9uqSddwwxdSG5ie6qyWLLDfS3ceo8iWEDx4y
[STDOUT 2025-09-02T17:07:17.979Z] [Migration] Processing flash_id: 88784038, downloading from: https://invader-flashes.s3.amazonaws.com/media/queries/2025/06/21/v/vkTX72zQ.jpg
[STDOUT 2025-09-02T17:07:18.099Z] [Migration] Downloaded from S3: https://invader-flashes.s3.amazonaws.com/media/queries/2025/06/21/v/vkTX72zQ.jpg
[STDOUT 2025-09-02T17:07:18.670Z] 88784038: Qmcxu6umkAdpufV1iJt8RExZcrFpj8TictVg2XwfMMU6Wd
[STDOUT 2025-09-02T17:07:20.473Z] [Migration] Processing flash_id: 88784039, downloading from: https://invader-flashes.s3.amazonaws.com/media/queries/2025/06/21/e/e5vbRSBs.jpg
[STDOUT 2025-09-02T17:07:20.603Z] [Migration] Downloaded from S3: https://invader-flashes.s3.amazonaws.com/media/queries/2025/06/21/e/e5vbRSBs.jpg
[STDOUT 2025-09-02T17:07:21.171Z] 88784039: QmVBhT6tg9VQM2MPJZuDw9J1wSZTAPham8f51n5wDhoxV8
[STDOUT 2025-09-02T17:07:22.973Z] [Migration] Processing flash_id: 88784041, downloading from: https://invader-flashes.s3.amazonaws.com/media/queries/2025/06/21/F/Fyqaa8Un.jpg
[STDOUT 2025-09-02T17:07:23.084Z] [Migration] Downloaded from S3: https://invader-flashes.s3.amazonaws.com/media/queries/2025/06/21/F/Fyqaa8Un.jpg
[STDOUT 2025-09-02T17:07:23.698Z] 88784041: QmQNNo8Kbgm6Pj71rfHHCFeeCS2ufkciVX3rNF1bp9Am2n
[STDOUT 2025-09-02T17:07:25.501Z] [Migration] Processing flash_id: 88784042, downloading from: https://invader-flashes.s3.amazonaws.com/media/queries/2025/06/21/G/Gd1TCIt4.jpg
[STDOUT 2025-09-02T17:07:25.617Z] [Migration] Downloaded from S3: https://invader-flashes.s3.amazonaws.com/media/queries/2025/06/21/G/Gd1TCIt4.jpg
[STDOUT 2025-09-02T17:07:26.185Z] 88784042: QmfUFdy3TjjdUzxECVRyY6ZsyXNpPEynKAnoFTrGZMfwmB
[STDOUT 2025-09-02T17:07:27.988Z] [Migration] Processing flash_id: 88784044, downloading from: https://invader-flashes.s3.amazonaws.com/media/queries/2025/06/21/F/FtmHKJPX.jpg
[STDOUT 2025-09-02T17:07:28.088Z] [Migration] Downloaded from S3: https://invader-flashes.s3.amazonaws.com/media/queries/2025/06/21/F/FtmHKJPX.jpg
[STDOUT 2025-09-02T17:07:28.818Z] 88784044: Qmc3TroTwiFA6qwFsHq2hxs6kd3t5YzmM7U6yd41iToSTQ
[STDOUT 2025-09-02T17:07:30.617Z] [Migration] Processing flash_id: 88784045, downloading from: https://invader-flashes.s3.amazonaws.com/media/queries/2025/06/21/j/jCOqCinV.jpg
[STDOUT 2025-09-02T17:07:30.717Z] [Migration] Downloaded from S3: https://invader-flashes.s3.amazonaws.com/media/queries/2025/06/21/j/jCOqCinV.jpg
[STDOUT 2025-09-02T17:07:31.245Z] 88784045: QmcpicTbcA1FzNv8yoETxutnfpRqqmwCdfttDY9itBAmih
[STDOUT 2025-09-02T17:07:33.048Z] [Migration] Processing flash_id: 88784048, downloading from: https://invader-flashes.s3.amazonaws.com/media/queries/2025/06/21/X/XGOFVEPM.jpg
[STDOUT 2025-09-02T17:07:33.142Z] [Migration] Downloaded from S3: https://invader-flashes.s3.amazonaws.com/media/queries/2025/06/21/X/XGOFVEPM.jpg
[STDOUT 2025-09-02T17:07:33.797Z] 88784048: QmX8uP5m5XY5JiqNhguPYNGnbCtdhgUuFXokJJvzuanmzp
[STDOUT 2025-09-02T17:07:35.600Z] [Migration] Processing flash_id: 88784051, downloading from: https://invader-flashes.s3.amazonaws.com/media/queries/2025/06/21/V/V785crBN.jpg
[STDOUT 2025-09-02T17:07:35.754Z] [Migration] Downloaded from S3: https://invader-flashes.s3.amazonaws.com/media/queries/2025/06/21/V/V785crBN.jpg
[STDOUT 2025-09-02T17:07:36.340Z] 88784051: QmfKArEsVrUJ2eekXZQnKHMZtn1J51aCUsLLuwaCUMd4QQ
[STDOUT 2025-09-02T17:07:38.143Z] [Migration] Processing flash_id: 88784052, downloading from: https://invader-flashes.s3.amazonaws.com/media/queries/2025/06/21/X/X53oGzke.jpg
[STDOUT 2025-09-02T17:07:38.262Z] [Migration] Downloaded from S3: https://invader-flashes.s3.amazonaws.com/media/queries/2025/06/21/X/X53oGzke.jpg
[STDOUT 2025-09-02T17:07:38.873Z] 88784052: QmT6LbC4SYnoF9Yj2CR1LKWKMhQ1Mig7Udk21crMPpxwLk
[STDOUT 2025-09-02T17:07:40.674Z] [Migration] Processing flash_id: 88784053, downloading from: https://invader-flashes.s3.amazonaws.com/media/queries/2025/06/21/c/cmUJ4SpH.jpg
[STDOUT 2025-09-02T17:07:40.835Z] [Migration] Downloaded from S3: https://invader-flashes.s3.amazonaws.com/media/queries/2025/06/21/c/cmUJ4SpH.jpg
[STDOUT 2025-09-02T17:07:41.488Z] 88784053: QmXdAwnSwyygJuYVYBvnMD7tDFd5ZNX3dWdccUoEb1aENV
[STDOUT 2025-09-02T17:07:43.291Z] [Migration] Processing flash_id: 88784055, downloading from: https://invader-flashes.s3.amazonaws.com/media/queries/2025/06/21/i/iz1hF7fq.jpg
[STDOUT 2025-09-02T17:07:43.400Z] [Migration] Downloaded from S3: https://invader-flashes.s3.amazonaws.com/media/queries/2025/06/21/i/iz1hF7fq.jpg
[STDOUT 2025-09-02T17:07:44.224Z] 88784055: QmUp6ScjwQmW2abMf5xZfvaGjQqJg1QpZHGMAc563gBTpz
[STDOUT 2025-09-02T17:07:46.027Z] [Migration] Processing flash_id: 88784062, downloading from: https://invader-flashes.s3.amazonaws.com/media/queries/2025/06/21/Q/QzmDWObc.jpg
[STDOUT 2025-09-02T17:07:46.122Z] [Migration] Downloaded from S3: https://invader-flashes.s3.amazonaws.com/media/queries/2025/06/21/Q/QzmDWObc.jpg
[STDOUT 2025-09-02T17:07:46.639Z] 88784062: QmZenT5KQRYZATW4BTTqLrF2vWbKQyFRoKY9yszeYAgBiy
[STDOUT 2025-09-02T17:07:48.439Z] [Migration] Processing flash_id: 88784066, downloading from: https://invader-flashes.s3.amazonaws.com/media/queries/2025/06/21/t/t4m06x3K.jpg
[STDOUT 2025-09-02T17:07:48.633Z] [Migration] Downloaded from S3: https://invader-flashes.s3.amazonaws.com/media/queries/2025/06/21/t/t4m06x3K.jpg
[STDOUT 2025-09-02T17:07:49.236Z] 88784066: QmV6exc1gawQJuWLfFnL2x6J2wW49J9b9vy1suMTDS1s8c
[STDOUT 2025-09-02T17:07:51.039Z] [Migration] Processing flash_id: 88784067, downloading from: https://invader-flashes.s3.amazonaws.com/media/queries/2025/06/21/7/7Rn5oM0e.jpg
[STDOUT 2025-09-02T17:07:51.208Z] [Migration] Downloaded from S3: https://invader-flashes.s3.amazonaws.com/media/queries/2025/06/21/7/7Rn5oM0e.jpg
[STDOUT 2025-09-02T17:07:51.799Z] 88784067: QmSDURma9MZyyW8xZJgt6LPHr1RPvvacE6iu1BmwehsUhV
[STDOUT 2025-09-02T17:07:53.602Z] [Migration] Processing flash_id: 88784068, downloading from: https://invader-flashes.s3.amazonaws.com/media/queries/2025/06/21/7/7TLvArc9.jpg
[STDOUT 2025-09-02T17:07:53.759Z] [Migration] Downloaded from S3: https://invader-flashes.s3.amazonaws.com/media/queries/2025/06/21/7/7TLvArc9.jpg
[STDOUT 2025-09-02T17:07:54.423Z] 88784068: QmS4GzawfnQZiyyjiffFeYSuSdv183Wh3hDJxGMxkizfmh
[STDOUT 2025-09-02T17:07:56.225Z] [Migration] Processing flash_id: 88784070, downloading from: https://invader-flashes.s3.amazonaws.com/media/queries/2025/06/21/e/eN8m3wHq.jpg
[STDOUT 2025-09-02T17:07:56.364Z] [Migration] Downloaded from S3: https://invader-flashes.s3.amazonaws.com/media/queries/2025/06/21/e/eN8m3wHq.jpg
[STDOUT 2025-09-02T17:07:56.944Z] 88784070: QmRLaWvGxvQJGvnL6Kxf2M5NJjev7XorN2pRr9nP4JStua
[STDOUT 2025-09-02T17:07:58.746Z] [Migration] Processing flash_id: 88784073, downloading from: https://invader-flashes.s3.amazonaws.com/media/queries/2025/06/21/L/LXJODamD.jpg
[STDOUT 2025-09-02T17:07:58.892Z] [Migration] Downloaded from S3: https://invader-flashes.s3.amazonaws.com/media/queries/2025/06/21/L/LXJODamD.jpg
[STDOUT 2025-09-02T17:07:59.410Z] 88784073: QmaiNv2eKDVz76WxDMfdHBwM19PZTSLvbtXFijdqRqQYec
[STDOUT 2025-09-02T17:08:01.210Z] [Migration] Processing flash_id: 88784075, downloading from: https://invader-flashes.s3.amazonaws.com/media/queries/2025/06/21/E/Ea19yZmc.jpg
[STDOUT 2025-09-02T17:08:01.312Z] [Migration] Downloaded from S3: https://invader-flashes.s3.amazonaws.com/media/queries/2025/06/21/E/Ea19yZmc.jpg
[STDOUT 2025-09-02T17:08:01.828Z] 88784075: QmUnBXsr6YMvJK1nhBeQMmGvvzg1cbQmw3F8zYsaQikhtn
[STDOUT 2025-09-02T17:08:03.629Z] [Migration] Processing flash_id: 88784077, downloading from: https://invader-flashes.s3.amazonaws.com/media/queries/2025/06/21/T/TOrb2IpM.jpg
[STDOUT 2025-09-02T17:08:03.800Z] [Migration] Downloaded from S3: https://invader-flashes.s3.amazonaws.com/media/queries/2025/06/21/T/TOrb2IpM.jpg
[STDOUT 2025-09-02T17:08:05.145Z] 88784077: QmRjFtW4WPHDTZ5hbntSzbvxvyo43MGH6EMmucnoBfJPVC
[STDOUT 2025-09-02T17:08:06.945Z] [Migration] Processing flash_id: 88784080, downloading from: https://invader-flashes.s3.amazonaws.com/media/queries/2025/06/21/5/5QMaVjlX.jpg
[STDOUT 2025-09-02T17:08:07.045Z] [Migration] Downloaded from S3: https://invader-flashes.s3.amazonaws.com/media/queries/2025/06/21/5/5QMaVjlX.jpg
[STDOUT 2025-09-02T17:08:08.184Z] 88784080: QmS6SA3tvfb2UAqFSrmAAMqXvenktD5qUwuf68dWjtvoty
[STDOUT 2025-09-02T17:08:09.987Z] [Migration] Processing flash_id: 88784084, downloading from: https://invader-flashes.s3.amazonaws.com/media/queries/2025/06/21/0/0pie1CsX.jpg
[STDOUT 2025-09-02T17:08:10.147Z] [Migration] Downloaded from S3: https://invader-flashes.s3.amazonaws.com/media/queries/2025/06/21/0/0pie1CsX.jpg
[STDOUT 2025-09-02T17:08:10.743Z] 88784084: QmSAMN8MncbiChF8V6o54ko9n8tTtK5452RWJUNEyMghgu
[STDOUT 2025-09-02T17:08:12.545Z] [Migration] Processing flash_id: 88784085, downloading from: https://invader-flashes.s3.amazonaws.com/media/queries/2025/06/21/w/wWa2fCS2.jpg
[STDOUT 2025-09-02T17:08:12.658Z] [Migration] Downloaded from S3: https://invader-flashes.s3.amazonaws.com/media/queries/2025/06/21/w/wWa2fCS2.jpg
[STDOUT 2025-09-02T17:08:13.974Z] 88784085: QmcqtAy2LLcSqAYrp8tfumM6bwdXD334yMw8HsR5z2Cqb7
[STDOUT 2025-09-02T17:08:15.775Z] [Migration] Processing flash_id: 88784086, downloading from: https://invader-flashes.s3.amazonaws.com/media/queries/2025/06/21/7/7wtKQDWL.jpg
[STDOUT 2025-09-02T17:08:15.895Z] [Migration] Downloaded from S3: https://invader-flashes.s3.amazonaws.com/media/queries/2025/06/21/7/7wtKQDWL.jpg
[STDOUT 2025-09-02T17:08:16.506Z] 88784086: QmRvkJtgnNfALYutbCd8piZ4hj5vEhriNgJ9LgBCoKubDy
[STDOUT 2025-09-02T17:08:21.711Z] [Migration] Processing flash_id: 88785675, downloading from: https://invader-flashes.s3.amazonaws.com/media/queries/2025/06/21/H/HGPh0OOV.jpg
[STDOUT 2025-09-02T17:08:22.026Z] [Migration] Downloaded from S3: https://invader-flashes.s3.amazonaws.com/media/queries/2025/06/21/H/HGPh0OOV.jpg
[STDOUT 2025-09-02T17:08:22.838Z] 88785675: QmfSSse9QtZ8xmq9JwsiKzVUY4PxSyB9T6HeRTYM1e3bFQ
[STDOUT 2025-09-02T17:08:24.641Z] [Migration] Processing flash_id: 88785677, downloading from: https://invader-flashes.s3.amazonaws.com/media/queries/2025/06/21/4/4g8MXVe7.jpg
[STDOUT 2025-09-02T17:08:24.847Z] [Migration] Downloaded from S3: https://invader-flashes.s3.amazonaws.com/media/queries/2025/06/21/4/4g8MXVe7.jpg
[STDOUT 2025-09-02T17:08:25.576Z] 88785677: QmbbvVg4UotDJYRoct6sEAPgVbS5UCR8K8Wn9jMKL7vp8L
[STDOUT 2025-09-02T17:08:27.379Z] [Migration] Processing flash_id: 88785683, downloading from: https://invader-flashes.s3.amazonaws.com/media/queries/2025/06/21/x/xKClpmVX.jpg
[STDOUT 2025-09-02T17:08:27.522Z] [Migration] Downloaded from S3: https://invader-flashes.s3.amazonaws.com/media/queries/2025/06/21/x/xKClpmVX.jpg
[STDOUT 2025-09-02T17:08:28.218Z] 88785683: QmNV2VTTRj2VgmqxxSJJB9NHRQtLbgNjMSwc6XugMdW57q
[STDOUT 2025-09-02T17:08:30.020Z] [Migration] Processing flash_id: 88785687, downloading from: https://invader-flashes.s3.amazonaws.com/media/queries/2025/06/21/S/SAmoru2B.jpg
[STDOUT 2025-09-02T17:08:30.187Z] [Migration] Downloaded from S3: https://invader-flashes.s3.amazonaws.com/media/queries/2025/06/21/S/SAmoru2B.jpg
[STDOUT 2025-09-02T17:08:30.744Z] 88785687: QmbQi2PEDgKHGbFBpEZ6YDmmghjSFJsHMCoVvsaz57MxVV
[STDOUT 2025-09-02T17:08:32.547Z] [Migration] Processing flash_id: 88785690, downloading from: https://invader-flashes.s3.amazonaws.com/media/queries/2025/06/21/Y/YvuFBghB.jpg
[STDOUT 2025-09-02T17:08:32.722Z] [Migration] Downloaded from S3: https://invader-flashes.s3.amazonaws.com/media/queries/2025/06/21/Y/YvuFBghB.jpg
[STDOUT 2025-09-02T17:08:33.274Z] 88785690: QmQgsxabUv3DS23B61d7cWmecNwWWRDWR8rdQkcg38wELq
[STDOUT 2025-09-02T17:08:35.075Z] [Migration] Processing flash_id: 88785694, downloading from: https://invader-flashes.s3.amazonaws.com/media/queries/2025/06/21/U/U6BdcwBX.jpg
[STDOUT 2025-09-02T17:08:35.234Z] [Migration] Downloaded from S3: https://invader-flashes.s3.amazonaws.com/media/queries/2025/06/21/U/U6BdcwBX.jpg
[STDOUT 2025-09-02T17:08:35.947Z] 88785694: QmRCv3VKFz8QuUy2DsbTcuPTGuTphiB7JdTeQd7VQ6Jqx7
[STDOUT 2025-09-02T17:08:37.750Z] [Migration] Processing flash_id: 88785696, downloading from: https://invader-flashes.s3.amazonaws.com/media/queries/2025/06/21/h/hmn5bIOe.jpg
[STDOUT 2025-09-02T17:08:37.832Z] [Migration] Downloaded from S3: https://invader-flashes.s3.amazonaws.com/media/queries/2025/06/21/h/hmn5bIOe.jpg
[STDOUT 2025-09-02T17:08:38.370Z] 88785696: QmYkUjqXPDJxUb2oeGz1SPZkeuKvHmuwyq6fqX4UUNP45P
[STDOUT 2025-09-02T17:08:40.172Z] [Migration] Processing flash_id: 88785697, downloading from: https://invader-flashes.s3.amazonaws.com/media/queries/2025/06/21/g/gKE4oWSD.jpg
[STDOUT 2025-09-02T17:08:40.310Z] [Migration] Downloaded from S3: https://invader-flashes.s3.amazonaws.com/media/queries/2025/06/21/g/gKE4oWSD.jpg
[STDOUT 2025-09-02T17:08:40.861Z] 88785697: QmaRkvcBBUscGZZsE5gF2UmGVzJyTzXSf6JEqqyZfCLiXV
[STDOUT 2025-09-02T17:08:42.664Z] [Migration] Processing flash_id: 88785698, downloading from: https://invader-flashes.s3.amazonaws.com/media/queries/2025/06/21/6/6nDgrmRB.jpg
[STDOUT 2025-09-02T17:08:42.757Z] [Migration] Downloaded from S3: https://invader-flashes.s3.amazonaws.com/media/queries/2025/06/21/6/6nDgrmRB.jpg
[STDOUT 2025-09-02T17:08:43.286Z] 88785698: QmS8EGwZ6XW2giSar3okWDSKF2nkTvbwYDZk8xEMRqhheu
[STDOUT 2025-09-02T17:08:45.089Z] [Migration] Processing flash_id: 88785699, downloading from: https://invader-flashes.s3.amazonaws.com/media/queries/2025/06/21/Z/ZHC1Ya9J.jpg
[STDOUT 2025-09-02T17:08:45.233Z] [Migration] Downloaded from S3: https://invader-flashes.s3.amazonaws.com/media/queries/2025/06/21/Z/ZHC1Ya9J.jpg
[STDOUT 2025-09-02T17:08:45.770Z] 88785699: QmQJTiez7WTrNZ9qUuS623CKzTCFzszaXtVeY8i8uYw5wm
[STDOUT 2025-09-02T17:08:47.574Z] [Migration] Processing flash_id: 88785700, downloading from: https://invader-flashes.s3.amazonaws.com/media/queries/2025/06/21/t/tFBfE156.jpg
[STDOUT 2025-09-02T17:08:47.661Z] [Migration] Downloaded from S3: https://invader-flashes.s3.amazonaws.com/media/queries/2025/06/21/t/tFBfE156.jpg
[STDOUT 2025-09-02T17:08:48.296Z] 88785700: QmeDLadRRZNvBhyrdEknLT9nJDtwpqAqmSDhon5Mq3qry4
[STDOUT 2025-09-02T17:08:50.098Z] [Migration] Processing flash_id: 88785703, downloading from: https://invader-flashes.s3.amazonaws.com/media/queries/2025/06/21/z/zwUZwME0.jpg
[STDOUT 2025-09-02T17:08:50.243Z] [Migration] Downloaded from S3: https://invader-flashes.s3.amazonaws.com/media/queries/2025/06/21/z/zwUZwME0.jpg
[STDOUT 2025-09-02T17:08:50.934Z] 88785703: QmNieyZSQHnQ5W3hSFoVP61XbvoSoNkkZea2t5VqW4Dt9w
[STDOUT 2025-09-02T17:08:52.734Z] [Migration] Processing flash_id: 88785705, downloading from: https://invader-flashes.s3.amazonaws.com/media/queries/2025/06/21/a/aLuKcpC2.jpg
[STDOUT 2025-09-02T17:08:52.823Z] [Migration] Downloaded from S3: https://invader-flashes.s3.amazonaws.com/media/queries/2025/06/21/a/aLuKcpC2.jpg
[STDOUT 2025-09-02T17:08:53.377Z] 88785705: QmNV3RkN3nfSfssTsEDKTP9R4EYYZKuJQGYgyMcceaDXCP
[STDOUT 2025-09-02T17:08:55.180Z] [Migration] Processing flash_id: 88785708, downloading from: https://invader-flashes.s3.amazonaws.com/media/queries/2025/06/21/7/7et45ljr.jpg
[STDOUT 2025-09-02T17:08:55.276Z] [Migration] Downloaded from S3: https://invader-flashes.s3.amazonaws.com/media/queries/2025/06/21/7/7et45ljr.jpg
[STDOUT 2025-09-02T17:08:56.345Z] 88785708: QmcaVRzwfRhiTvSf1inpMSnFSmQm3A3x7SBMQEZZd3zgL7
[STDOUT 2025-09-02T17:08:58.154Z] [Migration] Processing flash_id: 88785710, downloading from: https://invader-flashes.s3.amazonaws.com/media/queries/2025/06/21/Z/ZKBGcxzI.jpg
[STDOUT 2025-09-02T17:08:58.274Z] [Migration] Downloaded from S3: https://invader-flashes.s3.amazonaws.com/media/queries/2025/06/21/Z/ZKBGcxzI.jpg
[STDOUT 2025-09-02T17:08:58.787Z] 88785710: QmbrfJfL5obP6HpKZzy6HwrLnnfnH6FeFUVUXLTFdNWpp1
[STDOUT 2025-09-02T17:09:00.592Z] [Migration] Processing flash_id: 88785711, downloading from: https://invader-flashes.s3.amazonaws.com/media/queries/2025/06/21/T/Tjx58sSt.jpg
[STDOUT 2025-09-02T17:09:00.748Z] [Migration] Downloaded from S3: https://invader-flashes.s3.amazonaws.com/media/queries/2025/06/21/T/Tjx58sSt.jpg
[STDOUT 2025-09-02T17:09:01.643Z] 88785711: QmVaBFvPpEAVbADn2DJo2E8F7vGiEWxpxfaryLPzM5Z5NQ
[STDOUT 2025-09-02T17:09:03.444Z] [Migration] Processing flash_id: 88785715, downloading from: https://invader-flashes.s3.amazonaws.com/media/queries/2025/06/21/7/7ttuywLn.jpg
[STDOUT 2025-09-02T17:09:03.618Z] [Migration] Downloaded from S3: https://invader-flashes.s3.amazonaws.com/media/queries/2025/06/21/7/7ttuywLn.jpg
[STDOUT 2025-09-02T17:09:04.221Z] 88785715: QmSKJDxvzVH5gNLQ8bywgkJe23xA88EWYuj11R6J8dMfZV
[STDOUT 2025-09-02T17:09:06.022Z] [Migration] Processing flash_id: 88785716, downloading from: https://invader-flashes.s3.amazonaws.com/media/queries/2025/06/21/1/1dsJpMiP.jpg
[STDOUT 2025-09-02T17:09:06.182Z] [Migration] Downloaded from S3: https://invader-flashes.s3.amazonaws.com/media/queries/2025/06/21/1/1dsJpMiP.jpg
[STDOUT 2025-09-02T17:09:06.781Z] 88785716: QmWKDt4bmx7WzuwZz3H7ps57bJZdim7Dj4wXQfNSK5eUhA
[STDOUT 2025-09-02T17:09:08.584Z] [Migration] Processing flash_id: 88785719, downloading from: https://invader-flashes.s3.amazonaws.com/media/queries/2025/06/21/s/sOkLFVLi.jpg
[STDOUT 2025-09-02T17:09:08.705Z] [Migration] Downloaded from S3: https://invader-flashes.s3.amazonaws.com/media/queries/2025/06/21/s/sOkLFVLi.jpg
[STDOUT 2025-09-02T17:09:09.248Z] 88785719: QmQ8pQDdFxv985nSYRM8wiXat5j7Gt3UeVdWNQT2sE6s47
[STDOUT 2025-09-02T17:09:11.050Z] [Migration] Processing flash_id: 88785723, downloading from: https://invader-flashes.s3.amazonaws.com/media/queries/2025/06/21/t/tEURTgru.jpg
[STDOUT 2025-09-02T17:09:11.161Z] [Migration] Downloaded from S3: https://invader-flashes.s3.amazonaws.com/media/queries/2025/06/21/t/tEURTgru.jpg
[STDOUT 2025-09-02T17:09:11.723Z] 88785723: QmSW84MdjHdkWMP3as5c2iwYoup4v37YnvCkpLo48Ngvs1
[STDOUT 2025-09-02T17:09:13.525Z] [Migration] Processing flash_id: 88785894, downloading from: https://invader-flashes.s3.amazonaws.com/media/queries/2025/06/21/y/yXltwRkw.jpg
[STDOUT 2025-09-02T17:09:13.627Z] [Migration] Downloaded from S3: https://invader-flashes.s3.amazonaws.com/media/queries/2025/06/21/y/yXltwRkw.jpg
[STDOUT 2025-09-02T17:09:14.177Z] 88785894: QmTtb7e4haQPeENvMTHAh4EZNf6kogjqQpU36E5i5FgjGz
[STDOUT 2025-09-02T17:09:15.981Z] [Migration] Processing flash_id: 88785899, downloading from: https://invader-flashes.s3.amazonaws.com/media/queries/2025/06/21/f/f9br0gp0.jpg
[STDOUT 2025-09-02T17:09:16.126Z] [Migration] Downloaded from S3: https://invader-flashes.s3.amazonaws.com/media/queries/2025/06/21/f/f9br0gp0.jpg
[STDOUT 2025-09-02T17:09:16.759Z] 88785899: QmchJvxazydxptWM3zRDDWwFJ5zw1MdrZYzHHEb41vJ3NC
[STDOUT 2025-09-02T17:09:18.563Z] [Migration] Processing flash_id: 88785908, downloading from: https://invader-flashes.s3.amazonaws.com/media/queries/2025/06/21/B/Ba5UE4cy.jpg
[STDOUT 2025-09-02T17:09:18.660Z] [Migration] Downloaded from S3: https://invader-flashes.s3.amazonaws.com/media/queries/2025/06/21/B/Ba5UE4cy.jpg
[STDOUT 2025-09-02T17:09:19.867Z] 88785908: QmPWgBS22aHMoDQ5ZYgrj1ZnPbGwdyKd7PszgTZ72kaWux
[STDOUT 2025-09-02T17:09:21.669Z] [Migration] Processing flash_id: 88785917, downloading from: https://invader-flashes.s3.amazonaws.com/media/queries/2025/06/21/M/MLAKaB55.jpg
[STDOUT 2025-09-02T17:09:21.817Z] [Migration] Downloaded from S3: https://invader-flashes.s3.amazonaws.com/media/queries/2025/06/21/M/MLAKaB55.jpg
[STDOUT 2025-09-02T17:09:22.479Z] 88785917: QmWKL2Zrx8QCgHoKwnfCbEC28ByTLBqGU3BhpGmNc8bsBW
[STDOUT 2025-09-02T17:09:24.282Z] [Migration] Processing flash_id: 88785926, downloading from: https://invader-flashes.s3.amazonaws.com/media/queries/2025/06/21/z/zrUBI5Hw.jpg
[STDOUT 2025-09-02T17:09:24.431Z] [Migration] Downloaded from S3: https://invader-flashes.s3.amazonaws.com/media/queries/2025/06/21/z/zrUBI5Hw.jpg
[STDOUT 2025-09-02T17:09:25.111Z] 88785926: QmTKci9wHFDQiCVxnHVWSAyUAvayvM38DfYc9JUBxPQprV
[STDOUT 2025-09-02T17:09:26.912Z] [Migration] Processing flash_id: 88786197, downloading from: https://invader-flashes.s3.amazonaws.com/media/queries/2025/06/21/U/U2utnnSE.jpg
[STDOUT 2025-09-02T17:09:27.012Z] [Migration] Downloaded from S3: https://invader-flashes.s3.amazonaws.com/media/queries/2025/06/21/U/U2utnnSE.jpg
[STDOUT 2025-09-02T17:09:27.598Z] 88786197: QmVRxGSSW4wjbJHAV6AMXCQGtwKok3y9z372DHhRJteWFq
[STDOUT 2025-09-02T17:09:29.400Z] [Migration] Processing flash_id: 88786201, downloading from: https://invader-flashes.s3.amazonaws.com/media/queries/2025/06/21/E/EEpY1R44.jpg
[STDOUT 2025-09-02T17:09:29.548Z] [Migration] Downloaded from S3: https://invader-flashes.s3.amazonaws.com/media/queries/2025/06/21/E/EEpY1R44.jpg
[STDOUT 2025-09-02T17:09:30.548Z] 88786201: QmeFUm1AvuLd8ijtgHWT7vmpVDHQtanbANjEYYMrES8cKy
[STDOUT 2025-09-02T17:09:32.352Z] [Migration] Processing flash_id: 88786202, downloading from: https://invader-flashes.s3.amazonaws.com/media/queries/2025/06/21/s/sgeZfjs7.jpg
[STDOUT 2025-09-02T17:09:32.487Z] [Migration] Downloaded from S3: https://invader-flashes.s3.amazonaws.com/media/queries/2025/06/21/s/sgeZfjs7.jpg
[STDOUT 2025-09-02T17:09:33.195Z] 88786202: QmWcBpMDEKrYuLnJC5UorCvkG6R6KQpXxvoB5h2YRJ43gK
[STDOUT 2025-09-02T17:09:34.997Z] [Migration] Processing flash_id: 88786204, downloading from: https://invader-flashes.s3.amazonaws.com/media/queries/2025/06/21/q/qQDSBACm.jpg
[STDOUT 2025-09-02T17:09:35.102Z] [Migration] Downloaded from S3: https://invader-flashes.s3.amazonaws.com/media/queries/2025/06/21/q/qQDSBACm.jpg
[STDOUT 2025-09-02T17:09:35.942Z] 88786204: QmZstHxBoodziqn7aEsnuoVSwSNa1tDq1xkapV5MA4igQG
[STDOUT 2025-09-02T17:09:37.741Z] [Migration] Processing flash_id: 88786205, downloading from: https://invader-flashes.s3.amazonaws.com/media/queries/2025/06/21/n/n3VrBE0H.jpg
[STDOUT 2025-09-02T17:09:37.900Z] [Migration] Downloaded from S3: https://invader-flashes.s3.amazonaws.com/media/queries/2025/06/21/n/n3VrBE0H.jpg
[STDOUT 2025-09-02T17:09:38.502Z] 88786205: QmXuLm9ZK9baLVtnJJXPEBdVx3QyLDDFavXDmxvjBtWkAL
[STDOUT 2025-09-02T17:09:40.303Z] [Migration] Processing flash_id: 88786209, downloading from: https://invader-flashes.s3.amazonaws.com/media/queries/2025/06/21/c/cWrYBgrA.jpg
[STDOUT 2025-09-02T17:09:40.395Z] [Migration] Downloaded from S3: https://invader-flashes.s3.amazonaws.com/media/queries/2025/06/21/c/cWrYBgrA.jpg
[STDOUT 2025-09-02T17:09:41.004Z] 88786209: QmYyovYVu7bbxE1Y53hFd4H8nQh6bvunwSXwHPqPrNxhUK
[STDOUT 2025-09-02T17:09:42.807Z] [Migration] Processing flash_id: 88786211, downloading from: https://invader-flashes.s3.amazonaws.com/media/queries/2025/06/21/b/bYqClWaJ.jpg
[STDOUT 2025-09-02T17:09:42.960Z] [Migration] Downloaded from S3: https://invader-flashes.s3.amazonaws.com/media/queries/2025/06/21/b/bYqClWaJ.jpg
[STDOUT 2025-09-02T17:09:43.506Z] 88786211: QmPYiGdeEpPwktfS8E5RocYiC8ggQFqW2D3jt1nqk15duA
[STDOUT 2025-09-02T17:09:45.308Z] [Migration] Processing flash_id: 88786214, downloading from: https://invader-flashes.s3.amazonaws.com/media/queries/2025/06/21/T/TzFpHgTx.jpg
[STDOUT 2025-09-02T17:09:45.396Z] [Migration] Downloaded from S3: https://invader-flashes.s3.amazonaws.com/media/queries/2025/06/21/T/TzFpHgTx.jpg
[STDOUT 2025-09-02T17:09:45.912Z] 88786214: QmXsuqnzKw3yND5mtYA1yqVRQ3RB8nixbUfx1WkqrvSnCq
[STDOUT 2025-09-02T17:09:47.714Z] [Migration] Processing flash_id: 88786219, downloading from: https://invader-flashes.s3.amazonaws.com/media/queries/2025/06/21/t/tRukrHjr.jpg
[STDOUT 2025-09-02T17:09:47.856Z] [Migration] Downloaded from S3: https://invader-flashes.s3.amazonaws.com/media/queries/2025/06/21/t/tRukrHjr.jpg
[STDOUT 2025-09-02T17:09:48.636Z] 88786219: QmZT8PRkBbLRrsbHRt6VUFF8gkxDtt5nsnS9GmuW4h3FRH
[STDOUT 2025-09-02T17:09:50.439Z] [Migration] Processing flash_id: 88786220, downloading from: https://invader-flashes.s3.amazonaws.com/media/queries/2025/06/21/X/XE95XXFe.jpg
[STDOUT 2025-09-02T17:09:50.603Z] [Migration] Downloaded from S3: https://invader-flashes.s3.amazonaws.com/media/queries/2025/06/21/X/XE95XXFe.jpg
[STDOUT 2025-09-02T17:09:51.210Z] 88786220: QmYZSaepA5x1adrvr1qrWC6FNGyQ1BunWi7dPdBEQaB6uK
[STDOUT 2025-09-02T17:09:53.011Z] [Migration] Processing flash_id: 88786225, downloading from: https://invader-flashes.s3.amazonaws.com/media/queries/2025/06/21/R/RRj1Z5iH.jpg
[STDOUT 2025-09-02T17:09:53.166Z] [Migration] Downloaded from S3: https://invader-flashes.s3.amazonaws.com/media/queries/2025/06/21/R/RRj1Z5iH.jpg
[STDOUT 2025-09-02T17:09:53.838Z] 88786225: QmQMCs7YqTDhYWormN9uRFTjaWQYmL5GD2K1HnzBmt2xrP
[STDOUT 2025-09-02T17:09:55.640Z] [Migration] Processing flash_id: 88786226, downloading from: https://invader-flashes.s3.amazonaws.com/media/queries/2025/06/21/B/B2Zu71rO.jpg
[STDOUT 2025-09-02T17:09:55.843Z] [Migration] Downloaded from S3: https://invader-flashes.s3.amazonaws.com/media/queries/2025/06/21/B/B2Zu71rO.jpg
[STDOUT 2025-09-02T17:09:56.528Z] 88786226: QmWejeVv8fTALHMTujwEHGiP4SFr3BPNjihdENtddqSgAV
[STDOUT 2025-09-02T17:09:58.328Z] [Migration] Processing flash_id: 88786233, downloading from: https://invader-flashes.s3.amazonaws.com/media/queries/2025/06/21/m/m3eNi2oL.jpg
[STDOUT 2025-09-02T17:09:58.448Z] [Migration] Downloaded from S3: https://invader-flashes.s3.amazonaws.com/media/queries/2025/06/21/m/m3eNi2oL.jpg
[STDOUT 2025-09-02T17:09:59.038Z] 88786233: QmRthQeyscAYXrovSwNWdZtxQrHGocFbNe8c1sntZFDQnk
[STDOUT 2025-09-02T17:10:00.842Z] [Migration] Processing flash_id: 88786234, downloading from: https://invader-flashes.s3.amazonaws.com/media/queries/2025/06/21/h/hnTjJlfR.jpg
[STDOUT 2025-09-02T17:10:00.971Z] [Migration] Downloaded from S3: https://invader-flashes.s3.amazonaws.com/media/queries/2025/06/21/h/hnTjJlfR.jpg
[STDOUT 2025-09-02T17:10:01.635Z] 88786234: QmUNkYCySjXidzVEBnEvTq6fraa7F8mj5phSaSGDHLM4J8
[STDOUT 2025-09-02T17:10:03.446Z] [Migration] Processing flash_id: 88786238, downloading from: https://invader-flashes.s3.amazonaws.com/media/queries/2025/06/21/w/w1WF1e7Q.jpg
[STDOUT 2025-09-02T17:10:03.582Z] [Migration] Downloaded from S3: https://invader-flashes.s3.amazonaws.com/media/queries/2025/06/21/w/w1WF1e7Q.jpg
[STDOUT 2025-09-02T17:10:04.239Z] 88786238: QmVWQNYkT7T2zWsBBPvzU8vS4aSiq8TV8N6wf1kAXq6EwA
[STDOUT 2025-09-02T17:10:06.042Z] [Migration] Processing flash_id: 88786243, downloading from: https://invader-flashes.s3.amazonaws.com/media/queries/2025/06/21/k/kYDOEoB8.jpg
[STDOUT 2025-09-02T17:10:06.181Z] [Migration] Downloaded from S3: https://invader-flashes.s3.amazonaws.com/media/queries/2025/06/21/k/kYDOEoB8.jpg
[STDOUT 2025-09-02T17:10:06.797Z] 88786243: QmP2zu4Apn44PVvSnf1aCAdMoMLJxVp6QRmfBvDFDHQGXQ
[STDOUT 2025-09-02T17:10:08.598Z] [Migration] Processing flash_id: 88786245, downloading from: https://invader-flashes.s3.amazonaws.com/media/queries/2025/06/21/x/xbgqazAA.jpg
[STDOUT 2025-09-02T17:10:08.730Z] [Migration] Downloaded from S3: https://invader-flashes.s3.amazonaws.com/media/queries/2025/06/21/x/xbgqazAA.jpg
[STDOUT 2025-09-02T17:10:09.698Z] 88786245: QmWCX9hRQzp3iaiNFrpDWHMsQ7gRN4BaDfdBc5q5ApKTg5
