[STDOUT 2025-09-02T17:03:48.194Z] [dotenv@17.2.1] injecting env (0) from .env -- tip: ⚙️  enable debug logging with { debug: true }
[STDOUT 2025-09-02T17:03:48.642Z] [ProxyRotator] Debug: PROXY_LIST env var = [CONFIGURED]
[ProxyRotator] Loaded 1 proxies from environment
[STDOUT 2025-09-02T17:03:48.644Z] [ProxyRotator] Detected DataImpulse proxies - optimizing configuration for premium service
[STDOUT 2025-09-02T17:03:48.653Z] 🌐 [Migration] No proxy configured - using direct connections
[STDOUT 2025-09-02T17:03:48.730Z] Database connection established
[STDOUT 2025-09-02T17:03:49.188Z] Starting migration: 50 per batch, 16606 batches max
[STDOUT 2025-09-02T17:03:49.192Z] Worker 1: Starting from offset 0
📊 Total records without IPFS CID: 4981719
[STDOUT 2025-09-02T17:03:49.637Z] [Migration] Processing flash_id: 77468962, downloading from: https://invader-flashes.s3.amazonaws.com/media/queries/2025/01/11/image_rhL8IJh.jpg
[STDOUT 2025-09-02T17:03:50.166Z] [Migration] Downloaded from S3: https://invader-flashes.s3.amazonaws.com/media/queries/2025/01/11/image_rhL8IJh.jpg
[STDOUT 2025-09-02T17:03:51.092Z] 77468962: QmSSY2q7G45Zk6RpawUAygzzz8RdHx5MQW3tkbECibW3j2
[STDOUT 2025-09-02T17:03:52.894Z] [Migration] Processing flash_id: 77468963, downloading from: https://invader-flashes.s3.amazonaws.com/media/queries/2025/01/11/image_JJwrxBk.jpg
[STDOUT 2025-09-02T17:03:53.056Z] [Migration] Downloaded from S3: https://invader-flashes.s3.amazonaws.com/media/queries/2025/01/11/image_JJwrxBk.jpg
[STDOUT 2025-09-02T17:03:53.672Z] 77468963: QmdQdDZo1KwszmnuHqFwDE2UVG1CZEPjdmxZabCWXkiVr9
[STDOUT 2025-09-02T17:03:55.472Z] [Migration] Processing flash_id: 77468964, downloading from: https://invader-flashes.s3.amazonaws.com/media/queries/2025/01/11/img_CYjITtT.jpg
[STDOUT 2025-09-02T17:03:55.676Z] [Migration] Downloaded from S3: https://invader-flashes.s3.amazonaws.com/media/queries/2025/01/11/img_CYjITtT.jpg
[STDOUT 2025-09-02T17:03:56.312Z] 77468964: QmQXxDGCHioKndcZU4piGsdSn67rijh1byZqgaWedum82Z
[STDOUT 2025-09-02T17:03:58.112Z] [Migration] Processing flash_id: 77468975, downloading from: https://invader-flashes.s3.amazonaws.com/media/queries/2025/01/11/image_ICmRVS0.jpg
[STDOUT 2025-09-02T17:03:58.276Z] [Migration] Downloaded from S3: https://invader-flashes.s3.amazonaws.com/media/queries/2025/01/11/image_ICmRVS0.jpg
[STDOUT 2025-09-02T17:03:58.894Z] 77468975: QmaN5jXTUh6ueedVvhZSmGBzvtN2aULMPnFHV9mGu3jYKS
[STDOUT 2025-09-02T17:04:00.696Z] [Migration] Processing flash_id: 77468978, downloading from: https://invader-flashes.s3.amazonaws.com/media/queries/2025/01/11/image_cfiPLX0.jpg
[STDOUT 2025-09-02T17:04:00.822Z] [Migration] Downloaded from S3: https://invader-flashes.s3.amazonaws.com/media/queries/2025/01/11/image_cfiPLX0.jpg
[STDOUT 2025-09-02T17:04:01.378Z] 77468978: QmQLr4UVG3vu6oMZqVKt8sr6egj7pQX14DqqxEKKuopTwq
[STDOUT 2025-09-02T17:04:03.181Z] [Migration] Processing flash_id: 77468980, downloading from: https://invader-flashes.s3.amazonaws.com/media/queries/2025/01/11/image_9Wo5eg5.jpg
[STDOUT 2025-09-02T17:04:03.310Z] [Migration] Downloaded from S3: https://invader-flashes.s3.amazonaws.com/media/queries/2025/01/11/image_9Wo5eg5.jpg
[STDOUT 2025-09-02T17:04:03.977Z] 77468980: QmTUm5b3Z5Mvfxx63u9UNjbUhPuVLzpgtM7Evjs5tA1aqj
[STDOUT 2025-09-02T17:04:05.779Z] [Migration] Processing flash_id: 77468986, downloading from: https://invader-flashes.s3.amazonaws.com/media/queries/2025/01/11/image_Q5kLBcT.jpg
[STDOUT 2025-09-02T17:04:05.882Z] [Migration] Downloaded from S3: https://invader-flashes.s3.amazonaws.com/media/queries/2025/01/11/image_Q5kLBcT.jpg
[STDOUT 2025-09-02T17:04:06.518Z] 77468986: QmP3Bb6Jc4PfydDTnHbzn79nZRFR7QrnwbEm2GLvkuSEnP
[STDOUT 2025-09-02T17:04:08.322Z] [Migration] Processing flash_id: 77468990, downloading from: https://invader-flashes.s3.amazonaws.com/media/queries/2025/01/11/image_BNIS3Xg.jpg
[STDOUT 2025-09-02T17:04:08.539Z] [Migration] Downloaded from S3: https://invader-flashes.s3.amazonaws.com/media/queries/2025/01/11/image_BNIS3Xg.jpg
[STDOUT 2025-09-02T17:04:09.114Z] 77468990: QmcMwqwYzmpv78btZzdQtxLcddDBVHYj7Turc2KTmtjXWi
[STDOUT 2025-09-02T17:04:10.915Z] [Migration] Processing flash_id: 77468991, downloading from: https://invader-flashes.s3.amazonaws.com/media/queries/2025/01/11/img_zveFIlm.jpg
[STDOUT 2025-09-02T17:04:11.047Z] [Migration] Downloaded from S3: https://invader-flashes.s3.amazonaws.com/media/queries/2025/01/11/img_zveFIlm.jpg
[STDOUT 2025-09-02T17:04:11.723Z] 77468991: QmQRvwvkR7FcNbqGRb9xiWNNmrF8imyTwHeatKFZqpp8oF
[STDOUT 2025-09-02T17:04:13.526Z] [Migration] Processing flash_id: 77469007, downloading from: https://invader-flashes.s3.amazonaws.com/media/queries/2025/01/11/image_zYl6yRT.jpg
[STDOUT 2025-09-02T17:04:13.685Z] [Migration] Downloaded from S3: https://invader-flashes.s3.amazonaws.com/media/queries/2025/01/11/image_zYl6yRT.jpg
[STDOUT 2025-09-02T17:04:14.339Z] 77469007: QmP6MYDSpPCgBiNFw3TAENdPcGiXGBDDRLStdU3sEkk6yw
[STDOUT 2025-09-02T17:04:16.143Z] [Migration] Processing flash_id: 77469010, downloading from: https://invader-flashes.s3.amazonaws.com/media/queries/2025/01/11/img_wJZ536Y.jpg
[STDOUT 2025-09-02T17:04:16.327Z] [Migration] Downloaded from S3: https://invader-flashes.s3.amazonaws.com/media/queries/2025/01/11/img_wJZ536Y.jpg
[STDOUT 2025-09-02T17:04:16.969Z] 77469010: QmSsD72uZMRFXB8ThrLCiKvoTo3i776bGjsFYZqy7UnWC5
[STDOUT 2025-09-02T17:04:18.773Z] [Migration] Processing flash_id: 77469011, downloading from: https://invader-flashes.s3.amazonaws.com/media/queries/2025/01/11/image_W6PKN3s.jpg
[STDOUT 2025-09-02T17:04:18.882Z] [Migration] Downloaded from S3: https://invader-flashes.s3.amazonaws.com/media/queries/2025/01/11/image_W6PKN3s.jpg
[STDOUT 2025-09-02T17:04:19.479Z] 77469011: QmZBAtjrbYHhpmTKJH1kPtd7YAT8R5wayJ35iDsrSGZ3GN
[STDOUT 2025-09-02T17:04:21.281Z] [Migration] Processing flash_id: 77469033, downloading from: https://invader-flashes.s3.amazonaws.com/media/queries/2025/01/11/image_vSSnxa8.jpg
[STDOUT 2025-09-02T17:04:21.445Z] [Migration] Downloaded from S3: https://invader-flashes.s3.amazonaws.com/media/queries/2025/01/11/image_vSSnxa8.jpg
[STDOUT 2025-09-02T17:04:22.134Z] 77469033: Qma65sC2fvmkErXSX3y4TXfn1iaxvBxtEhdXz5975UNXCj
[STDOUT 2025-09-02T17:04:23.937Z] [Migration] Processing flash_id: 77469043, downloading from: https://invader-flashes.s3.amazonaws.com/media/queries/2025/01/11/img_Zsn6AuZ.jpg
[STDOUT 2025-09-02T17:04:24.058Z] [Migration] Downloaded from S3: https://invader-flashes.s3.amazonaws.com/media/queries/2025/01/11/img_Zsn6AuZ.jpg
[STDOUT 2025-09-02T17:04:24.669Z] 77469043: QmTzyoaxQbgjcEzTtDugyc2zKL2H2qpZ38cG8sG5oM6tac
[STDOUT 2025-09-02T17:04:26.474Z] [Migration] Processing flash_id: 77469044, downloading from: https://invader-flashes.s3.amazonaws.com/media/queries/2025/01/11/img_oO1I4Te.jpg
[STDOUT 2025-09-02T17:04:26.618Z] [Migration] Downloaded from S3: https://invader-flashes.s3.amazonaws.com/media/queries/2025/01/11/img_oO1I4Te.jpg
[STDOUT 2025-09-02T17:04:27.210Z] 77469044: QmWYCyUR69kP5RCuqeZMVsGFMANSewd82XSoWFxhRhgcNY
[STDOUT 2025-09-02T17:04:29.013Z] [Migration] Processing flash_id: 77469171, downloading from: https://invader-flashes.s3.amazonaws.com/media/queries/2025/01/11/image_8rvXV35.jpg
[STDOUT 2025-09-02T17:04:29.111Z] [Migration] Downloaded from S3: https://invader-flashes.s3.amazonaws.com/media/queries/2025/01/11/image_8rvXV35.jpg
[STDOUT 2025-09-02T17:04:30.220Z] 77469171: Qmeka3JUdurpMpGjc1tWio1yWY5iDwnXxb8RBxNy1xNor2
[STDOUT 2025-09-02T17:04:32.024Z] [Migration] Processing flash_id: 77469172, downloading from: https://invader-flashes.s3.amazonaws.com/media/queries/2025/01/11/image_KPGPuv3.jpg
[STDOUT 2025-09-02T17:04:32.139Z] [Migration] Downloaded from S3: https://invader-flashes.s3.amazonaws.com/media/queries/2025/01/11/image_KPGPuv3.jpg
[STDOUT 2025-09-02T17:04:32.759Z] 77469172: QmQJYqeRghrQTBzYT21oDxiep2FCRGvRC8n6axSE8w7mnE
[STDOUT 2025-09-02T17:04:34.563Z] [Migration] Processing flash_id: 77469174, downloading from: https://invader-flashes.s3.amazonaws.com/media/queries/2025/01/11/image_088yzP6.jpg
[STDOUT 2025-09-02T17:04:34.697Z] [Migration] Downloaded from S3: https://invader-flashes.s3.amazonaws.com/media/queries/2025/01/11/image_088yzP6.jpg
[STDOUT 2025-09-02T17:04:35.253Z] 77469174: QmYvuwh6iMY9PFFS9a7NNTr7EB1x7uhsEkC7VxyHBCWtQM
[STDOUT 2025-09-02T17:04:37.055Z] [Migration] Processing flash_id: 77469248, downloading from: https://invader-flashes.s3.amazonaws.com/media/queries/2025/01/11/image_XkDnrL1.jpg
[STDOUT 2025-09-02T17:04:37.196Z] [Migration] Downloaded from S3: https://invader-flashes.s3.amazonaws.com/media/queries/2025/01/11/image_XkDnrL1.jpg
[STDOUT 2025-09-02T17:04:37.740Z] 77469248: QmS27JMyP3P2hNtqTrRoTexQLsxmfFHAbs2SmBoS6FQNUU
[STDOUT 2025-09-02T17:04:39.543Z] [Migration] Processing flash_id: 77469257, downloading from: https://invader-flashes.s3.amazonaws.com/media/queries/2025/01/11/img_G6pcsH6.jpg
[STDOUT 2025-09-02T17:04:39.638Z] [Migration] Downloaded from S3: https://invader-flashes.s3.amazonaws.com/media/queries/2025/01/11/img_G6pcsH6.jpg
[STDOUT 2025-09-02T17:04:40.186Z] 77469257: QmTjs7cQMMyofVsbEn9W89bsfEcHFgrGD5B5tENJWdADZK
[STDOUT 2025-09-02T17:04:41.988Z] [Migration] Processing flash_id: 77469271, downloading from: https://invader-flashes.s3.amazonaws.com/media/queries/2025/01/11/img_iVgsVzm.jpg
[STDOUT 2025-09-02T17:04:42.080Z] [Migration] Downloaded from S3: https://invader-flashes.s3.amazonaws.com/media/queries/2025/01/11/img_iVgsVzm.jpg
[STDOUT 2025-09-02T17:04:42.628Z] 77469271: QmVjpHGvvXXbm78sLJnNtoMc9BnEffgVLt2QACTng5jZdm
[STDOUT 2025-09-02T17:04:44.430Z] [Migration] Processing flash_id: 77469378, downloading from: https://invader-flashes.s3.amazonaws.com/media/queries/2025/01/11/image_0FYDnfO.jpg
[STDOUT 2025-09-02T17:04:44.587Z] [Migration] Downloaded from S3: https://invader-flashes.s3.amazonaws.com/media/queries/2025/01/11/image_0FYDnfO.jpg
[STDOUT 2025-09-02T17:04:45.240Z] 77469378: QmRW21LbwV3w4aLkwANCKgtvrbE1riZF9e3JAejUUDTb1x
[STDOUT 2025-09-02T17:04:47.042Z] [Migration] Processing flash_id: 77469382, downloading from: https://invader-flashes.s3.amazonaws.com/media/queries/2025/01/11/image_2UjU3u8.jpg
[STDOUT 2025-09-02T17:04:47.185Z] [Migration] Downloaded from S3: https://invader-flashes.s3.amazonaws.com/media/queries/2025/01/11/image_2UjU3u8.jpg
[STDOUT 2025-09-02T17:04:47.778Z] 77469382: QmTzJBfn8Xgu4EEQUCri2YYEiPuEGDnVdavHT7dqQ4hzkz
[STDOUT 2025-09-02T17:04:49.580Z] [Migration] Processing flash_id: 77469900, downloading from: https://invader-flashes.s3.amazonaws.com/media/queries/2025/01/11/image_nB9P2Ka.jpg
[STDOUT 2025-09-02T17:04:49.713Z] [Migration] Downloaded from S3: https://invader-flashes.s3.amazonaws.com/media/queries/2025/01/11/image_nB9P2Ka.jpg
[STDOUT 2025-09-02T17:04:50.365Z] 77469900: QmYfyjqg3tqcbXNmKo5vE8JTjkmq17xKak5xb5Q4jjzG4S
[STDOUT 2025-09-02T17:04:52.166Z] [Migration] Processing flash_id: 77492411, downloading from: https://invader-flashes.s3.amazonaws.com/media/queries/2025/01/11/image_VaALNre.jpg
[STDOUT 2025-09-02T17:04:52.334Z] [Migration] Downloaded from S3: https://invader-flashes.s3.amazonaws.com/media/queries/2025/01/11/image_VaALNre.jpg
[STDOUT 2025-09-02T17:04:53.026Z] 77492411: QmUX86ZYM1tincGwxqdxzmEMnAJpmD5JhjCDh7g4pJ5u2o
[STDOUT 2025-09-02T17:04:54.829Z] [Migration] Processing flash_id: 77492416, downloading from: https://invader-flashes.s3.amazonaws.com/media/queries/2025/01/11/image_V8oYfc3.jpg
[STDOUT 2025-09-02T17:04:54.977Z] [Migration] Downloaded from S3: https://invader-flashes.s3.amazonaws.com/media/queries/2025/01/11/image_V8oYfc3.jpg
[STDOUT 2025-09-02T17:04:55.675Z] 77492416: QmakPgCprTuCzDNhLCgcfB4ChCstvdDQ6EUaE2s9EkZhVP
[STDOUT 2025-09-02T17:04:57.476Z] [Migration] Processing flash_id: 77492417, downloading from: https://invader-flashes.s3.amazonaws.com/media/queries/2025/01/11/image_WFw0A4b.jpg
[STDOUT 2025-09-02T17:04:57.608Z] [Migration] Downloaded from S3: https://invader-flashes.s3.amazonaws.com/media/queries/2025/01/11/image_WFw0A4b.jpg
[STDOUT 2025-09-02T17:04:58.196Z] 77492417: QmaWxsRxuJaSXjABuguFoG2mfbVVR78S6QcJpfykPkux4S
[STDOUT 2025-09-02T17:04:59.996Z] [Migration] Processing flash_id: 77492423, downloading from: https://invader-flashes.s3.amazonaws.com/media/queries/2025/01/11/image_2qHwqx8.jpg
[STDOUT 2025-09-02T17:05:00.128Z] [Migration] Downloaded from S3: https://invader-flashes.s3.amazonaws.com/media/queries/2025/01/11/image_2qHwqx8.jpg
[STDOUT 2025-09-02T17:05:01.031Z] 77492423: QmWKmhnjeKzzZTDoVQ67UNmkAr9ML68cQWBbLzQMetofEq
[STDOUT 2025-09-02T17:05:02.833Z] [Migration] Processing flash_id: 77492425, downloading from: https://invader-flashes.s3.amazonaws.com/media/queries/2025/01/11/image_mdDtqBR.jpg
[STDOUT 2025-09-02T17:05:02.931Z] [Migration] Downloaded from S3: https://invader-flashes.s3.amazonaws.com/media/queries/2025/01/11/image_mdDtqBR.jpg
[STDOUT 2025-09-02T17:05:03.426Z] 77492425: QmerS8g548Cjmc2r4giMHk5tmCB5rPqb3GC5YMDCRgPhr8
[STDOUT 2025-09-02T17:05:05.228Z] [Migration] Processing flash_id: 77492427, downloading from: https://invader-flashes.s3.amazonaws.com/media/queries/2025/01/11/img_V77sKBS.jpg
[STDOUT 2025-09-02T17:05:05.383Z] [Migration] Downloaded from S3: https://invader-flashes.s3.amazonaws.com/media/queries/2025/01/11/img_V77sKBS.jpg
[STDOUT 2025-09-02T17:05:05.955Z] 77492427: QmWktkfZ3YoUKEcAYofENKY9DuUTiQ1aV8HpQwunfDk363
[STDOUT 2025-09-02T17:05:07.759Z] [Migration] Processing flash_id: 77493211, downloading from: https://invader-flashes.s3.amazonaws.com/media/queries/2025/01/11/image_Qg5iUPo.jpg
[STDOUT 2025-09-02T17:05:07.857Z] [Migration] Downloaded from S3: https://invader-flashes.s3.amazonaws.com/media/queries/2025/01/11/image_Qg5iUPo.jpg
[STDOUT 2025-09-02T17:05:08.445Z] 77493211: QmWmv6XncXcTskR4tgJSJ8B9fz8rfzhiZ1pbLDc2TYS6UJ
[STDOUT 2025-09-02T17:05:10.247Z] [Migration] Processing flash_id: 77493212, downloading from: https://invader-flashes.s3.amazonaws.com/media/queries/2025/01/11/image_8vY6nr6.jpg
[STDOUT 2025-09-02T17:05:10.375Z] [Migration] Downloaded from S3: https://invader-flashes.s3.amazonaws.com/media/queries/2025/01/11/image_8vY6nr6.jpg
[STDOUT 2025-09-02T17:05:11.095Z] 77493212: QmTwox54ow9YwL4MmstgW4A9aK7f4zVXCM9N27uYQv9NiJ
[STDOUT 2025-09-02T17:05:12.896Z] [Migration] Processing flash_id: 77493213, downloading from: https://invader-flashes.s3.amazonaws.com/media/queries/2025/01/11/image_j18RfGT.jpg
[STDOUT 2025-09-02T17:05:13.130Z] [Migration] Downloaded from S3: https://invader-flashes.s3.amazonaws.com/media/queries/2025/01/11/image_j18RfGT.jpg
[STDOUT 2025-09-02T17:05:13.709Z] 77493213: QmSEaAreok3e45JQQgdaJXMyFYb9D2Q6EqfPvSFq43WN81
[STDOUT 2025-09-02T17:05:15.508Z] [Migration] Processing flash_id: 77493216, downloading from: https://invader-flashes.s3.amazonaws.com/media/queries/2025/01/11/img_TaYx3pD.jpg
[STDOUT 2025-09-02T17:05:15.605Z] [Migration] Downloaded from S3: https://invader-flashes.s3.amazonaws.com/media/queries/2025/01/11/img_TaYx3pD.jpg
[STDOUT 2025-09-02T17:05:16.137Z] 77493216: QmToBPbc6Eng78wAjXnUZffxiYUb38mvS67g9o2CBkqKAX
[STDOUT 2025-09-02T17:05:17.939Z] [Migration] Processing flash_id: 77493217, downloading from: https://invader-flashes.s3.amazonaws.com/media/queries/2025/01/11/image_03le3Hk.jpg
[STDOUT 2025-09-02T17:05:18.036Z] [Migration] Downloaded from S3: https://invader-flashes.s3.amazonaws.com/media/queries/2025/01/11/image_03le3Hk.jpg
[STDOUT 2025-09-02T17:05:18.612Z] 77493217: QmTWxsbQk7Wswri7hEwRdM2fZ3KdGsVcpDtKTQ72uixH2R
[STDOUT 2025-09-02T17:05:20.415Z] [Migration] Processing flash_id: 77493219, downloading from: https://invader-flashes.s3.amazonaws.com/media/queries/2025/01/11/image_lHJoiJQ.jpg
[STDOUT 2025-09-02T17:05:20.544Z] [Migration] Downloaded from S3: https://invader-flashes.s3.amazonaws.com/media/queries/2025/01/11/image_lHJoiJQ.jpg
[STDOUT 2025-09-02T17:05:21.074Z] 77493219: QmQeZcxSpgVnDCmmei5L7JJkpsDkkJAocykuugEGZAFeQA
[STDOUT 2025-09-02T17:05:22.875Z] [Migration] Processing flash_id: 77493221, downloading from: https://invader-flashes.s3.amazonaws.com/media/queries/2025/01/11/img_tzCDySA.jpg
[STDOUT 2025-09-02T17:05:23.021Z] [Migration] Downloaded from S3: https://invader-flashes.s3.amazonaws.com/media/queries/2025/01/11/img_tzCDySA.jpg
[STDOUT 2025-09-02T17:05:23.630Z] 77493221: QmP9E8tJTGrze6fUUdDxR9TcUmFDBUaLGMd1MCeK57xGVT
[STDOUT 2025-09-02T17:05:25.433Z] [Migration] Processing flash_id: 77493224, downloading from: https://invader-flashes.s3.amazonaws.com/media/queries/2025/01/11/image_QHhlDSa.jpg
[STDOUT 2025-09-02T17:05:25.590Z] [Migration] Downloaded from S3: https://invader-flashes.s3.amazonaws.com/media/queries/2025/01/11/image_QHhlDSa.jpg
[STDOUT 2025-09-02T17:05:26.394Z] 77493224: QmXGCppH9PkDfLZAvJwNbg13HgZWVrMVQJWepvLLXNUkjK
[STDOUT 2025-09-02T17:05:28.195Z] [Migration] Processing flash_id: 77493228, downloading from: https://invader-flashes.s3.amazonaws.com/media/queries/2025/01/11/img_mH68Fe4.jpg
[STDOUT 2025-09-02T17:05:28.309Z] [Migration] Downloaded from S3: https://invader-flashes.s3.amazonaws.com/media/queries/2025/01/11/img_mH68Fe4.jpg
[STDOUT 2025-09-02T17:05:28.790Z] 77493228: QmQ34E7gGWD6xacMNpnD5qd9KJ3p9APF6BhwRjXS4P8zfa
[STDOUT 2025-09-02T17:05:30.592Z] [Migration] Processing flash_id: 77493231, downloading from: https://invader-flashes.s3.amazonaws.com/media/queries/2025/01/11/image_psIOr6Q.jpg
[STDOUT 2025-09-02T17:05:30.744Z] [Migration] Downloaded from S3: https://invader-flashes.s3.amazonaws.com/media/queries/2025/01/11/image_psIOr6Q.jpg
[STDOUT 2025-09-02T17:05:31.578Z] 77493231: QmPrQ7nrW8xc4eqsMbgzsMxhYeYnqy59yUCAEP3DCeXAGi
[STDOUT 2025-09-02T17:05:33.379Z] [Migration] Processing flash_id: 77493232, downloading from: https://invader-flashes.s3.amazonaws.com/media/queries/2025/01/11/img_rtaVO1t.jpg
[STDOUT 2025-09-02T17:05:33.471Z] [Migration] Downloaded from S3: https://invader-flashes.s3.amazonaws.com/media/queries/2025/01/11/img_rtaVO1t.jpg
[STDOUT 2025-09-02T17:05:34.118Z] 77493232: QmYGAa1eHynRwaiUxt4x4oZ2q8w4LiBz5fJsURQNgw7i1g
[STDOUT 2025-09-02T17:05:35.917Z] [Migration] Processing flash_id: 77493234, downloading from: https://invader-flashes.s3.amazonaws.com/media/queries/2025/01/11/image_sNp0jNi.jpg
[STDOUT 2025-09-02T17:05:36.016Z] [Migration] Downloaded from S3: https://invader-flashes.s3.amazonaws.com/media/queries/2025/01/11/image_sNp0jNi.jpg
[STDOUT 2025-09-02T17:05:36.605Z] 77493234: QmVgGAj29jLLwkRpQRDGffZgMB2QUPk4hNtj1FxAxabc58
[STDOUT 2025-09-02T17:05:38.408Z] [Migration] Processing flash_id: 77493236, downloading from: https://invader-flashes.s3.amazonaws.com/media/queries/2025/01/11/image_oQXAW06.jpg
[STDOUT 2025-09-02T17:05:38.526Z] [Migration] Downloaded from S3: https://invader-flashes.s3.amazonaws.com/media/queries/2025/01/11/image_oQXAW06.jpg
[STDOUT 2025-09-02T17:05:39.125Z] 77493236: QmXnYL9hvBGn9dnAT6e9UjpvZx1JUj2sFYWbje5SAZunkf
[STDOUT 2025-09-02T17:05:40.928Z] [Migration] Processing flash_id: 77493239, downloading from: https://invader-flashes.s3.amazonaws.com/media/queries/2025/01/11/image_x537EsB.jpg
[STDOUT 2025-09-02T17:05:41.077Z] [Migration] Downloaded from S3: https://invader-flashes.s3.amazonaws.com/media/queries/2025/01/11/image_x537EsB.jpg
[STDOUT 2025-09-02T17:05:41.784Z] 77493239: QmVJBsweu4LxVvykKXeqrE6P62gEmaqZ1ZbN7juLe3bVQ8
[STDOUT 2025-09-02T17:05:43.586Z] [Migration] Processing flash_id: 77493241, downloading from: https://invader-flashes.s3.amazonaws.com/media/queries/2025/01/11/image_VvIGRlb.jpg
[STDOUT 2025-09-02T17:05:43.683Z] [Migration] Downloaded from S3: https://invader-flashes.s3.amazonaws.com/media/queries/2025/01/11/image_VvIGRlb.jpg
[STDOUT 2025-09-02T17:05:44.455Z] 77493241: QmSNxRMqsPvDCdLJ671fEStjZZZNtk43ewCqy6br6sfGZm
[STDOUT 2025-09-02T17:05:46.256Z] [Migration] Processing flash_id: 77493247, downloading from: https://invader-flashes.s3.amazonaws.com/media/queries/2025/01/11/img_4M94P8G.jpg
[STDOUT 2025-09-02T17:05:46.395Z] [Migration] Downloaded from S3: https://invader-flashes.s3.amazonaws.com/media/queries/2025/01/11/img_4M94P8G.jpg
[STDOUT 2025-09-02T17:05:47.017Z] 77493247: QmdVQeCJ7Wb5GAX5xK1THkdKXnsx1scFGTKHikZ7C2Es78
[STDOUT 2025-09-02T17:05:48.817Z] [Migration] Processing flash_id: 77493252, downloading from: https://invader-flashes.s3.amazonaws.com/media/queries/2025/01/11/image_o0VnB4N.jpg
[STDOUT 2025-09-02T17:05:48.949Z] [Migration] Downloaded from S3: https://invader-flashes.s3.amazonaws.com/media/queries/2025/01/11/image_o0VnB4N.jpg
[STDOUT 2025-09-02T17:05:49.729Z] 77493252: QmTsdPiWB4AWbwQMpsXNrSkB5MW9dS4PD5q9Cgt4zeKQjc
[STDOUT 2025-09-02T17:05:51.538Z] [Migration] Processing flash_id: 77493253, downloading from: https://invader-flashes.s3.amazonaws.com/media/queries/2025/01/11/image_5BXMzxj.jpg
[STDOUT 2025-09-02T17:05:51.669Z] [Migration] Downloaded from S3: https://invader-flashes.s3.amazonaws.com/media/queries/2025/01/11/image_5BXMzxj.jpg
[STDOUT 2025-09-02T17:05:52.305Z] 77493253: QmUuE8rPBhZr1jwiwYJUEQPqBnqGW3uLBEPJtMnrCaF8g7
[STDOUT 2025-09-02T17:05:54.105Z] [Migration] Processing flash_id: 77493254, downloading from: https://invader-flashes.s3.amazonaws.com/media/queries/2025/01/11/image_pKr7feq.jpg
[STDOUT 2025-09-02T17:05:54.195Z] [Migration] Downloaded from S3: https://invader-flashes.s3.amazonaws.com/media/queries/2025/01/11/image_pKr7feq.jpg
[STDOUT 2025-09-02T17:05:54.795Z] 77493254: QmeHv9VBATKs1hoBdsFVhq7uRXMqi7Y8LhGxos5M1HpUiQ
[STDOUT 2025-09-02T17:05:56.600Z] [Migration] Processing flash_id: 77493255, downloading from: https://invader-flashes.s3.amazonaws.com/media/queries/2025/01/11/image_sgpRwgW.jpg
[STDOUT 2025-09-02T17:05:56.704Z] [Migration] Downloaded from S3: https://invader-flashes.s3.amazonaws.com/media/queries/2025/01/11/image_sgpRwgW.jpg
[STDOUT 2025-09-02T17:05:58.252Z] 77493255: QmVpeYHbEJVqHnetPTNCF83i7bSJrYZDLKRFh3cXM7VsrX
[STDOUT 2025-09-02T17:06:02.430Z] [Migration] Processing flash_id: 77504938, downloading from: https://invader-flashes.s3.amazonaws.com/media/queries/2025/01/11/image_4YSruiw.jpg
[STDOUT 2025-09-02T17:06:02.762Z] [Migration] Downloaded from S3: https://invader-flashes.s3.amazonaws.com/media/queries/2025/01/11/image_4YSruiw.jpg
[STDOUT 2025-09-02T17:06:03.540Z] 77504938: QmW7q92wzs9jqgp8LpWghSKiTqPzEoaN6jLs79fXzk5fQ4
[STDOUT 2025-09-02T17:06:05.345Z] [Migration] Processing flash_id: 77505110, downloading from: https://invader-flashes.s3.amazonaws.com/media/queries/2025/01/11/img_ODByiKI.jpg
[STDOUT 2025-09-02T17:06:05.568Z] [Migration] Downloaded from S3: https://invader-flashes.s3.amazonaws.com/media/queries/2025/01/11/img_ODByiKI.jpg
[STDOUT 2025-09-02T17:06:06.089Z] 77505110: QmUGkLnFRWRuB5fCakv66P6PJPYuXT4FN5t4xCCj4BVisH
[STDOUT 2025-09-02T17:06:07.891Z] [Migration] Processing flash_id: 77505111, downloading from: https://invader-flashes.s3.amazonaws.com/media/queries/2025/01/11/image_eWQkrrs.jpg
[STDOUT 2025-09-02T17:06:08.042Z] [Migration] Downloaded from S3: https://invader-flashes.s3.amazonaws.com/media/queries/2025/01/11/image_eWQkrrs.jpg
[STDOUT 2025-09-02T17:06:08.630Z] 77505111: Qmbk5praEvqQkWkDEwrw9put3mgRpc3aZdaDxbm1qaabcH
[STDOUT 2025-09-02T17:06:10.433Z] [Migration] Processing flash_id: 77505115, downloading from: https://invader-flashes.s3.amazonaws.com/media/queries/2025/01/11/image_i20Kvmn.jpg
[STDOUT 2025-09-02T17:06:10.632Z] [Migration] Downloaded from S3: https://invader-flashes.s3.amazonaws.com/media/queries/2025/01/11/image_i20Kvmn.jpg
[STDOUT 2025-09-02T17:06:11.382Z] 77505115: QmNTguHoW5TPUw66vkVAVapF6kHbWX2xTr3EqXzsCUMtBv
[STDOUT 2025-09-02T17:06:13.189Z] [Migration] Processing flash_id: 77505116, downloading from: https://invader-flashes.s3.amazonaws.com/media/queries/2025/01/11/img_4bjobDE.jpg
[STDOUT 2025-09-02T17:06:13.343Z] [Migration] Downloaded from S3: https://invader-flashes.s3.amazonaws.com/media/queries/2025/01/11/img_4bjobDE.jpg
[STDOUT 2025-09-02T17:06:13.927Z] 77505116: QmW9mbeLKC11rWQAVsY4Lt2EF3BAYmVkNncD2JRxhCvPRK
[STDOUT 2025-09-02T17:06:15.730Z] [Migration] Processing flash_id: 77505119, downloading from: https://invader-flashes.s3.amazonaws.com/media/queries/2025/01/11/image_aTaC9cU.jpg
[STDOUT 2025-09-02T17:06:15.835Z] [Migration] Downloaded from S3: https://invader-flashes.s3.amazonaws.com/media/queries/2025/01/11/image_aTaC9cU.jpg
[STDOUT 2025-09-02T17:06:16.404Z] 77505119: QmYTyCfcZd9dLvafKajcPUZieqXWmjPdZU47G1mwu2Lcwt
[STDOUT 2025-09-02T17:06:18.207Z] [Migration] Processing flash_id: 77505120, downloading from: https://invader-flashes.s3.amazonaws.com/media/queries/2025/01/11/image_khm1J8Y.jpg
[STDOUT 2025-09-02T17:06:18.351Z] [Migration] Downloaded from S3: https://invader-flashes.s3.amazonaws.com/media/queries/2025/01/11/image_khm1J8Y.jpg
[STDOUT 2025-09-02T17:06:18.952Z] 77505120: Qmdd4B1T3fJGCaxcEmowTztXaipRhaPWuQgGFLJ4ChGqDX
[STDOUT 2025-09-02T17:06:20.765Z] [Migration] Processing flash_id: 77505123, downloading from: https://invader-flashes.s3.amazonaws.com/media/queries/2025/01/11/image_bByWTaI.jpg
[STDOUT 2025-09-02T17:06:20.852Z] [Migration] Downloaded from S3: https://invader-flashes.s3.amazonaws.com/media/queries/2025/01/11/image_bByWTaI.jpg
[STDOUT 2025-09-02T17:06:21.712Z] 77505123: QmV9mEGku9qqMBAaEyMDe33MQ7sGPrSRVFuv3HL6Z6QEiA
[STDOUT 2025-09-02T17:06:23.513Z] [Migration] Processing flash_id: 77505131, downloading from: https://invader-flashes.s3.amazonaws.com/media/queries/2025/01/11/image_r9ID3QW.jpg
[STDOUT 2025-09-02T17:06:23.648Z] [Migration] Downloaded from S3: https://invader-flashes.s3.amazonaws.com/media/queries/2025/01/11/image_r9ID3QW.jpg
[STDOUT 2025-09-02T17:06:24.241Z] 77505131: QmfMa1C5AfXoRjRfemHnty7cWmkjQQuciiPDajjS8xfxbe
[STDOUT 2025-09-02T17:06:26.043Z] [Migration] Processing flash_id: 77505133, downloading from: https://invader-flashes.s3.amazonaws.com/media/queries/2025/01/11/image_4sf7r09.jpg
[STDOUT 2025-09-02T17:06:26.187Z] [Migration] Downloaded from S3: https://invader-flashes.s3.amazonaws.com/media/queries/2025/01/11/image_4sf7r09.jpg
[STDOUT 2025-09-02T17:06:27.360Z] 77505133: QmVmPW57QAUviqkh7zv2j6YGWVF7GRwfhmhVPJXtmZRExp
[STDOUT 2025-09-02T17:06:29.161Z] [Migration] Processing flash_id: 77505134, downloading from: https://invader-flashes.s3.amazonaws.com/media/queries/2025/01/11/img_Xgof6Px.jpg
[STDOUT 2025-09-02T17:06:29.305Z] [Migration] Downloaded from S3: https://invader-flashes.s3.amazonaws.com/media/queries/2025/01/11/img_Xgof6Px.jpg
[STDOUT 2025-09-02T17:06:29.878Z] 77505134: QmSDVreR3V1EzixjoC5gFDdfYdjvCpngqTYMBndApcUbYX
[STDOUT 2025-09-02T17:06:31.680Z] [Migration] Processing flash_id: 77505143, downloading from: https://invader-flashes.s3.amazonaws.com/media/queries/2025/01/11/image_hytnMRy.jpg
[STDOUT 2025-09-02T17:06:31.786Z] [Migration] Downloaded from S3: https://invader-flashes.s3.amazonaws.com/media/queries/2025/01/11/image_hytnMRy.jpg
[STDOUT 2025-09-02T17:06:32.332Z] 77505143: QmbYKuvPhDJ9CHPBcqWzw1sdoNvNy3GPxT8S8TbSrRaDpk
[STDOUT 2025-09-02T17:06:34.135Z] [Migration] Processing flash_id: 77505153, downloading from: https://invader-flashes.s3.amazonaws.com/media/queries/2025/01/11/image_6XJ4wkf.jpg
[STDOUT 2025-09-02T17:06:34.234Z] [Migration] Downloaded from S3: https://invader-flashes.s3.amazonaws.com/media/queries/2025/01/11/image_6XJ4wkf.jpg
[STDOUT 2025-09-02T17:06:35.790Z] 77505153: Qmejq4DjJJdE73eHqS1MSFedecT28d94zTZVi3QpY87eXv
[STDOUT 2025-09-02T17:06:37.593Z] [Migration] Processing flash_id: 77505157, downloading from: https://invader-flashes.s3.amazonaws.com/media/queries/2025/01/11/img_8j02lFU.jpg
[STDOUT 2025-09-02T17:06:37.682Z] [Migration] Downloaded from S3: https://invader-flashes.s3.amazonaws.com/media/queries/2025/01/11/img_8j02lFU.jpg
[STDOUT 2025-09-02T17:06:38.309Z] 77505157: QmdC3cQeD7xuh1fLo5CKckfPHQMjfVbdCjvheQkH3iVhNn
[STDOUT 2025-09-02T17:06:40.110Z] [Migration] Processing flash_id: 77505164, downloading from: https://invader-flashes.s3.amazonaws.com/media/queries/2025/01/11/image_yU5I7X5.jpg
[STDOUT 2025-09-02T17:06:40.244Z] [Migration] Downloaded from S3: https://invader-flashes.s3.amazonaws.com/media/queries/2025/01/11/image_yU5I7X5.jpg
[STDOUT 2025-09-02T17:06:40.866Z] 77505164: QmeipBCqisuvAtMS9R3a99bPoy1PSDz28Ct42MWoPYxav3
[STDOUT 2025-09-02T17:06:42.669Z] [Migration] Processing flash_id: 77505167, downloading from: https://invader-flashes.s3.amazonaws.com/media/queries/2025/01/11/img_zCiNEhQ.jpg
[STDOUT 2025-09-02T17:06:42.766Z] [Migration] Downloaded from S3: https://invader-flashes.s3.amazonaws.com/media/queries/2025/01/11/img_zCiNEhQ.jpg
[STDOUT 2025-09-02T17:06:43.358Z] 77505167: QmRKMzgVFTx9MTyVtrJbE5NQt7AQoQ9ceUiEgjJZBe5guN
[STDOUT 2025-09-02T17:06:45.161Z] [Migration] Processing flash_id: 77505169, downloading from: https://invader-flashes.s3.amazonaws.com/media/queries/2025/01/11/image_5MAWbQ4.jpg
[STDOUT 2025-09-02T17:06:45.267Z] [Migration] Downloaded from S3: https://invader-flashes.s3.amazonaws.com/media/queries/2025/01/11/image_5MAWbQ4.jpg
[STDOUT 2025-09-02T17:06:45.887Z] 77505169: QmWBFhtZhrEvpQHA1zKYHdMdHfPM1XKJPuku77KPXHdr2t
[STDOUT 2025-09-02T17:06:47.691Z] [Migration] Processing flash_id: 77507096, downloading from: https://invader-flashes.s3.amazonaws.com/media/queries/2025/01/11/image_HopLhhZ.jpg
[STDOUT 2025-09-02T17:06:47.770Z] [Migration] Downloaded from S3: https://invader-flashes.s3.amazonaws.com/media/queries/2025/01/11/image_HopLhhZ.jpg
[STDOUT 2025-09-02T17:06:48.359Z] 77507096: QmPtj78BgC1tkiC9uqGmT3VJsqtwi96YzkbPV9dUvgJNUN
[STDOUT 2025-09-02T17:06:50.163Z] [Migration] Processing flash_id: 77507101, downloading from: https://invader-flashes.s3.amazonaws.com/media/queries/2025/01/11/img_dd4qdLB.jpg
[STDOUT 2025-09-02T17:06:50.257Z] [Migration] Downloaded from S3: https://invader-flashes.s3.amazonaws.com/media/queries/2025/01/11/img_dd4qdLB.jpg
[STDOUT 2025-09-02T17:06:50.739Z] 77507101: QmXC3AtYjEaCDXL4oaa4AYsLmrSbGzepyuhHtoaH6t9gNF
[STDOUT 2025-09-02T17:06:52.542Z] [Migration] Processing flash_id: 77507103, downloading from: https://invader-flashes.s3.amazonaws.com/media/queries/2025/01/11/img_mkm9hME.jpg
[STDOUT 2025-09-02T17:06:52.646Z] [Migration] Downloaded from S3: https://invader-flashes.s3.amazonaws.com/media/queries/2025/01/11/img_mkm9hME.jpg
[STDOUT 2025-09-02T17:06:53.223Z] 77507103: QmbQod6f3LTYzmS5Mso3Sc7rBV6EASWSpndyZT7aWru5Ku
[STDOUT 2025-09-02T17:06:55.027Z] [Migration] Processing flash_id: 77507107, downloading from: https://invader-flashes.s3.amazonaws.com/media/queries/2025/01/11/image_bphHo8p.jpg
[STDOUT 2025-09-02T17:06:55.114Z] [Migration] Downloaded from S3: https://invader-flashes.s3.amazonaws.com/media/queries/2025/01/11/image_bphHo8p.jpg
[STDOUT 2025-09-02T17:06:55.689Z] 77507107: QmfGmvBdc6A3NUQabgEshq8NWMDZgyVfm5K58yE6VTxtYP
[STDOUT 2025-09-02T17:06:57.491Z] [Migration] Processing flash_id: 77507112, downloading from: https://invader-flashes.s3.amazonaws.com/media/queries/2025/01/11/img_A4yJgAe.jpg
[STDOUT 2025-09-02T17:06:57.590Z] [Migration] Downloaded from S3: https://invader-flashes.s3.amazonaws.com/media/queries/2025/01/11/img_A4yJgAe.jpg
[STDOUT 2025-09-02T17:06:58.128Z] 77507112: QmWVig64crQDRKZsRFosWsn27x3rkJNA3yKCNpQWTS3NKF
[STDOUT 2025-09-02T17:06:59.931Z] [Migration] Processing flash_id: 77507113, downloading from: https://invader-flashes.s3.amazonaws.com/media/queries/2025/01/11/image_Uscnq9A.jpg
[STDOUT 2025-09-02T17:07:00.072Z] [Migration] Downloaded from S3: https://invader-flashes.s3.amazonaws.com/media/queries/2025/01/11/image_Uscnq9A.jpg
[STDOUT 2025-09-02T17:07:00.965Z] 77507113: QmPio86m3dKNssWeJVBHHPR6JraiAAoiJwaE1ZcqBaTvPw
[STDOUT 2025-09-02T17:07:02.768Z] [Migration] Processing flash_id: 77507116, downloading from: https://invader-flashes.s3.amazonaws.com/media/queries/2025/01/11/img_bYPZkLO.jpg
[STDOUT 2025-09-02T17:07:02.866Z] [Migration] Downloaded from S3: https://invader-flashes.s3.amazonaws.com/media/queries/2025/01/11/img_bYPZkLO.jpg
[STDOUT 2025-09-02T17:07:03.554Z] 77507116: QmbWF36ZEVSJuED5vnzn3XchKh5p6DKMCuLu2QmFU92SJJ
[STDOUT 2025-09-02T17:07:05.354Z] [Migration] Processing flash_id: 77507117, downloading from: https://invader-flashes.s3.amazonaws.com/media/queries/2025/01/11/image_gH50u4J.jpg
[STDOUT 2025-09-02T17:07:05.443Z] [Migration] Downloaded from S3: https://invader-flashes.s3.amazonaws.com/media/queries/2025/01/11/image_gH50u4J.jpg
[STDOUT 2025-09-02T17:07:06.076Z] 77507117: QmdvPnfqyxRKUp1XA5saobAvYfVw2fjoMXhS21p346Mh65
[STDOUT 2025-09-02T17:07:07.878Z] [Migration] Processing flash_id: 77507118, downloading from: https://invader-flashes.s3.amazonaws.com/media/queries/2025/01/11/image_fCymgZ2.jpg
[STDOUT 2025-09-02T17:07:07.981Z] [Migration] Downloaded from S3: https://invader-flashes.s3.amazonaws.com/media/queries/2025/01/11/image_fCymgZ2.jpg
[STDOUT 2025-09-02T17:07:08.597Z] 77507118: QmS2y41ejbJLoaWoJYH4ZH5MiqqTC79GS84aMkghYJVfys
[STDOUT 2025-09-02T17:07:10.399Z] [Migration] Processing flash_id: 77507119, downloading from: https://invader-flashes.s3.amazonaws.com/media/queries/2025/01/11/img_dhzME00.jpg
[STDOUT 2025-09-02T17:07:10.524Z] [Migration] Downloaded from S3: https://invader-flashes.s3.amazonaws.com/media/queries/2025/01/11/img_dhzME00.jpg
[STDOUT 2025-09-02T17:07:11.096Z] 77507119: QmVW3nbsPVgP9cqrY5kjjSbW3bARHtDNSt7gNphyjBuLBG
[STDOUT 2025-09-02T17:07:12.897Z] [Migration] Processing flash_id: 77507120, downloading from: https://invader-flashes.s3.amazonaws.com/media/queries/2025/01/11/image_fUH0XXO.jpg
[STDOUT 2025-09-02T17:07:12.999Z] [Migration] Downloaded from S3: https://invader-flashes.s3.amazonaws.com/media/queries/2025/01/11/image_fUH0XXO.jpg
[STDOUT 2025-09-02T17:07:13.521Z] 77507120: QmexEsdYLYL52GYsaUxCvDUrHPg4JerQNRjBVxqsZGH3g5
[STDOUT 2025-09-02T17:07:15.324Z] [Migration] Processing flash_id: 77507121, downloading from: https://invader-flashes.s3.amazonaws.com/media/queries/2025/01/11/image_9VwucId.jpg
[STDOUT 2025-09-02T17:07:15.424Z] [Migration] Downloaded from S3: https://invader-flashes.s3.amazonaws.com/media/queries/2025/01/11/image_9VwucId.jpg
[STDOUT 2025-09-02T17:07:16.073Z] 77507121: QmWmtQfTd7xirdffDwB6h2DJcv8nrsbf9VrwyBjnRfv1Ed
[STDOUT 2025-09-02T17:07:17.877Z] [Migration] Processing flash_id: 77507124, downloading from: https://invader-flashes.s3.amazonaws.com/media/queries/2025/01/11/image_mL0X0Cc.jpg
[STDOUT 2025-09-02T17:07:18.025Z] [Migration] Downloaded from S3: https://invader-flashes.s3.amazonaws.com/media/queries/2025/01/11/image_mL0X0Cc.jpg
[STDOUT 2025-09-02T17:07:18.673Z] 77507124: QmS46aD3AZyn94g11XL6oKAQziYM5DAS4v3Nm32feiBHsA
[STDOUT 2025-09-02T17:07:20.476Z] [Migration] Processing flash_id: 77507241, downloading from: https://invader-flashes.s3.amazonaws.com/media/queries/2025/01/11/image_Af6cLD9.jpg
[STDOUT 2025-09-02T17:07:20.603Z] [Migration] Downloaded from S3: https://invader-flashes.s3.amazonaws.com/media/queries/2025/01/11/image_Af6cLD9.jpg
[STDOUT 2025-09-02T17:07:21.356Z] 77507241: QmYcMwTavevhdmF9XZnZNGzDRjqXur4XmFm13wqnTVAFP9
[STDOUT 2025-09-02T17:07:23.158Z] [Migration] Processing flash_id: 77507242, downloading from: https://invader-flashes.s3.amazonaws.com/media/queries/2025/01/11/img_q7uqwpd.jpg
[STDOUT 2025-09-02T17:07:23.277Z] [Migration] Downloaded from S3: https://invader-flashes.s3.amazonaws.com/media/queries/2025/01/11/img_q7uqwpd.jpg
[STDOUT 2025-09-02T17:07:23.870Z] 77507242: QmR99cc7dMtZ3L35WpPi3mU4YFbegrnq61zRBkaMyG695R
[STDOUT 2025-09-02T17:07:25.668Z] [Migration] Processing flash_id: 77507246, downloading from: https://invader-flashes.s3.amazonaws.com/media/queries/2025/01/11/img_tnXbkvi.jpg
[STDOUT 2025-09-02T17:07:25.781Z] [Migration] Downloaded from S3: https://invader-flashes.s3.amazonaws.com/media/queries/2025/01/11/img_tnXbkvi.jpg
[STDOUT 2025-09-02T17:07:26.536Z] 77507246: QmXPiNUE6GZdr6jLpNW3E2yQoUiALfDg3J3QyyjecEAPcs
[STDOUT 2025-09-02T17:07:28.338Z] [Migration] Processing flash_id: 77507247, downloading from: https://invader-flashes.s3.amazonaws.com/media/queries/2025/01/11/image_x5a1QyN.jpg
[STDOUT 2025-09-02T17:07:28.480Z] [Migration] Downloaded from S3: https://invader-flashes.s3.amazonaws.com/media/queries/2025/01/11/image_x5a1QyN.jpg
[STDOUT 2025-09-02T17:07:28.965Z] 77507247: QmbUcSfayaB1midsk9pJb2VTZ5LJn7Np4g6XDT5fbEY93R
[STDOUT 2025-09-02T17:07:30.767Z] [Migration] Processing flash_id: 77507250, downloading from: https://invader-flashes.s3.amazonaws.com/media/queries/2025/01/11/image_rANpdHB.jpg
[STDOUT 2025-09-02T17:07:30.896Z] [Migration] Downloaded from S3: https://invader-flashes.s3.amazonaws.com/media/queries/2025/01/11/image_rANpdHB.jpg
[STDOUT 2025-09-02T17:07:31.435Z] 77507250: QmTnfBdogDbyzG3ji6NbRupNwfY9MEHPhKisDEm2sfbBUy
[STDOUT 2025-09-02T17:07:33.238Z] [Migration] Processing flash_id: 77507252, downloading from: https://invader-flashes.s3.amazonaws.com/media/queries/2025/01/11/image_VXmrarZ.jpg
[STDOUT 2025-09-02T17:07:33.341Z] [Migration] Downloaded from S3: https://invader-flashes.s3.amazonaws.com/media/queries/2025/01/11/image_VXmrarZ.jpg
[STDOUT 2025-09-02T17:07:33.898Z] 77507252: QmbxmaLFs7Rw4cBEXSXCjGb9bPvNGLmLLyKivS2cMUdBi2
[STDOUT 2025-09-02T17:07:35.702Z] [Migration] Processing flash_id: 77507254, downloading from: https://invader-flashes.s3.amazonaws.com/media/queries/2025/01/11/image_0ZoTwYV.jpg
[STDOUT 2025-09-02T17:07:35.828Z] [Migration] Downloaded from S3: https://invader-flashes.s3.amazonaws.com/media/queries/2025/01/11/image_0ZoTwYV.jpg
[STDOUT 2025-09-02T17:07:36.404Z] 77507254: QmaDKXCuHH1SiWYJsANTXRZ4tHLXEsG4fpr7N1CLgjwhVe
[STDOUT 2025-09-02T17:07:38.206Z] [Migration] Processing flash_id: 77507256, downloading from: https://invader-flashes.s3.amazonaws.com/media/queries/2025/01/11/image_sZa2A5Q.jpg
[STDOUT 2025-09-02T17:07:38.305Z] [Migration] Downloaded from S3: https://invader-flashes.s3.amazonaws.com/media/queries/2025/01/11/image_sZa2A5Q.jpg
[STDOUT 2025-09-02T17:07:38.909Z] 77507256: QmR3g4LFibr7sR3YgVozwF4X37bPu44S5GkRejpAXyzpHA
[STDOUT 2025-09-02T17:07:40.713Z] [Migration] Processing flash_id: 77507262, downloading from: https://invader-flashes.s3.amazonaws.com/media/queries/2025/01/11/image_XxDku79.jpg
[STDOUT 2025-09-02T17:07:40.843Z] [Migration] Downloaded from S3: https://invader-flashes.s3.amazonaws.com/media/queries/2025/01/11/image_XxDku79.jpg
[STDOUT 2025-09-02T17:07:41.495Z] 77507262: QmbjYgEnwR3MBu7AriMURC3tDZcKhC8X9tB8yAQGNrMQq5
[STDOUT 2025-09-02T17:07:43.298Z] [Migration] Processing flash_id: 77507263, downloading from: https://invader-flashes.s3.amazonaws.com/media/queries/2025/01/11/image_99rrV0r.jpg
[STDOUT 2025-09-02T17:07:43.420Z] [Migration] Downloaded from S3: https://invader-flashes.s3.amazonaws.com/media/queries/2025/01/11/image_99rrV0r.jpg
[STDOUT 2025-09-02T17:07:44.221Z] 77507263: QmennVBcg4Rbb6qunk7wfdmvdfioXyKCKxGeHFkcnBiKj7
[STDOUT 2025-09-02T17:07:46.023Z] [Migration] Processing flash_id: 77507265, downloading from: https://invader-flashes.s3.amazonaws.com/media/queries/2025/01/11/image_tD2VGHg.jpg
[STDOUT 2025-09-02T17:07:46.198Z] [Migration] Downloaded from S3: https://invader-flashes.s3.amazonaws.com/media/queries/2025/01/11/image_tD2VGHg.jpg
[STDOUT 2025-09-02T17:07:46.758Z] 77507265: QmXgzL7EPugyokEHQSDaYhEMCkCYDn9K1CnFpC9zQ14mxq
[STDOUT 2025-09-02T17:07:48.560Z] [Migration] Processing flash_id: 77507266, downloading from: https://invader-flashes.s3.amazonaws.com/media/queries/2025/01/11/img_2Mb8WPa.jpg
[STDOUT 2025-09-02T17:07:48.656Z] [Migration] Downloaded from S3: https://invader-flashes.s3.amazonaws.com/media/queries/2025/01/11/img_2Mb8WPa.jpg
[STDOUT 2025-09-02T17:07:49.259Z] 77507266: QmcJEeNCoTsHE6nqDbMrtqJ67CsdGbUbRHD9rg2KRMch1x
[STDOUT 2025-09-02T17:07:51.062Z] [Migration] Processing flash_id: 77507268, downloading from: https://invader-flashes.s3.amazonaws.com/media/queries/2025/01/11/img_Cms8dpi.jpg
[STDOUT 2025-09-02T17:07:51.163Z] [Migration] Downloaded from S3: https://invader-flashes.s3.amazonaws.com/media/queries/2025/01/11/img_Cms8dpi.jpg
[STDOUT 2025-09-02T17:07:51.735Z] 77507268: Qmc1dH4oaZrWGpNEL3ZsfECeZefajAp24HzwPxhZqZGbNm
[STDOUT 2025-09-02T17:07:53.537Z] [Migration] Processing flash_id: 77507269, downloading from: https://invader-flashes.s3.amazonaws.com/media/queries/2025/01/11/img_dYvtyfk.jpg
[STDOUT 2025-09-02T17:07:53.648Z] [Migration] Downloaded from S3: https://invader-flashes.s3.amazonaws.com/media/queries/2025/01/11/img_dYvtyfk.jpg
[STDOUT 2025-09-02T17:07:54.231Z] 77507269: QmRGuFyVwW8K1xBA7p773esHVFNoHozDVT1AF2LbsD8xip
[STDOUT 2025-09-02T17:07:56.034Z] [Migration] Processing flash_id: 77507271, downloading from: https://invader-flashes.s3.amazonaws.com/media/queries/2025/01/11/image_j8qw4Lj.jpg
[STDOUT 2025-09-02T17:07:56.123Z] [Migration] Downloaded from S3: https://invader-flashes.s3.amazonaws.com/media/queries/2025/01/11/image_j8qw4Lj.jpg
[STDOUT 2025-09-02T17:07:56.730Z] 77507271: QmTW13NrSbGTuQEuKUoLXVaeLHZ1PnFiSwXZwUMogd4dPa
[STDOUT 2025-09-02T17:07:58.529Z] [Migration] Processing flash_id: 77507274, downloading from: https://invader-flashes.s3.amazonaws.com/media/queries/2025/01/11/image_oIfF2CI.jpg
[STDOUT 2025-09-02T17:07:58.623Z] [Migration] Downloaded from S3: https://invader-flashes.s3.amazonaws.com/media/queries/2025/01/11/image_oIfF2CI.jpg
[STDOUT 2025-09-02T17:07:59.259Z] 77507274: QmUb77byGTH8hdRZKbzYpdY5NVK7JTHCbJL13TTW84UMBN
[STDOUT 2025-09-02T17:08:01.061Z] [Migration] Processing flash_id: 77508085, downloading from: https://invader-flashes.s3.amazonaws.com/media/queries/2025/01/11/img_3HFSzQS.jpg
[STDOUT 2025-09-02T17:08:01.179Z] [Migration] Downloaded from S3: https://invader-flashes.s3.amazonaws.com/media/queries/2025/01/11/img_3HFSzQS.jpg
[STDOUT 2025-09-02T17:08:01.816Z] 77508085: QmcsYstXH7Qsgdii6NDvVbLnaQZM5h4xjtD875YvHKadqY
[STDOUT 2025-09-02T17:08:03.618Z] [Migration] Processing flash_id: 77508088, downloading from: https://invader-flashes.s3.amazonaws.com/media/queries/2025/01/11/image_1M8mZmO.jpg
[STDOUT 2025-09-02T17:08:03.716Z] [Migration] Downloaded from S3: https://invader-flashes.s3.amazonaws.com/media/queries/2025/01/11/image_1M8mZmO.jpg
[STDOUT 2025-09-02T17:08:05.145Z] 77508088: QmePt21TW6jCHyjqibWjREsNixZR6J6kqvTKKeH1T6cZdG
[STDOUT 2025-09-02T17:08:06.951Z] [Migration] Processing flash_id: 77508098, downloading from: https://invader-flashes.s3.amazonaws.com/media/queries/2025/01/11/image_C9QG5av.jpg
[STDOUT 2025-09-02T17:08:07.039Z] [Migration] Downloaded from S3: https://invader-flashes.s3.amazonaws.com/media/queries/2025/01/11/image_C9QG5av.jpg
[STDOUT 2025-09-02T17:08:08.185Z] 77508098: QmQhiQSUUWk8df2VAgWiK31dQ9s5LQ9SjyN7aFHETFJ6n1
[STDOUT 2025-09-02T17:08:09.987Z] [Migration] Processing flash_id: 77508099, downloading from: https://invader-flashes.s3.amazonaws.com/media/queries/2025/01/11/image_1WZJGhq.jpg
[STDOUT 2025-09-02T17:08:10.177Z] [Migration] Downloaded from S3: https://invader-flashes.s3.amazonaws.com/media/queries/2025/01/11/image_1WZJGhq.jpg
[STDOUT 2025-09-02T17:08:10.765Z] 77508099: QmRQFCUYmrSu7pxNXNtibxVuYUr7VsqeYu4smLrPpt7LMP
[STDOUT 2025-09-02T17:08:14.962Z] [Migration] Processing flash_id: 77509305, downloading from: https://invader-flashes.s3.amazonaws.com/media/queries/2025/01/11/img_yp4Eruj.jpg
[STDOUT 2025-09-02T17:08:15.048Z] [Migration] Downloaded from S3: https://invader-flashes.s3.amazonaws.com/media/queries/2025/01/11/img_yp4Eruj.jpg
[STDOUT 2025-09-02T17:08:15.780Z] 77509305: Qmd9BVeJ8jLTYrnoKNoXkcrkEsyQBgDLpBnNXsLrpHjXy6
[STDOUT 2025-09-02T17:08:17.582Z] [Migration] Processing flash_id: 77509306, downloading from: https://invader-flashes.s3.amazonaws.com/media/queries/2025/01/11/image_Wuy7xUk.jpg
[STDOUT 2025-09-02T17:08:17.670Z] [Migration] Downloaded from S3: https://invader-flashes.s3.amazonaws.com/media/queries/2025/01/11/image_Wuy7xUk.jpg
[STDOUT 2025-09-02T17:08:18.420Z] 77509306: QmRGAhGFNYREZ88LofzbRL7752U5F21TXEizZwZQdt89k4
[STDOUT 2025-09-02T17:08:20.220Z] [Migration] Processing flash_id: 77509307, downloading from: https://invader-flashes.s3.amazonaws.com/media/queries/2025/01/11/image_TNIPuYZ.jpg
[STDOUT 2025-09-02T17:08:20.315Z] [Migration] Downloaded from S3: https://invader-flashes.s3.amazonaws.com/media/queries/2025/01/11/image_TNIPuYZ.jpg
[STDOUT 2025-09-02T17:08:20.860Z] 77509307: QmTsBqR4zMuwzBYQQurGz8gEq75E5ZTNfP4ESwZFbDM3ar
[STDOUT 2025-09-02T17:08:22.663Z] [Migration] Processing flash_id: 77509308, downloading from: https://invader-flashes.s3.amazonaws.com/media/queries/2025/01/11/image_gCscSO5.jpg
[STDOUT 2025-09-02T17:08:22.814Z] [Migration] Downloaded from S3: https://invader-flashes.s3.amazonaws.com/media/queries/2025/01/11/image_gCscSO5.jpg
[STDOUT 2025-09-02T17:08:24.757Z] 77509308: QmdYvABY9pJxvxe7x4xtuziFM4BoyAAmDQqnZ3FAD77pE1
[STDOUT 2025-09-02T17:08:26.560Z] [Migration] Processing flash_id: 77509315, downloading from: https://invader-flashes.s3.amazonaws.com/media/queries/2025/01/11/image_Ytde3Td.jpg
[STDOUT 2025-09-02T17:08:26.660Z] [Migration] Downloaded from S3: https://invader-flashes.s3.amazonaws.com/media/queries/2025/01/11/image_Ytde3Td.jpg
[STDOUT 2025-09-02T17:08:27.305Z] 77509315: QmZ3DuoDGZjdKMtvP1Hyg4LSXyggJTK9tgZquJmtxk6sNz
[STDOUT 2025-09-02T17:08:29.105Z] [Migration] Processing flash_id: 77509316, downloading from: https://invader-flashes.s3.amazonaws.com/media/queries/2025/01/11/image_MO2ab0t.jpg
[STDOUT 2025-09-02T17:08:29.200Z] [Migration] Downloaded from S3: https://invader-flashes.s3.amazonaws.com/media/queries/2025/01/11/image_MO2ab0t.jpg
[STDOUT 2025-09-02T17:08:29.798Z] 77509316: QmPv5vA7BCrR1Ax6tCDUmAP3U1B8LEhBZJELheBZVHEhE7
[STDOUT 2025-09-02T17:08:31.600Z] [Migration] Processing flash_id: 77509319, downloading from: https://invader-flashes.s3.amazonaws.com/media/queries/2025/01/11/img_uCBBpoi.jpg
[STDOUT 2025-09-02T17:08:31.695Z] [Migration] Downloaded from S3: https://invader-flashes.s3.amazonaws.com/media/queries/2025/01/11/img_uCBBpoi.jpg
[STDOUT 2025-09-02T17:08:32.199Z] 77509319: QmdPtZSDmQxrW3LSnFx75RL56GJnX7AAUwRjeWHT2Fxx8g
[STDOUT 2025-09-02T17:08:34.001Z] [Migration] Processing flash_id: 77509335, downloading from: https://invader-flashes.s3.amazonaws.com/media/queries/2025/01/11/image_upM2xY4.jpg
[STDOUT 2025-09-02T17:08:34.089Z] [Migration] Downloaded from S3: https://invader-flashes.s3.amazonaws.com/media/queries/2025/01/11/image_upM2xY4.jpg
[STDOUT 2025-09-02T17:08:34.671Z] 77509335: QmWnMisEaoYnw5GTbbuNF2ZYw9rw1wqGfRTKq4aYw5YhsC
[STDOUT 2025-09-02T17:08:36.473Z] [Migration] Processing flash_id: 77509338, downloading from: https://invader-flashes.s3.amazonaws.com/media/queries/2025/01/11/image_uLtwyye.jpg
[STDOUT 2025-09-02T17:08:36.597Z] [Migration] Downloaded from S3: https://invader-flashes.s3.amazonaws.com/media/queries/2025/01/11/image_uLtwyye.jpg
[STDOUT 2025-09-02T17:08:37.203Z] 77509338: QmSG6zjotmCqtf1c9k6fWF6qLJfHoL9ti8ft5MacwSJJi7
[STDOUT 2025-09-02T17:08:39.008Z] [Migration] Processing flash_id: 77509339, downloading from: https://invader-flashes.s3.amazonaws.com/media/queries/2025/01/11/image_ujn3B4Q.jpg
[STDOUT 2025-09-02T17:08:39.117Z] [Migration] Downloaded from S3: https://invader-flashes.s3.amazonaws.com/media/queries/2025/01/11/image_ujn3B4Q.jpg
[STDOUT 2025-09-02T17:08:39.894Z] 77509339: QmeDHf4ips67bUy6aP6gQG3VGTi5aGKs6bJsuHt2rvMHw4
[STDOUT 2025-09-02T17:08:41.697Z] [Migration] Processing flash_id: 77509340, downloading from: https://invader-flashes.s3.amazonaws.com/media/queries/2025/01/11/image_8gixtuH.jpg
[STDOUT 2025-09-02T17:08:41.855Z] [Migration] Downloaded from S3: https://invader-flashes.s3.amazonaws.com/media/queries/2025/01/11/image_8gixtuH.jpg
[STDOUT 2025-09-02T17:08:42.609Z] 77509340: QmctpSfr74qVdz63aM8YqLsDUp9hdScxvh2bFAKa5M2nEo
[STDOUT 2025-09-02T17:08:44.443Z] [Migration] Processing flash_id: 77509346, downloading from: https://invader-flashes.s3.amazonaws.com/media/queries/2025/01/11/image_63NRyuh.jpg
[STDOUT 2025-09-02T17:08:44.600Z] [Migration] Downloaded from S3: https://invader-flashes.s3.amazonaws.com/media/queries/2025/01/11/image_63NRyuh.jpg
[STDOUT 2025-09-02T17:08:45.221Z] 77509346: QmTDRBYYW6r9NKdiB5Xg8CE6G6qTtitGohCaPoRdThkBvg
[STDOUT 2025-09-02T17:08:47.022Z] [Migration] Processing flash_id: 77509348, downloading from: https://invader-flashes.s3.amazonaws.com/media/queries/2025/01/11/image_mfJuoac.jpg
[STDOUT 2025-09-02T17:08:47.132Z] [Migration] Downloaded from S3: https://invader-flashes.s3.amazonaws.com/media/queries/2025/01/11/image_mfJuoac.jpg
[STDOUT 2025-09-02T17:08:47.648Z] 77509348: QmPq3Nos72wAAc9borETP1uPjcnfXG9jFsztJTSdh4c4vy
[STDOUT 2025-09-02T17:08:49.451Z] [Migration] Processing flash_id: 77509353, downloading from: https://invader-flashes.s3.amazonaws.com/media/queries/2025/01/11/image_lklfShz.jpg
[STDOUT 2025-09-02T17:08:49.571Z] [Migration] Downloaded from S3: https://invader-flashes.s3.amazonaws.com/media/queries/2025/01/11/image_lklfShz.jpg
[STDOUT 2025-09-02T17:08:50.184Z] 77509353: QmbE7H1cUBZ1YX1EubMucQrZxijhG8puDN2pi66Z3QTYfj
[STDOUT 2025-09-02T17:08:51.986Z] [Migration] Processing flash_id: 77509354, downloading from: https://invader-flashes.s3.amazonaws.com/media/queries/2025/01/11/img_J6Mc8FC.jpg
[STDOUT 2025-09-02T17:08:52.087Z] [Migration] Downloaded from S3: https://invader-flashes.s3.amazonaws.com/media/queries/2025/01/11/img_J6Mc8FC.jpg
[STDOUT 2025-09-02T17:08:52.707Z] 77509354: QmYgoiG1MWKiMCsXH7MgTAVSUKmQiXN6B6FA11KSXVKZr8
[STDOUT 2025-09-02T17:08:54.510Z] [Migration] Processing flash_id: 77509357, downloading from: https://invader-flashes.s3.amazonaws.com/media/queries/2025/01/11/image_fSSEmZm.jpg
[STDOUT 2025-09-02T17:08:54.597Z] [Migration] Downloaded from S3: https://invader-flashes.s3.amazonaws.com/media/queries/2025/01/11/image_fSSEmZm.jpg
[STDOUT 2025-09-02T17:08:55.240Z] 77509357: QmZq3w7wH1GWvSJ8VGvrrU7pkPgGDAJZbfZbHHdSbGvtC4
[STDOUT 2025-09-02T17:08:57.043Z] [Migration] Processing flash_id: 77509359, downloading from: https://invader-flashes.s3.amazonaws.com/media/queries/2025/01/11/image_ZzJ74uM.jpg
[STDOUT 2025-09-02T17:08:57.136Z] [Migration] Downloaded from S3: https://invader-flashes.s3.amazonaws.com/media/queries/2025/01/11/image_ZzJ74uM.jpg
[STDOUT 2025-09-02T17:08:57.681Z] 77509359: QmQUGotoLdhaoq6XavAvCAAVywvJiHa8TDBP6jgHYvpLEw
[STDOUT 2025-09-02T17:08:59.481Z] [Migration] Processing flash_id: 77509360, downloading from: https://invader-flashes.s3.amazonaws.com/media/queries/2025/01/11/image_RWM2JU0.jpg
[STDOUT 2025-09-02T17:08:59.588Z] [Migration] Downloaded from S3: https://invader-flashes.s3.amazonaws.com/media/queries/2025/01/11/image_RWM2JU0.jpg
[STDOUT 2025-09-02T17:09:00.257Z] 77509360: QmZQwds7gJTcrTSFMb5yJFQE6Z8QTbASqCGMFq9su42c1X
[STDOUT 2025-09-02T17:09:02.060Z] [Migration] Processing flash_id: 77509362, downloading from: https://invader-flashes.s3.amazonaws.com/media/queries/2025/01/11/image_Z3ORoOL.jpg
[STDOUT 2025-09-02T17:09:02.200Z] [Migration] Downloaded from S3: https://invader-flashes.s3.amazonaws.com/media/queries/2025/01/11/image_Z3ORoOL.jpg
[STDOUT 2025-09-02T17:09:02.887Z] 77509362: QmUArZB3QhcHySmkR1uyEUQ9A5fegnhGDMuSADF4mjvowX
[STDOUT 2025-09-02T17:09:04.691Z] [Migration] Processing flash_id: 77509364, downloading from: https://invader-flashes.s3.amazonaws.com/media/queries/2025/01/11/image_4yFC4jU.jpg
[STDOUT 2025-09-02T17:09:04.790Z] [Migration] Downloaded from S3: https://invader-flashes.s3.amazonaws.com/media/queries/2025/01/11/image_4yFC4jU.jpg
[STDOUT 2025-09-02T17:09:05.326Z] 77509364: QmUiAFQQFtF8ycRew3qY5ASFxXDk6mpxHyGjtFoBA2Uj3M
[STDOUT 2025-09-02T17:09:07.129Z] [Migration] Processing flash_id: 77509369, downloading from: https://invader-flashes.s3.amazonaws.com/media/queries/2025/01/11/image_ZIUdsvV.jpg
[STDOUT 2025-09-02T17:09:07.254Z] [Migration] Downloaded from S3: https://invader-flashes.s3.amazonaws.com/media/queries/2025/01/11/image_ZIUdsvV.jpg
[STDOUT 2025-09-02T17:09:07.892Z] 77509369: QmaqjNMyJmxBhvGKNMwDup4QfErwmRojXvdBGhwoTRTScp
[STDOUT 2025-09-02T17:09:09.695Z] [Migration] Processing flash_id: 77509372, downloading from: https://invader-flashes.s3.amazonaws.com/media/queries/2025/01/11/image_CeWCuki.jpg
[STDOUT 2025-09-02T17:09:09.800Z] [Migration] Downloaded from S3: https://invader-flashes.s3.amazonaws.com/media/queries/2025/01/11/image_CeWCuki.jpg
[STDOUT 2025-09-02T17:09:10.447Z] 77509372: QmdLRg2yJvo1aevuGxMgDDAmfLvbA3vbcc9k3uXVgHcJKp
[STDOUT 2025-09-02T17:09:12.250Z] [Migration] Processing flash_id: 77509373, downloading from: https://invader-flashes.s3.amazonaws.com/media/queries/2025/01/11/image_6TpYGHh.jpg
[STDOUT 2025-09-02T17:09:12.343Z] [Migration] Downloaded from S3: https://invader-flashes.s3.amazonaws.com/media/queries/2025/01/11/image_6TpYGHh.jpg
[STDOUT 2025-09-02T17:09:12.921Z] 77509373: QmWPuKyaw6FuWijDtneGEY9Ks2CvjAA2tB2mTzMm3XHMJM
[STDOUT 2025-09-02T17:09:14.724Z] [Migration] Processing flash_id: 77509380, downloading from: https://invader-flashes.s3.amazonaws.com/media/queries/2025/01/11/image_tjpbuwe.jpg
[STDOUT 2025-09-02T17:09:14.851Z] [Migration] Downloaded from S3: https://invader-flashes.s3.amazonaws.com/media/queries/2025/01/11/image_tjpbuwe.jpg
[STDOUT 2025-09-02T17:09:15.379Z] 77509380: QmZ1qit2fHChYjXJtAsoHCWj8wV73Tx2bEvwU6YXZZTfvF
[STDOUT 2025-09-02T17:09:17.183Z] [Migration] Processing flash_id: 77509381, downloading from: https://invader-flashes.s3.amazonaws.com/media/queries/2025/01/11/image_5Z71cca.jpg
[STDOUT 2025-09-02T17:09:17.332Z] [Migration] Downloaded from S3: https://invader-flashes.s3.amazonaws.com/media/queries/2025/01/11/image_5Z71cca.jpg
[STDOUT 2025-09-02T17:09:18.161Z] 77509381: QmNVK7Fo6j7Ea3FMZLDsFvjnwg9MaDebYQ2jwMGRdnQHJH
[STDOUT 2025-09-02T17:09:19.964Z] [Migration] Processing flash_id: 77509382, downloading from: https://invader-flashes.s3.amazonaws.com/media/queries/2025/01/11/image_QATyFfn.jpg
[STDOUT 2025-09-02T17:09:20.063Z] [Migration] Downloaded from S3: https://invader-flashes.s3.amazonaws.com/media/queries/2025/01/11/image_QATyFfn.jpg
[STDOUT 2025-09-02T17:09:20.725Z] 77509382: Qme31NBZFSTDxhQFUjHAcQv62UwAjqim2KXcaRyLSr8wWW
[STDOUT 2025-09-02T17:09:22.528Z] [Migration] Processing flash_id: 77509384, downloading from: https://invader-flashes.s3.amazonaws.com/media/queries/2025/01/11/image_dewFXVp.jpg
[STDOUT 2025-09-02T17:09:22.630Z] [Migration] Downloaded from S3: https://invader-flashes.s3.amazonaws.com/media/queries/2025/01/11/image_dewFXVp.jpg
[STDOUT 2025-09-02T17:09:23.188Z] 77509384: QmX7EXfh92dujoYxm621cYqRYrfmL8hAebRk63F2iiMV8c
[STDOUT 2025-09-02T17:09:24.991Z] [Migration] Processing flash_id: 77509385, downloading from: https://invader-flashes.s3.amazonaws.com/media/queries/2025/01/11/image_WObtQZe.jpg
[STDOUT 2025-09-02T17:09:25.083Z] [Migration] Downloaded from S3: https://invader-flashes.s3.amazonaws.com/media/queries/2025/01/11/image_WObtQZe.jpg
[STDOUT 2025-09-02T17:09:26.821Z] 77509385: QmWd1LdHoDM4P84qLMG5MJKazB3FkXekybbG1WGLyjZ5mu
[STDOUT 2025-09-02T17:09:28.623Z] [Migration] Processing flash_id: 77509388, downloading from: https://invader-flashes.s3.amazonaws.com/media/queries/2025/01/11/image_51cPXQF.jpg
[STDOUT 2025-09-02T17:09:28.721Z] [Migration] Downloaded from S3: https://invader-flashes.s3.amazonaws.com/media/queries/2025/01/11/image_51cPXQF.jpg
[STDOUT 2025-09-02T17:09:29.253Z] 77509388: QmbVGKUte4zBRkRBemvmma9fYTUUoCZrf8CjsHtCnKDQ69
[STDOUT 2025-09-02T17:09:31.055Z] [Migration] Processing flash_id: 77509390, downloading from: https://invader-flashes.s3.amazonaws.com/media/queries/2025/01/11/image_G67O7f2.jpg
[STDOUT 2025-09-02T17:09:31.199Z] [Migration] Downloaded from S3: https://invader-flashes.s3.amazonaws.com/media/queries/2025/01/11/image_G67O7f2.jpg
[STDOUT 2025-09-02T17:09:31.916Z] 77509390: QmXpDjAd2dFgvKe9FY8aQ4usQX22P925SET2EZ6UwqYCBB
[STDOUT 2025-09-02T17:09:33.720Z] [Migration] Processing flash_id: 77509510, downloading from: https://invader-flashes.s3.amazonaws.com/media/queries/2025/01/11/image_eUQVWz5.jpg
[STDOUT 2025-09-02T17:09:33.814Z] [Migration] Downloaded from S3: https://invader-flashes.s3.amazonaws.com/media/queries/2025/01/11/image_eUQVWz5.jpg
[STDOUT 2025-09-02T17:09:34.370Z] 77509510: QmPKcJUydqybiCJxKMsQRLkNkLFDEnwrGPXT4d8oWiS9yP
[STDOUT 2025-09-02T17:09:36.174Z] [Migration] Processing flash_id: 77509512, downloading from: https://invader-flashes.s3.amazonaws.com/media/queries/2025/01/11/image_4vuPtjU.jpg
[STDOUT 2025-09-02T17:09:36.259Z] [Migration] Downloaded from S3: https://invader-flashes.s3.amazonaws.com/media/queries/2025/01/11/image_4vuPtjU.jpg
[STDOUT 2025-09-02T17:09:36.980Z] 77509512: QmRYmRGLAgj4QcMdootgQ52W6SxiJ4WtcokjsxsFyFSWqw
[STDOUT 2025-09-02T17:09:38.783Z] [Migration] Processing flash_id: 77509513, downloading from: https://invader-flashes.s3.amazonaws.com/media/queries/2025/01/11/image_G5F5NX1.jpg
[STDOUT 2025-09-02T17:09:38.902Z] [Migration] Downloaded from S3: https://invader-flashes.s3.amazonaws.com/media/queries/2025/01/11/image_G5F5NX1.jpg
[STDOUT 2025-09-02T17:09:39.430Z] 77509513: QmPCnecRVorrzq8ethTggvAKTUfzetpU8iKa6MXca6M8k9
[STDOUT 2025-09-02T17:09:41.234Z] [Migration] Processing flash_id: 77509514, downloading from: https://invader-flashes.s3.amazonaws.com/media/queries/2025/01/11/image_oaLBgaz.jpg
[STDOUT 2025-09-02T17:09:41.381Z] [Migration] Downloaded from S3: https://invader-flashes.s3.amazonaws.com/media/queries/2025/01/11/image_oaLBgaz.jpg
[STDOUT 2025-09-02T17:09:42.071Z] 77509514: QmXaM7gx4qCss2bk6rWf8SMbonnWLPdiWihHSMzLhAQHfk
[STDOUT 2025-09-02T17:09:43.874Z] [Migration] Processing flash_id: 77509522, downloading from: https://invader-flashes.s3.amazonaws.com/media/queries/2025/01/11/image_TCydoZm.jpg
[STDOUT 2025-09-02T17:09:43.964Z] [Migration] Downloaded from S3: https://invader-flashes.s3.amazonaws.com/media/queries/2025/01/11/image_TCydoZm.jpg
[STDOUT 2025-09-02T17:09:44.586Z] 77509522: QmcohYEBTvieh2gK5qQxF3PQChBxa9gvSvjBjiCr9UtFZd
[STDOUT 2025-09-02T17:09:46.388Z] [Migration] Processing flash_id: 77509523, downloading from: https://invader-flashes.s3.amazonaws.com/media/queries/2025/01/11/image_sP0sYUw.jpg
[STDOUT 2025-09-02T17:09:46.515Z] [Migration] Downloaded from S3: https://invader-flashes.s3.amazonaws.com/media/queries/2025/01/11/image_sP0sYUw.jpg
[STDOUT 2025-09-02T17:09:46.986Z] 77509523: QmTATXrmDDWw6GFfd6Y9zJLxEvShBt8kUf4P8y39ZdTdhG
[STDOUT 2025-09-02T17:09:48.790Z] [Migration] Processing flash_id: 77509524, downloading from: https://invader-flashes.s3.amazonaws.com/media/queries/2025/01/11/image_d6ulcZ8.jpg
[STDOUT 2025-09-02T17:09:48.897Z] [Migration] Downloaded from S3: https://invader-flashes.s3.amazonaws.com/media/queries/2025/01/11/image_d6ulcZ8.jpg
[STDOUT 2025-09-02T17:09:49.426Z] 77509524: QmPwDEwohvtLsaqic28Cs8gSwezybqukKfVrHrrsngTQLb
[STDOUT 2025-09-02T17:09:51.229Z] [Migration] Processing flash_id: 77509526, downloading from: https://invader-flashes.s3.amazonaws.com/media/queries/2025/01/11/img_OJu5xY9.jpg
[STDOUT 2025-09-02T17:09:51.330Z] [Migration] Downloaded from S3: https://invader-flashes.s3.amazonaws.com/media/queries/2025/01/11/img_OJu5xY9.jpg
[STDOUT 2025-09-02T17:09:52.048Z] 77509526: Qmf7Bgfubzc6rUiqJwDJiYXsdZxSEtEcSWcAi47hLbdJWD
[STDOUT 2025-09-02T17:09:53.851Z] [Migration] Processing flash_id: 77509527, downloading from: https://invader-flashes.s3.amazonaws.com/media/queries/2025/01/11/img_ImP7eAm.jpg
[STDOUT 2025-09-02T17:09:53.967Z] [Migration] Downloaded from S3: https://invader-flashes.s3.amazonaws.com/media/queries/2025/01/11/img_ImP7eAm.jpg
[STDOUT 2025-09-02T17:09:54.481Z] 77509527: QmZ647BXwEsJSbtKomvovDXS9LcSoL9AyUsrxmx7f6eDSf
[STDOUT 2025-09-02T17:09:56.285Z] [Migration] Processing flash_id: 77509529, downloading from: https://invader-flashes.s3.amazonaws.com/media/queries/2025/01/11/image_gHCsMtU.jpg
[STDOUT 2025-09-02T17:09:56.658Z] [Migration] Downloaded from S3: https://invader-flashes.s3.amazonaws.com/media/queries/2025/01/11/image_gHCsMtU.jpg
[STDOUT 2025-09-02T17:09:57.274Z] 77509529: QmcFnYa3gPG5bE4FY3Mbdo64UZz6d6ptukPijZK8NogQEb
[STDOUT 2025-09-02T17:09:59.078Z] [Migration] Processing flash_id: 77509530, downloading from: https://invader-flashes.s3.amazonaws.com/media/queries/2025/01/11/image_y4iWW4p.jpg
[STDOUT 2025-09-02T17:09:59.182Z] [Migration] Downloaded from S3: https://invader-flashes.s3.amazonaws.com/media/queries/2025/01/11/image_y4iWW4p.jpg
[STDOUT 2025-09-02T17:09:59.781Z] 77509530: QmSTujrjdd6aSn7ZzTpmeSzakpBvfVWtQBBZpfJPGGZfMS
[STDOUT 2025-09-02T17:10:01.583Z] [Migration] Processing flash_id: 77509535, downloading from: https://invader-flashes.s3.amazonaws.com/media/queries/2025/01/11/image_pqB5LKz.jpg
[STDOUT 2025-09-02T17:10:01.704Z] [Migration] Downloaded from S3: https://invader-flashes.s3.amazonaws.com/media/queries/2025/01/11/image_pqB5LKz.jpg
[STDOUT 2025-09-02T17:10:02.383Z] 77509535: QmavtxXMcbqSrS1NMvUC3VKvKMZAzRVF1h7ufwUpfQ3Bsx
[STDOUT 2025-09-02T17:10:04.186Z] [Migration] Processing flash_id: 77509537, downloading from: https://invader-flashes.s3.amazonaws.com/media/queries/2025/01/11/img_6Y09XR7.jpg
[STDOUT 2025-09-02T17:10:04.364Z] [Migration] Downloaded from S3: https://invader-flashes.s3.amazonaws.com/media/queries/2025/01/11/img_6Y09XR7.jpg
[STDOUT 2025-09-02T17:10:05.061Z] 77509537: QmV38zrSVD4njXJ2GZtTuJZzPhfqzr8zAMDVhDASUab2Ex
[STDOUT 2025-09-02T17:10:06.863Z] [Migration] Processing flash_id: 77509540, downloading from: https://invader-flashes.s3.amazonaws.com/media/queries/2025/01/11/image_chr695S.jpg
[STDOUT 2025-09-02T17:10:06.955Z] [Migration] Downloaded from S3: https://invader-flashes.s3.amazonaws.com/media/queries/2025/01/11/image_chr695S.jpg
[STDOUT 2025-09-02T17:10:07.615Z] 77509540: QmVjwJTgrLEcBjA7LviPeQjqet6utWBaww5yAr69Un5yji
[STDOUT 2025-09-02T17:10:09.417Z] [Migration] Processing flash_id: 77509543, downloading from: https://invader-flashes.s3.amazonaws.com/media/queries/2025/01/11/img_YSpZzHt.jpg
[STDOUT 2025-09-02T17:10:09.518Z] [Migration] Downloaded from S3: https://invader-flashes.s3.amazonaws.com/media/queries/2025/01/11/img_YSpZzHt.jpg
[STDOUT 2025-09-02T17:10:10.039Z] 77509543: QmT6jXFVy3DrwGSaYdsfTELUSWvwoAXTBrst3L4CCV3RXq
