[STDOUT 2025-09-02T17:03:49.177Z] [dotenv@17.2.1] injecting env (0) from .env -- tip: ⚙️  override existing env vars with { override: true }
[STDOUT 2025-09-02T17:03:49.507Z] [ProxyRotator] Debug: PROXY_LIST env var = [CONFIGURED]
[STDOUT 2025-09-02T17:03:49.508Z] [ProxyRotator] Loaded 1 proxies from environment
[STDOUT 2025-09-02T17:03:49.509Z] [ProxyRotator] Detected DataImpulse proxies - optimizing configuration for premium service
[STDOUT 2025-09-02T17:03:49.524Z] 🌐 [Migration] No proxy configured - using direct connections
[STDOUT 2025-09-02T17:03:49.628Z] Database connection established
[STDOUT 2025-09-02T17:03:50.020Z] Starting migration: 50 per batch, 16606 batches max
Worker 2: Starting from offset 830287
📊 Total records without IPFS CID: 4981719
[STDOUT 2025-09-02T17:03:50.798Z] [Migration] Processing flash_id: 80927419, downloading from: https://invader-flashes.s3.amazonaws.com/media/queries/2025/03/11/image_uHUPHy0.jpg
[STDOUT 2025-09-02T17:03:51.339Z] [Migration] Downloaded from S3: https://invader-flashes.s3.amazonaws.com/media/queries/2025/03/11/image_uHUPHy0.jpg
[STDOUT 2025-09-02T17:03:52.165Z] 80927419: QmQ1ywchVEX4saVnB2oYTL1iNNfKADcK6S2jBfFPrre9mh
[STDOUT 2025-09-02T17:03:53.971Z] [Migration] Processing flash_id: 80927420, downloading from: https://invader-flashes.s3.amazonaws.com/media/queries/2025/03/11/image_v5cFZRz.jpg
[STDOUT 2025-09-02T17:03:54.071Z] [Migration] Downloaded from S3: https://invader-flashes.s3.amazonaws.com/media/queries/2025/03/11/image_v5cFZRz.jpg
[STDOUT 2025-09-02T17:03:54.737Z] 80927420: QmewrUrCVmu3GckiLUq2VVpkiWj9bGCd3RfQuERaVXeuz9
[STDOUT 2025-09-02T17:03:56.539Z] [Migration] Processing flash_id: 80927423, downloading from: https://invader-flashes.s3.amazonaws.com/media/queries/2025/03/11/image_rockZ9F.jpg
[STDOUT 2025-09-02T17:03:56.635Z] [Migration] Downloaded from S3: https://invader-flashes.s3.amazonaws.com/media/queries/2025/03/11/image_rockZ9F.jpg
[STDOUT 2025-09-02T17:03:57.247Z] 80927423: QmPZNAVgzyt9i2UpVyWCfgAURpAdBrQEyHmZE9P1qrQqw2
[STDOUT 2025-09-02T17:03:59.049Z] [Migration] Processing flash_id: 80927430, downloading from: https://invader-flashes.s3.amazonaws.com/media/queries/2025/03/11/img_lkyqwcn.jpg
[STDOUT 2025-09-02T17:03:59.178Z] [Migration] Downloaded from S3: https://invader-flashes.s3.amazonaws.com/media/queries/2025/03/11/img_lkyqwcn.jpg
[STDOUT 2025-09-02T17:03:59.692Z] 80927430: QmbEBejY4LBedkcQc4iAYiYyfm6BPYV6zMB7mVmEe4C7iK
[STDOUT 2025-09-02T17:04:01.495Z] [Migration] Processing flash_id: 80927431, downloading from: https://invader-flashes.s3.amazonaws.com/media/queries/2025/03/11/image_fLdXGFV.jpg
[STDOUT 2025-09-02T17:04:01.600Z] [Migration] Downloaded from S3: https://invader-flashes.s3.amazonaws.com/media/queries/2025/03/11/image_fLdXGFV.jpg
[STDOUT 2025-09-02T17:04:02.202Z] 80927431: QmW9g5fKvZ7iueo2Spn8A2Zutbzyw9DYoANazVcdHmyr6v
[STDOUT 2025-09-02T17:04:04.004Z] [Migration] Processing flash_id: 80927433, downloading from: https://invader-flashes.s3.amazonaws.com/media/queries/2025/03/11/image_iIxuayB.jpg
[STDOUT 2025-09-02T17:04:04.153Z] [Migration] Downloaded from S3: https://invader-flashes.s3.amazonaws.com/media/queries/2025/03/11/image_iIxuayB.jpg
[STDOUT 2025-09-02T17:04:05.057Z] 80927433: QmaVzwxAYRYU1GrgSjyKM2jYuqFwdTVs4XQLCmyfTRvEGS
[STDOUT 2025-09-02T17:04:06.858Z] [Migration] Processing flash_id: 80927434, downloading from: https://invader-flashes.s3.amazonaws.com/media/queries/2025/03/11/image_HBFrS5L.jpg
[STDOUT 2025-09-02T17:04:06.983Z] [Migration] Downloaded from S3: https://invader-flashes.s3.amazonaws.com/media/queries/2025/03/11/image_HBFrS5L.jpg
[STDOUT 2025-09-02T17:04:07.633Z] 80927434: QmRzuGM7PHLV5MZaq7zqTSqs7m9EPnm2X4uQsuDzx45e3n
[STDOUT 2025-09-02T17:04:09.432Z] [Migration] Processing flash_id: 80927435, downloading from: https://invader-flashes.s3.amazonaws.com/media/queries/2025/03/11/image_ZrimPLh.jpg
[STDOUT 2025-09-02T17:04:09.579Z] [Migration] Downloaded from S3: https://invader-flashes.s3.amazonaws.com/media/queries/2025/03/11/image_ZrimPLh.jpg
[STDOUT 2025-09-02T17:04:10.273Z] 80927435: QmV8W3nYdNexdmENsiurt5mcNmnDGgkueXfwVj6qGhTJsQ
[STDOUT 2025-09-02T17:04:12.073Z] [Migration] Processing flash_id: 80927436, downloading from: https://invader-flashes.s3.amazonaws.com/media/queries/2025/03/11/image_HZn4Cch.jpg
[STDOUT 2025-09-02T17:04:12.173Z] [Migration] Downloaded from S3: https://invader-flashes.s3.amazonaws.com/media/queries/2025/03/11/image_HZn4Cch.jpg
[STDOUT 2025-09-02T17:04:12.833Z] 80927436: QmXFFhH385Bvcz3aDgi2DaoDSpzTntHZxHYhnZv8TEwiRH
[STDOUT 2025-09-02T17:04:14.633Z] [Migration] Processing flash_id: 80927442, downloading from: https://invader-flashes.s3.amazonaws.com/media/queries/2025/03/11/image_Wbv8YHh.jpg
[STDOUT 2025-09-02T17:04:14.762Z] [Migration] Downloaded from S3: https://invader-flashes.s3.amazonaws.com/media/queries/2025/03/11/image_Wbv8YHh.jpg
[STDOUT 2025-09-02T17:04:15.518Z] 80927442: QmPiJDQPu2b3wbU6dFxcvzabGe4ekS7djRCwiuifqmYoF6
[STDOUT 2025-09-02T17:04:17.318Z] [Migration] Processing flash_id: 80927449, downloading from: https://invader-flashes.s3.amazonaws.com/media/queries/2025/03/11/img_8tBEAPk.jpg
[STDOUT 2025-09-02T17:04:17.426Z] [Migration] Downloaded from S3: https://invader-flashes.s3.amazonaws.com/media/queries/2025/03/11/img_8tBEAPk.jpg
[STDOUT 2025-09-02T17:04:17.955Z] 80927449: QmNqrf3MEtUVs6SBxqU4DpL1FyREznLBg3ymXyjSC8rgPi
[STDOUT 2025-09-02T17:04:19.758Z] [Migration] Processing flash_id: 80927451, downloading from: https://invader-flashes.s3.amazonaws.com/media/queries/2025/03/11/image_tHkSMpD.jpg
[STDOUT 2025-09-02T17:04:19.913Z] [Migration] Downloaded from S3: https://invader-flashes.s3.amazonaws.com/media/queries/2025/03/11/image_tHkSMpD.jpg
[STDOUT 2025-09-02T17:04:20.620Z] 80927451: QmfE6JXLfx41YD9i2Ley1qumPfQQBqxzasnPpGkdqhT74J
[STDOUT 2025-09-02T17:04:22.422Z] [Migration] Processing flash_id: 80927453, downloading from: https://invader-flashes.s3.amazonaws.com/media/queries/2025/03/11/image_RKxhpPu.jpg
[STDOUT 2025-09-02T17:04:22.610Z] [Migration] Downloaded from S3: https://invader-flashes.s3.amazonaws.com/media/queries/2025/03/11/image_RKxhpPu.jpg
[STDOUT 2025-09-02T17:04:23.240Z] 80927453: QmX28HKPrsN6VZkSuagCtxDLrYFHjqsKiCN27nW3CiCkcd
[STDOUT 2025-09-02T17:04:25.043Z] [Migration] Processing flash_id: 80927456, downloading from: https://invader-flashes.s3.amazonaws.com/media/queries/2025/03/11/img_EdQDZDg.jpg
[STDOUT 2025-09-02T17:04:25.182Z] [Migration] Downloaded from S3: https://invader-flashes.s3.amazonaws.com/media/queries/2025/03/11/img_EdQDZDg.jpg
[STDOUT 2025-09-02T17:04:26.289Z] 80927456: QmebXT179EDeYjFCMKxFtLdKqwUhwHub5YKFjapMygCZW5
[STDOUT 2025-09-02T17:04:28.089Z] [Migration] Processing flash_id: 80928037, downloading from: https://invader-flashes.s3.amazonaws.com/media/queries/2025/03/11/image_wa9vEna.jpg
[STDOUT 2025-09-02T17:04:28.192Z] [Migration] Downloaded from S3: https://invader-flashes.s3.amazonaws.com/media/queries/2025/03/11/image_wa9vEna.jpg
[STDOUT 2025-09-02T17:04:28.771Z] 80928037: QmQrUuQsxyEmvjLGjMB3gumGG4Tn5zS69CxMNEfHnzGa4m
[STDOUT 2025-09-02T17:04:30.573Z] [Migration] Processing flash_id: 80928042, downloading from: https://invader-flashes.s3.amazonaws.com/media/queries/2025/03/11/img_ywk2XCr.jpg
[STDOUT 2025-09-02T17:04:30.682Z] [Migration] Downloaded from S3: https://invader-flashes.s3.amazonaws.com/media/queries/2025/03/11/img_ywk2XCr.jpg
[STDOUT 2025-09-02T17:04:31.672Z] 80928042: Qmcg4ZnXE8kB9fVdiZwT9AWwekP4dGjc2VBW12Pyko1yqi
[STDOUT 2025-09-02T17:04:33.474Z] [Migration] Processing flash_id: 80928047, downloading from: https://invader-flashes.s3.amazonaws.com/media/queries/2025/03/11/image_dKpiqAh.jpg
[STDOUT 2025-09-02T17:04:33.572Z] [Migration] Downloaded from S3: https://invader-flashes.s3.amazonaws.com/media/queries/2025/03/11/image_dKpiqAh.jpg
[STDOUT 2025-09-02T17:04:34.177Z] 80928047: QmWjpbPqe6QdYLjkst55P5iqT6VqoK1G2ZmS1WnQdnRT19
[STDOUT 2025-09-02T17:04:35.977Z] [Migration] Processing flash_id: 80928049, downloading from: https://invader-flashes.s3.amazonaws.com/media/queries/2025/03/11/image_xGRU0g0.jpg
[STDOUT 2025-09-02T17:04:36.124Z] [Migration] Downloaded from S3: https://invader-flashes.s3.amazonaws.com/media/queries/2025/03/11/image_xGRU0g0.jpg
[STDOUT 2025-09-02T17:04:36.939Z] 80928049: QmTdJg3BrZ9pRY9vrLyQEqWW6f9NzAajKTZxzC6DEaG3ZR
[STDOUT 2025-09-02T17:04:38.741Z] [Migration] Processing flash_id: 80928050, downloading from: https://invader-flashes.s3.amazonaws.com/media/queries/2025/03/11/image_K27qcL1.jpg
[STDOUT 2025-09-02T17:04:38.873Z] [Migration] Downloaded from S3: https://invader-flashes.s3.amazonaws.com/media/queries/2025/03/11/image_K27qcL1.jpg
[STDOUT 2025-09-02T17:04:39.504Z] 80928050: QmU7E9CAJZKZDnxAY7mincq5B3XYV1XvqP53Sx6YZURCza
[STDOUT 2025-09-02T17:04:41.303Z] [Migration] Processing flash_id: 80928175, downloading from: https://invader-flashes.s3.amazonaws.com/media/queries/2025/03/11/image_WJdi6O1.jpg
[STDOUT 2025-09-02T17:04:41.409Z] [Migration] Downloaded from S3: https://invader-flashes.s3.amazonaws.com/media/queries/2025/03/11/image_WJdi6O1.jpg
[STDOUT 2025-09-02T17:04:41.926Z] 80928175: Qme1aT1bEWnnSPBKTogVhDH3pDsQzSsEeVZBbXLq41zsVS
[STDOUT 2025-09-02T17:04:43.728Z] [Migration] Processing flash_id: 80928177, downloading from: https://invader-flashes.s3.amazonaws.com/media/queries/2025/03/11/image_O3TIaD7.jpg
[STDOUT 2025-09-02T17:04:43.872Z] [Migration] Downloaded from S3: https://invader-flashes.s3.amazonaws.com/media/queries/2025/03/11/image_O3TIaD7.jpg
[STDOUT 2025-09-02T17:04:44.501Z] 80928177: QmUMJKv71jZuUWxukdLbCZALV5xS9nUDFiTAH1hpStaLn7
[STDOUT 2025-09-02T17:04:46.305Z] [Migration] Processing flash_id: 80928182, downloading from: https://invader-flashes.s3.amazonaws.com/media/queries/2025/03/11/image_ywgr1BX.jpg
[STDOUT 2025-09-02T17:04:46.407Z] [Migration] Downloaded from S3: https://invader-flashes.s3.amazonaws.com/media/queries/2025/03/11/image_ywgr1BX.jpg
[STDOUT 2025-09-02T17:04:47.000Z] 80928182: QmRvEEvyKcEvXbBj73Z6yedgegXX4kXxKozWhJXoas5msM
[STDOUT 2025-09-02T17:04:48.803Z] [Migration] Processing flash_id: 80928183, downloading from: https://invader-flashes.s3.amazonaws.com/media/queries/2025/03/11/img_I6qhevD.jpg
[STDOUT 2025-09-02T17:04:48.891Z] [Migration] Downloaded from S3: https://invader-flashes.s3.amazonaws.com/media/queries/2025/03/11/img_I6qhevD.jpg
[STDOUT 2025-09-02T17:04:49.356Z] 80928183: QmUB9PoEMVFN4cXLyhCSEgKussdXdTWyqDNFaQmz5tz8L3
[STDOUT 2025-09-02T17:04:51.160Z] [Migration] Processing flash_id: 80928185, downloading from: https://invader-flashes.s3.amazonaws.com/media/queries/2025/03/11/image_azAPFeb.jpg
[STDOUT 2025-09-02T17:04:51.294Z] [Migration] Downloaded from S3: https://invader-flashes.s3.amazonaws.com/media/queries/2025/03/11/image_azAPFeb.jpg
[STDOUT 2025-09-02T17:04:51.883Z] 80928185: QmavroywupjiUNAQfvXFBvHoacZPDKp99GJGAWzQ9jC8XC
[STDOUT 2025-09-02T17:04:53.685Z] [Migration] Processing flash_id: 80928190, downloading from: https://invader-flashes.s3.amazonaws.com/media/queries/2025/03/11/image_PxobUZb.jpg
[STDOUT 2025-09-02T17:04:53.781Z] [Migration] Downloaded from S3: https://invader-flashes.s3.amazonaws.com/media/queries/2025/03/11/image_PxobUZb.jpg
[STDOUT 2025-09-02T17:04:54.504Z] 80928190: QmWCnbrJ3vqvxBxXRvmTKWonM4UKCXB7YQi2hUA8crAyn3
[STDOUT 2025-09-02T17:04:56.307Z] [Migration] Processing flash_id: 80928193, downloading from: https://invader-flashes.s3.amazonaws.com/media/queries/2025/03/11/image_MENsEV8.jpg
[STDOUT 2025-09-02T17:04:56.431Z] [Migration] Downloaded from S3: https://invader-flashes.s3.amazonaws.com/media/queries/2025/03/11/image_MENsEV8.jpg
[STDOUT 2025-09-02T17:04:57.023Z] 80928193: QmTUZbLNRQ91J223NRxgXh5jvCtqQRzWEge5jQHsh7H91t
[STDOUT 2025-09-02T17:04:58.826Z] [Migration] Processing flash_id: 80928196, downloading from: https://invader-flashes.s3.amazonaws.com/media/queries/2025/03/11/img_liU1EzL.jpg
[STDOUT 2025-09-02T17:04:58.971Z] [Migration] Downloaded from S3: https://invader-flashes.s3.amazonaws.com/media/queries/2025/03/11/img_liU1EzL.jpg
[STDOUT 2025-09-02T17:04:59.566Z] 80928196: QmRFwAnxEXPPvZPHM3fvB9wYsbwLcrQFBRQgV77wy5AS13
[STDOUT 2025-09-02T17:05:01.369Z] [Migration] Processing flash_id: 80928198, downloading from: https://invader-flashes.s3.amazonaws.com/media/queries/2025/03/11/image_wCq8WhD.jpg
[STDOUT 2025-09-02T17:05:01.518Z] [Migration] Downloaded from S3: https://invader-flashes.s3.amazonaws.com/media/queries/2025/03/11/image_wCq8WhD.jpg
[STDOUT 2025-09-02T17:05:02.283Z] 80928198: QmPpKvwUTa4DSaU6MhJn4R7EF68UppudPsY9wbpMDCfHEo
[STDOUT 2025-09-02T17:05:04.087Z] [Migration] Processing flash_id: 80928202, downloading from: https://invader-flashes.s3.amazonaws.com/media/queries/2025/03/11/image_y152pY0.jpg
[STDOUT 2025-09-02T17:05:04.203Z] [Migration] Downloaded from S3: https://invader-flashes.s3.amazonaws.com/media/queries/2025/03/11/image_y152pY0.jpg
[STDOUT 2025-09-02T17:05:04.805Z] 80928202: QmQfrdmB6UKNTaxzhoNsLtCrabLJHYuCP87X6gEmv97JHv
[STDOUT 2025-09-02T17:05:06.608Z] [Migration] Processing flash_id: 80928203, downloading from: https://invader-flashes.s3.amazonaws.com/media/queries/2025/03/11/img_qkQ8tjQ.jpg
[STDOUT 2025-09-02T17:05:06.759Z] [Migration] Downloaded from S3: https://invader-flashes.s3.amazonaws.com/media/queries/2025/03/11/img_qkQ8tjQ.jpg
[STDOUT 2025-09-02T17:05:07.723Z] 80928203: QmYHUHtgnGNMo3pMnMhpFJA2D7o3bzHWZpd1L8RxPiSjNF
[STDOUT 2025-09-02T17:05:09.525Z] [Migration] Processing flash_id: 80928204, downloading from: https://invader-flashes.s3.amazonaws.com/media/queries/2025/03/11/image_qJ0OkND.jpg
[STDOUT 2025-09-02T17:05:09.618Z] [Migration] Downloaded from S3: https://invader-flashes.s3.amazonaws.com/media/queries/2025/03/11/image_qJ0OkND.jpg
[STDOUT 2025-09-02T17:05:10.200Z] 80928204: QmPp1zN9myxQBTdotTQRryv3wRPqaaD23oXNU4VYpYubcw
[STDOUT 2025-09-02T17:05:12.003Z] [Migration] Processing flash_id: 80928306, downloading from: https://invader-flashes.s3.amazonaws.com/media/queries/2025/03/11/img_UWAWExX.jpg
[STDOUT 2025-09-02T17:05:12.168Z] [Migration] Downloaded from S3: https://invader-flashes.s3.amazonaws.com/media/queries/2025/03/11/img_UWAWExX.jpg
[STDOUT 2025-09-02T17:05:12.770Z] 80928306: QmQbEh3CLMkdGjxwgS7ieRtsusMyjdmmMhCV6sWKtJe35s
[STDOUT 2025-09-02T17:05:14.573Z] [Migration] Processing flash_id: 80928308, downloading from: https://invader-flashes.s3.amazonaws.com/media/queries/2025/03/11/image_rPAR8bW.jpg
[STDOUT 2025-09-02T17:05:14.666Z] [Migration] Downloaded from S3: https://invader-flashes.s3.amazonaws.com/media/queries/2025/03/11/image_rPAR8bW.jpg
[STDOUT 2025-09-02T17:05:15.203Z] 80928308: QmcSDbav8yCiWVu39rBrhkm1Dca8okrFUM64qCYXdPCtKE
[STDOUT 2025-09-02T17:05:17.008Z] [Migration] Processing flash_id: 80928311, downloading from: https://invader-flashes.s3.amazonaws.com/media/queries/2025/03/11/img_GI5S6Hp.jpg
[STDOUT 2025-09-02T17:05:17.118Z] [Migration] Downloaded from S3: https://invader-flashes.s3.amazonaws.com/media/queries/2025/03/11/img_GI5S6Hp.jpg
[STDOUT 2025-09-02T17:05:17.710Z] 80928311: QmWiXLhh7A3CkZErcjf5rTksLuPvprV4FCuU6Y8QJXMPpo
[STDOUT 2025-09-02T17:05:19.514Z] [Migration] Processing flash_id: 80928312, downloading from: https://invader-flashes.s3.amazonaws.com/media/queries/2025/03/11/img_USJz5Jn.jpg
[STDOUT 2025-09-02T17:05:19.612Z] [Migration] Downloaded from S3: https://invader-flashes.s3.amazonaws.com/media/queries/2025/03/11/img_USJz5Jn.jpg
[STDOUT 2025-09-02T17:05:20.563Z] 80928312: QmQ4ngM6yGqVP731EwLTd4YTcQGfBP8Kp17h5Je3pfcnEB
[STDOUT 2025-09-02T17:05:22.364Z] [Migration] Processing flash_id: 80928315, downloading from: https://invader-flashes.s3.amazonaws.com/media/queries/2025/03/11/img_TtukFTk.jpg
[STDOUT 2025-09-02T17:05:22.493Z] [Migration] Downloaded from S3: https://invader-flashes.s3.amazonaws.com/media/queries/2025/03/11/img_TtukFTk.jpg
[STDOUT 2025-09-02T17:05:23.089Z] 80928315: QmWJaF62yNt22gXahgP8d1YqYcuU933qt8wag7KtsGjinH
[STDOUT 2025-09-02T17:05:24.891Z] [Migration] Processing flash_id: 80928316, downloading from: https://invader-flashes.s3.amazonaws.com/media/queries/2025/03/11/image_R3oUaXV.jpg
[STDOUT 2025-09-02T17:05:24.995Z] [Migration] Downloaded from S3: https://invader-flashes.s3.amazonaws.com/media/queries/2025/03/11/image_R3oUaXV.jpg
[STDOUT 2025-09-02T17:05:25.572Z] 80928316: QmWw1iXkeGE6cTJnDrUvikNJ35rs2dtHoGSYEdD9UTKUhH
[STDOUT 2025-09-02T17:05:27.374Z] [Migration] Processing flash_id: 80928317, downloading from: https://invader-flashes.s3.amazonaws.com/media/queries/2025/03/11/image_ocUinPa.jpg
[STDOUT 2025-09-02T17:05:27.515Z] [Migration] Downloaded from S3: https://invader-flashes.s3.amazonaws.com/media/queries/2025/03/11/image_ocUinPa.jpg
[STDOUT 2025-09-02T17:05:28.106Z] 80928317: QmNw1JZnvVufVPMPFdVzfeSMbm7LBa6MAbNoZKntRTa9G4
[STDOUT 2025-09-02T17:05:29.909Z] [Migration] Processing flash_id: 80928318, downloading from: https://invader-flashes.s3.amazonaws.com/media/queries/2025/03/11/image_KRWIunx.jpg
[STDOUT 2025-09-02T17:05:30.015Z] [Migration] Downloaded from S3: https://invader-flashes.s3.amazonaws.com/media/queries/2025/03/11/image_KRWIunx.jpg
[STDOUT 2025-09-02T17:05:30.624Z] 80928318: QmVqztjoqBcunh8SBt1RaHmy6EcWywyK9w6PX9SpJYk3nS
[STDOUT 2025-09-02T17:05:32.429Z] [Migration] Processing flash_id: 80928319, downloading from: https://invader-flashes.s3.amazonaws.com/media/queries/2025/03/11/image_Wc2Axr2.jpg
[STDOUT 2025-09-02T17:05:32.521Z] [Migration] Downloaded from S3: https://invader-flashes.s3.amazonaws.com/media/queries/2025/03/11/image_Wc2Axr2.jpg
[STDOUT 2025-09-02T17:05:33.213Z] 80928319: Qmf9qQG2PhaNz2dXgcj953taeHdPn2qBbV9KsZX12huv7y
[STDOUT 2025-09-02T17:05:35.030Z] [Migration] Processing flash_id: 80928322, downloading from: https://invader-flashes.s3.amazonaws.com/media/queries/2025/03/11/img_kxM38t5.jpg
[STDOUT 2025-09-02T17:05:35.185Z] [Migration] Downloaded from S3: https://invader-flashes.s3.amazonaws.com/media/queries/2025/03/11/img_kxM38t5.jpg
[STDOUT 2025-09-02T17:05:35.804Z] 80928322: Qmdq4cK9wHNbU2n8QUwCYM69AzcFkdNzwbjJGNJDzR2Ynb
[STDOUT 2025-09-02T17:05:37.608Z] [Migration] Processing flash_id: 80928323, downloading from: https://invader-flashes.s3.amazonaws.com/media/queries/2025/03/11/image_sIQ8nlR.jpg
[STDOUT 2025-09-02T17:05:37.706Z] [Migration] Downloaded from S3: https://invader-flashes.s3.amazonaws.com/media/queries/2025/03/11/image_sIQ8nlR.jpg
[STDOUT 2025-09-02T17:05:38.414Z] 80928323: QmUhwpmr8ondrr1FkwoPzAroRn9yZ9fBh3mGHQBv4cuX2Z
[STDOUT 2025-09-02T17:05:40.216Z] [Migration] Processing flash_id: 80928325, downloading from: https://invader-flashes.s3.amazonaws.com/media/queries/2025/03/11/img_uoEzFES.jpg
[STDOUT 2025-09-02T17:05:40.328Z] [Migration] Downloaded from S3: https://invader-flashes.s3.amazonaws.com/media/queries/2025/03/11/img_uoEzFES.jpg
[STDOUT 2025-09-02T17:05:40.873Z] 80928325: QmTAxDCbYvv4TcBvouAKzsZKTwWv5o16p8C1iZzY7Qt9KW
[STDOUT 2025-09-02T17:05:42.677Z] [Migration] Processing flash_id: 80928330, downloading from: https://invader-flashes.s3.amazonaws.com/media/queries/2025/03/11/img_A8Kuxxl.jpg
[STDOUT 2025-09-02T17:05:42.796Z] [Migration] Downloaded from S3: https://invader-flashes.s3.amazonaws.com/media/queries/2025/03/11/img_A8Kuxxl.jpg
[STDOUT 2025-09-02T17:05:43.396Z] 80928330: QmasHpsc1o7RYZAkRcGVp7KTYq8bCQVYPcHmx8eiXxJXJr
[STDOUT 2025-09-02T17:05:45.200Z] [Migration] Processing flash_id: 80928331, downloading from: https://invader-flashes.s3.amazonaws.com/media/queries/2025/03/11/image_oCxLXvD.jpg
[STDOUT 2025-09-02T17:05:45.293Z] [Migration] Downloaded from S3: https://invader-flashes.s3.amazonaws.com/media/queries/2025/03/11/image_oCxLXvD.jpg
[STDOUT 2025-09-02T17:05:45.878Z] 80928331: QmPAo1wEfZtH2N3tvCTVMz247N2qTdHohLbry3vtcFC3k4
[STDOUT 2025-09-02T17:05:47.681Z] [Migration] Processing flash_id: 80928332, downloading from: https://invader-flashes.s3.amazonaws.com/media/queries/2025/03/11/image_8EDaEgR.jpg
[STDOUT 2025-09-02T17:05:47.806Z] [Migration] Downloaded from S3: https://invader-flashes.s3.amazonaws.com/media/queries/2025/03/11/image_8EDaEgR.jpg
[STDOUT 2025-09-02T17:05:48.435Z] 80928332: QmPGABGMFdj25eymP9S2XVLWaJmpchu71akoSgFhaFxTKs
[STDOUT 2025-09-02T17:05:50.237Z] [Migration] Processing flash_id: 80928334, downloading from: https://invader-flashes.s3.amazonaws.com/media/queries/2025/03/11/image_zR1ocaA.jpg
[STDOUT 2025-09-02T17:05:50.356Z] [Migration] Downloaded from S3: https://invader-flashes.s3.amazonaws.com/media/queries/2025/03/11/image_zR1ocaA.jpg
[STDOUT 2025-09-02T17:05:50.903Z] 80928334: QmPRoxB25gHFxBmbzrdQr3rhgJHfpY6Z3SBi8m9d5rcNSF
[STDOUT 2025-09-02T17:05:52.707Z] [Migration] Processing flash_id: 80928337, downloading from: https://invader-flashes.s3.amazonaws.com/media/queries/2025/03/11/image_MdjRmWW.jpg
[STDOUT 2025-09-02T17:05:52.851Z] [Migration] Downloaded from S3: https://invader-flashes.s3.amazonaws.com/media/queries/2025/03/11/image_MdjRmWW.jpg
[STDOUT 2025-09-02T17:05:53.644Z] 80928337: QmaSPGGVspCq52zvRQvM4T1vvkKUGDeBNhqeRRuQ9hse6o
[STDOUT 2025-09-02T17:05:55.446Z] [Migration] Processing flash_id: 80928340, downloading from: https://invader-flashes.s3.amazonaws.com/media/queries/2025/03/11/image_DhWDINx.jpg
[STDOUT 2025-09-02T17:05:55.539Z] [Migration] Downloaded from S3: https://invader-flashes.s3.amazonaws.com/media/queries/2025/03/11/image_DhWDINx.jpg
[STDOUT 2025-09-02T17:05:56.222Z] 80928340: Qmcq6jngVtatPsJm7NH76QwfUuDA47W5JCeeg3zcEwjL5c
[STDOUT 2025-09-02T17:05:58.022Z] [Migration] Processing flash_id: 80928344, downloading from: https://invader-flashes.s3.amazonaws.com/media/queries/2025/03/11/image_80IEqWt.jpg
[STDOUT 2025-09-02T17:05:58.133Z] [Migration] Downloaded from S3: https://invader-flashes.s3.amazonaws.com/media/queries/2025/03/11/image_80IEqWt.jpg
[STDOUT 2025-09-02T17:05:59.042Z] 80928344: QmSaBoqYzVwgJdoEKgH3ujD3DFBsSJVno8F3MYvZset9hi
[STDOUT 2025-09-02T17:06:03.439Z] [Migration] Processing flash_id: 80929635, downloading from: https://invader-flashes.s3.amazonaws.com/media/queries/2025/03/11/image_S7KE8o3.jpg
[STDOUT 2025-09-02T17:06:03.770Z] [Migration] Downloaded from S3: https://invader-flashes.s3.amazonaws.com/media/queries/2025/03/11/image_S7KE8o3.jpg
[STDOUT 2025-09-02T17:06:04.606Z] 80929635: QmTkxZsyKL8kH5XGnTfckqHdm6adk7KyjZeMg6dyHpE5xr
[STDOUT 2025-09-02T17:06:06.408Z] [Migration] Processing flash_id: 80929636, downloading from: https://invader-flashes.s3.amazonaws.com/media/queries/2025/03/11/image_lSs9Glw.jpg
[STDOUT 2025-09-02T17:06:06.569Z] [Migration] Downloaded from S3: https://invader-flashes.s3.amazonaws.com/media/queries/2025/03/11/image_lSs9Glw.jpg
[STDOUT 2025-09-02T17:06:07.142Z] 80929636: QmPQMQXsz7PFoNLyo8k43TEwdXEFAHNCTom9PVMJwAbMCV
[STDOUT 2025-09-02T17:06:08.943Z] [Migration] Processing flash_id: 80929637, downloading from: https://invader-flashes.s3.amazonaws.com/media/queries/2025/03/11/image_NR4EhEN.jpg
[STDOUT 2025-09-02T17:06:09.043Z] [Migration] Downloaded from S3: https://invader-flashes.s3.amazonaws.com/media/queries/2025/03/11/image_NR4EhEN.jpg
[STDOUT 2025-09-02T17:06:09.640Z] 80929637: QmPQxW9jZd727eirKxKbKUcuyPaHtteEn6btUW9mbgR3CC
[STDOUT 2025-09-02T17:06:11.444Z] [Migration] Processing flash_id: 80929638, downloading from: https://invader-flashes.s3.amazonaws.com/media/queries/2025/03/11/image_GEuU5Za.jpg
[STDOUT 2025-09-02T17:06:11.544Z] [Migration] Downloaded from S3: https://invader-flashes.s3.amazonaws.com/media/queries/2025/03/11/image_GEuU5Za.jpg
[STDOUT 2025-09-02T17:06:12.123Z] 80929638: Qmbe2sUnhgwTNng9ZjoFvXwsj78hi46XsTBkSioPva9ASp
[STDOUT 2025-09-02T17:06:13.924Z] [Migration] Processing flash_id: 80929642, downloading from: https://invader-flashes.s3.amazonaws.com/media/queries/2025/03/11/image_6Bk4LO4.jpg
[STDOUT 2025-09-02T17:06:14.106Z] [Migration] Downloaded from S3: https://invader-flashes.s3.amazonaws.com/media/queries/2025/03/11/image_6Bk4LO4.jpg
[STDOUT 2025-09-02T17:06:15.243Z] 80929642: QmRzD6YrkPVReuD5ng4knX1borwFPZwCZQaxEL5Lsozy1U
[STDOUT 2025-09-02T17:06:17.044Z] [Migration] Processing flash_id: 80929644, downloading from: https://invader-flashes.s3.amazonaws.com/media/queries/2025/03/11/image_IQbALPG.jpg
[STDOUT 2025-09-02T17:06:17.203Z] [Migration] Downloaded from S3: https://invader-flashes.s3.amazonaws.com/media/queries/2025/03/11/image_IQbALPG.jpg
[STDOUT 2025-09-02T17:06:17.832Z] 80929644: QmZR9EEyx5RTudtoybF26g6EF2whvFZ7BkJCu3zUwBc4iL
[STDOUT 2025-09-02T17:06:19.631Z] [Migration] Processing flash_id: 80929646, downloading from: https://invader-flashes.s3.amazonaws.com/media/queries/2025/03/11/img_rO9Rm1M.jpg
[STDOUT 2025-09-02T17:06:19.734Z] [Migration] Downloaded from S3: https://invader-flashes.s3.amazonaws.com/media/queries/2025/03/11/img_rO9Rm1M.jpg
[STDOUT 2025-09-02T17:06:20.274Z] 80929646: Qmf5cfT1jhc6Mq1BEE8egWbxNCh7Q8rapruybPCVR2VLDa
[STDOUT 2025-09-02T17:06:22.077Z] [Migration] Processing flash_id: 80929649, downloading from: https://invader-flashes.s3.amazonaws.com/media/queries/2025/03/11/image_0QJZz9P.jpg
[STDOUT 2025-09-02T17:06:22.242Z] [Migration] Downloaded from S3: https://invader-flashes.s3.amazonaws.com/media/queries/2025/03/11/image_0QJZz9P.jpg
[STDOUT 2025-09-02T17:06:23.772Z] 80929649: QmRR4eF3g6UFiyJGS7VJJ83mWvkhsuQKxLPsnwWU36jex9
[STDOUT 2025-09-02T17:06:25.573Z] [Migration] Processing flash_id: 80929650, downloading from: https://invader-flashes.s3.amazonaws.com/media/queries/2025/03/11/img_cF6Pczh.jpg
[STDOUT 2025-09-02T17:06:25.675Z] [Migration] Downloaded from S3: https://invader-flashes.s3.amazonaws.com/media/queries/2025/03/11/img_cF6Pczh.jpg
[STDOUT 2025-09-02T17:06:26.257Z] 80929650: QmR9BEMSnqAuoxbQRtYGs7UKo5FwJ4qGDG8FaB1JZ9Cyqr
[STDOUT 2025-09-02T17:06:28.059Z] [Migration] Processing flash_id: 80929651, downloading from: https://invader-flashes.s3.amazonaws.com/media/queries/2025/03/11/image_6EuGIor.jpg
[STDOUT 2025-09-02T17:06:28.170Z] [Migration] Downloaded from S3: https://invader-flashes.s3.amazonaws.com/media/queries/2025/03/11/image_6EuGIor.jpg
[STDOUT 2025-09-02T17:06:28.690Z] 80929651: QmTAcbbMjVxEgS8yBRK5MwS3uoSKa1J7x4ui1CdR212x8q
[STDOUT 2025-09-02T17:06:30.492Z] [Migration] Processing flash_id: 80929655, downloading from: https://invader-flashes.s3.amazonaws.com/media/queries/2025/03/11/image_D4dg2tf.jpg
[STDOUT 2025-09-02T17:06:30.592Z] [Migration] Downloaded from S3: https://invader-flashes.s3.amazonaws.com/media/queries/2025/03/11/image_D4dg2tf.jpg
[STDOUT 2025-09-02T17:06:31.137Z] 80929655: QmYytbacJ5jLAiAAuKPkCUB8F8ysZhnhX1yhzamr6R7kVa
[STDOUT 2025-09-02T17:06:32.941Z] [Migration] Processing flash_id: 80929656, downloading from: https://invader-flashes.s3.amazonaws.com/media/queries/2025/03/11/img_ZQeh25p.jpg
[STDOUT 2025-09-02T17:06:33.094Z] [Migration] Downloaded from S3: https://invader-flashes.s3.amazonaws.com/media/queries/2025/03/11/img_ZQeh25p.jpg
[STDOUT 2025-09-02T17:06:33.858Z] 80929656: QmXbr3SSyHmWqdRu5jc3sqBu4kjaGVub3WQBhuCWUrZzHC
[STDOUT 2025-09-02T17:06:35.658Z] [Migration] Processing flash_id: 80929658, downloading from: https://invader-flashes.s3.amazonaws.com/media/queries/2025/03/11/image_lTohU46.jpg
[STDOUT 2025-09-02T17:06:35.845Z] [Migration] Downloaded from S3: https://invader-flashes.s3.amazonaws.com/media/queries/2025/03/11/image_lTohU46.jpg
[STDOUT 2025-09-02T17:06:37.079Z] 80929658: QmRQoEXHn3ZY5bdgjt6yLiDC1HtyK3fUVhfWijfW5nb3VX
[STDOUT 2025-09-02T17:06:38.880Z] [Migration] Processing flash_id: 80929659, downloading from: https://invader-flashes.s3.amazonaws.com/media/queries/2025/03/11/image_qgSAczQ.jpg
[STDOUT 2025-09-02T17:06:39.020Z] [Migration] Downloaded from S3: https://invader-flashes.s3.amazonaws.com/media/queries/2025/03/11/image_qgSAczQ.jpg
[STDOUT 2025-09-02T17:06:39.724Z] 80929659: QmWQcCQ7VCvCoZxU6dA3r6WrEHNZodcEU1H7Dp2CHtGiSc
[STDOUT 2025-09-02T17:06:41.526Z] [Migration] Processing flash_id: 80929665, downloading from: https://invader-flashes.s3.amazonaws.com/media/queries/2025/03/11/image_3tFLtde.jpg
[STDOUT 2025-09-02T17:06:41.689Z] [Migration] Downloaded from S3: https://invader-flashes.s3.amazonaws.com/media/queries/2025/03/11/image_3tFLtde.jpg
[STDOUT 2025-09-02T17:06:42.322Z] 80929665: QmatYjzw33pHPQ5i5dqLDkmxdpkf6GvTBNpgGrXcapgZdj
[STDOUT 2025-09-02T17:06:44.122Z] [Migration] Processing flash_id: 80929666, downloading from: https://invader-flashes.s3.amazonaws.com/media/queries/2025/03/11/image_n843adq.jpg
[STDOUT 2025-09-02T17:06:44.235Z] [Migration] Downloaded from S3: https://invader-flashes.s3.amazonaws.com/media/queries/2025/03/11/image_n843adq.jpg
[STDOUT 2025-09-02T17:06:45.138Z] 80929666: QmYP34wsgm2ncrXPiE3aPAh5kjCDCNRfoj16TRQqZ62wqk
[STDOUT 2025-09-02T17:06:46.940Z] [Migration] Processing flash_id: 80929668, downloading from: https://invader-flashes.s3.amazonaws.com/media/queries/2025/03/11/img_GzoGZRq.jpg
[STDOUT 2025-09-02T17:06:47.047Z] [Migration] Downloaded from S3: https://invader-flashes.s3.amazonaws.com/media/queries/2025/03/11/img_GzoGZRq.jpg
[STDOUT 2025-09-02T17:06:47.609Z] 80929668: QmVPNMtdTJ3UKLeBwp861oX9reWbPNzju9C4TTVu1DBE4X
[STDOUT 2025-09-02T17:06:49.411Z] [Migration] Processing flash_id: 80929669, downloading from: https://invader-flashes.s3.amazonaws.com/media/queries/2025/03/11/image_FQx03lU.jpg
[STDOUT 2025-09-02T17:06:49.510Z] [Migration] Downloaded from S3: https://invader-flashes.s3.amazonaws.com/media/queries/2025/03/11/image_FQx03lU.jpg
[STDOUT 2025-09-02T17:06:51.584Z] 80929669: QmPQrLjWLSpLyvYTTRAnFExbnGfTnkEEFiMyXeyY8Rg3cj
[STDOUT 2025-09-02T17:06:53.386Z] [Migration] Processing flash_id: 80929674, downloading from: https://invader-flashes.s3.amazonaws.com/media/queries/2025/03/11/image_KtprRxu.jpg
[STDOUT 2025-09-02T17:06:53.484Z] [Migration] Downloaded from S3: https://invader-flashes.s3.amazonaws.com/media/queries/2025/03/11/image_KtprRxu.jpg
[STDOUT 2025-09-02T17:06:54.015Z] 80929674: QmegLoLQBozRh3NrNhLDxHRyuSDXTNjdVyM8ot5fnCJFAm
[STDOUT 2025-09-02T17:06:55.817Z] [Migration] Processing flash_id: 80929676, downloading from: https://invader-flashes.s3.amazonaws.com/media/queries/2025/03/11/image_LeMSQms.jpg
[STDOUT 2025-09-02T17:06:55.921Z] [Migration] Downloaded from S3: https://invader-flashes.s3.amazonaws.com/media/queries/2025/03/11/image_LeMSQms.jpg
[STDOUT 2025-09-02T17:06:56.591Z] 80929676: QmPZer8VQpxQhgkPZ1mmMkNj6VxwWU1EyiF6PUtbHYco9v
[STDOUT 2025-09-02T17:06:58.394Z] [Migration] Processing flash_id: 80929677, downloading from: https://invader-flashes.s3.amazonaws.com/media/queries/2025/03/11/img_8hJoeCW.jpg
[STDOUT 2025-09-02T17:06:58.502Z] [Migration] Downloaded from S3: https://invader-flashes.s3.amazonaws.com/media/queries/2025/03/11/img_8hJoeCW.jpg
[STDOUT 2025-09-02T17:06:59.098Z] 80929677: Qmc6G7fBsx7yrAA3U1JGiHZWEfnHCsuNskaPGTnonv6dB9
[STDOUT 2025-09-02T17:07:00.900Z] [Migration] Processing flash_id: 80929678, downloading from: https://invader-flashes.s3.amazonaws.com/media/queries/2025/03/11/img_IfbYHZa.jpg
[STDOUT 2025-09-02T17:07:01.020Z] [Migration] Downloaded from S3: https://invader-flashes.s3.amazonaws.com/media/queries/2025/03/11/img_IfbYHZa.jpg
[STDOUT 2025-09-02T17:07:01.552Z] 80929678: QmNkSfWqnfR2y2X5X1cpjz12pJUaK9BmaW2eztekBPh3m4
[STDOUT 2025-09-02T17:07:03.357Z] [Migration] Processing flash_id: 80930097, downloading from: https://invader-flashes.s3.amazonaws.com/media/queries/2025/03/11/image_vPZF7xI.jpg
[STDOUT 2025-09-02T17:07:03.471Z] [Migration] Downloaded from S3: https://invader-flashes.s3.amazonaws.com/media/queries/2025/03/11/image_vPZF7xI.jpg
[STDOUT 2025-09-02T17:07:04.033Z] 80930097: QmWTV6eBnVDzzz3NmTdZrvtvU4XKMR3WAFMk7oXpQeN53M
[STDOUT 2025-09-02T17:07:05.834Z] [Migration] Processing flash_id: 80930098, downloading from: https://invader-flashes.s3.amazonaws.com/media/queries/2025/03/11/img_E6XxfY3.jpg
[STDOUT 2025-09-02T17:07:05.941Z] [Migration] Downloaded from S3: https://invader-flashes.s3.amazonaws.com/media/queries/2025/03/11/img_E6XxfY3.jpg
[STDOUT 2025-09-02T17:07:06.441Z] 80930098: QmPaNxWP6rUDnnL3S6Se4WiRz8KvFLr1b2bfh9dH1Hy36L
[STDOUT 2025-09-02T17:07:08.243Z] [Migration] Processing flash_id: 80930099, downloading from: https://invader-flashes.s3.amazonaws.com/media/queries/2025/03/11/image_DRjOfFh.jpg
[STDOUT 2025-09-02T17:07:08.380Z] [Migration] Downloaded from S3: https://invader-flashes.s3.amazonaws.com/media/queries/2025/03/11/image_DRjOfFh.jpg
[STDOUT 2025-09-02T17:07:08.959Z] 80930099: QmVJZcsK2tFghvoCsXqX1r3Qh9mgcK7bFNhMr1g3w81sGG
[STDOUT 2025-09-02T17:07:10.761Z] [Migration] Processing flash_id: 80930100, downloading from: https://invader-flashes.s3.amazonaws.com/media/queries/2025/03/11/image_ouA97FJ.jpg
[STDOUT 2025-09-02T17:07:10.907Z] [Migration] Downloaded from S3: https://invader-flashes.s3.amazonaws.com/media/queries/2025/03/11/image_ouA97FJ.jpg
[STDOUT 2025-09-02T17:07:11.489Z] 80930100: QmPvsdPzv9KXQkbNRyyHm8YbT65DzGQFRtKhoaP3RPx7eH
[STDOUT 2025-09-02T17:07:13.291Z] [Migration] Processing flash_id: 80930103, downloading from: https://invader-flashes.s3.amazonaws.com/media/queries/2025/03/11/image_ZjCDnLv.jpg
[STDOUT 2025-09-02T17:07:13.394Z] [Migration] Downloaded from S3: https://invader-flashes.s3.amazonaws.com/media/queries/2025/03/11/image_ZjCDnLv.jpg
[STDOUT 2025-09-02T17:07:13.965Z] 80930103: QmesiSiXgNMBixvynvnzyHfiEVZUXXYuEYrynuiW716sLp
[STDOUT 2025-09-02T17:07:15.768Z] [Migration] Processing flash_id: 80930104, downloading from: https://invader-flashes.s3.amazonaws.com/media/queries/2025/03/11/image_MOlrXc9.jpg
[STDOUT 2025-09-02T17:07:15.859Z] [Migration] Downloaded from S3: https://invader-flashes.s3.amazonaws.com/media/queries/2025/03/11/image_MOlrXc9.jpg
[STDOUT 2025-09-02T17:07:16.527Z] 80930104: Qmb2dZNwQSMApygL9JGx2cH8UsxQasbfNucbHdEdDarWAF
[STDOUT 2025-09-02T17:07:18.330Z] [Migration] Processing flash_id: 80930105, downloading from: https://invader-flashes.s3.amazonaws.com/media/queries/2025/03/11/img_yIEItLs.jpg
[STDOUT 2025-09-02T17:07:18.435Z] [Migration] Downloaded from S3: https://invader-flashes.s3.amazonaws.com/media/queries/2025/03/11/img_yIEItLs.jpg
[STDOUT 2025-09-02T17:07:19.654Z] 80930105: Qmb2XjoXcJ78Jagci3o2L2yqSgwY7gyvSEv1PSf8pPsvUb
[STDOUT 2025-09-02T17:07:21.455Z] [Migration] Processing flash_id: 80930106, downloading from: https://invader-flashes.s3.amazonaws.com/media/queries/2025/03/11/img_LA9g7FS.jpg
[STDOUT 2025-09-02T17:07:21.607Z] [Migration] Downloaded from S3: https://invader-flashes.s3.amazonaws.com/media/queries/2025/03/11/img_LA9g7FS.jpg
[STDOUT 2025-09-02T17:07:22.277Z] 80930106: QmPNqgrtR5cb37F4qaKvHETQAiWxL117hbdFCssS6udiG2
[STDOUT 2025-09-02T17:07:24.078Z] [Migration] Processing flash_id: 80930108, downloading from: https://invader-flashes.s3.amazonaws.com/media/queries/2025/03/11/image_tVLehJJ.jpg
[STDOUT 2025-09-02T17:07:24.295Z] [Migration] Downloaded from S3: https://invader-flashes.s3.amazonaws.com/media/queries/2025/03/11/image_tVLehJJ.jpg
[STDOUT 2025-09-02T17:07:25.507Z] 80930108: Qme4Hosey9GbCkUduD6tvT9UD4uLU1KFHAM1E2ZfUt3sk7
[STDOUT 2025-09-02T17:07:27.309Z] [Migration] Processing flash_id: 80930110, downloading from: https://invader-flashes.s3.amazonaws.com/media/queries/2025/03/11/img_T7onSjq.jpg
[STDOUT 2025-09-02T17:07:27.457Z] [Migration] Downloaded from S3: https://invader-flashes.s3.amazonaws.com/media/queries/2025/03/11/img_T7onSjq.jpg
[STDOUT 2025-09-02T17:07:28.126Z] 80930110: QmWJPMhN7KwcmdzkTxCXCC7TisWHhDQLsHERkf19jFRfYm
[STDOUT 2025-09-02T17:07:29.929Z] [Migration] Processing flash_id: 80930112, downloading from: https://invader-flashes.s3.amazonaws.com/media/queries/2025/03/11/image_mwtkB6W.jpg
[STDOUT 2025-09-02T17:07:30.062Z] [Migration] Downloaded from S3: https://invader-flashes.s3.amazonaws.com/media/queries/2025/03/11/image_mwtkB6W.jpg
[STDOUT 2025-09-02T17:07:30.527Z] 80930112: QmT2FJbabJGszRWnU1wjjNKsWptj3quinTmKWsWR4yKkri
[STDOUT 2025-09-02T17:07:32.331Z] [Migration] Processing flash_id: 80930209, downloading from: https://invader-flashes.s3.amazonaws.com/media/queries/2025/03/11/image_P0MmFzC.jpg
[STDOUT 2025-09-02T17:07:32.461Z] [Migration] Downloaded from S3: https://invader-flashes.s3.amazonaws.com/media/queries/2025/03/11/image_P0MmFzC.jpg
[STDOUT 2025-09-02T17:07:33.101Z] 80930209: QmQko6KrW7NDx4V8aoRsBAVdrTPXyftuYxzQtiMgyuz4jB
[STDOUT 2025-09-02T17:07:34.904Z] [Migration] Processing flash_id: 80930210, downloading from: https://invader-flashes.s3.amazonaws.com/media/queries/2025/03/11/image_fLpIKnr.jpg
[STDOUT 2025-09-02T17:07:35.040Z] [Migration] Downloaded from S3: https://invader-flashes.s3.amazonaws.com/media/queries/2025/03/11/image_fLpIKnr.jpg
[STDOUT 2025-09-02T17:07:36.006Z] 80930210: QmTqooTC4EJKj9tUv8QrWSRxMy45ypmoe3THLjT1esMKfA
[STDOUT 2025-09-02T17:07:37.809Z] [Migration] Processing flash_id: 80930213, downloading from: https://invader-flashes.s3.amazonaws.com/media/queries/2025/03/11/image_J4xK9X2.jpg
[STDOUT 2025-09-02T17:07:37.964Z] [Migration] Downloaded from S3: https://invader-flashes.s3.amazonaws.com/media/queries/2025/03/11/image_J4xK9X2.jpg
[STDOUT 2025-09-02T17:07:38.593Z] 80930213: QmZUmMYoUkCMQhJrhBzHu1cVEWHfgpHDrsfujUdoPvVCj2
[STDOUT 2025-09-02T17:07:40.395Z] [Migration] Processing flash_id: 80930215, downloading from: https://invader-flashes.s3.amazonaws.com/media/queries/2025/03/11/image_CDMVqc0.jpg
[STDOUT 2025-09-02T17:07:40.584Z] [Migration] Downloaded from S3: https://invader-flashes.s3.amazonaws.com/media/queries/2025/03/11/image_CDMVqc0.jpg
[STDOUT 2025-09-02T17:07:41.245Z] 80930215: QmcUQrakppFnTadtNQEkado24xGbpgm11ZKJQKjsD9mrRT
[STDOUT 2025-09-02T17:07:43.045Z] [Migration] Processing flash_id: 80930216, downloading from: https://invader-flashes.s3.amazonaws.com/media/queries/2025/03/11/image_Iv0fOum.jpg
[STDOUT 2025-09-02T17:07:43.149Z] [Migration] Downloaded from S3: https://invader-flashes.s3.amazonaws.com/media/queries/2025/03/11/image_Iv0fOum.jpg
[STDOUT 2025-09-02T17:07:43.730Z] 80930216: QmeHcpDzNmuB8Y26dHBiLvtRLhtfGvHwF5Mgxwsr6TzS4n
[STDOUT 2025-09-02T17:07:45.533Z] [Migration] Processing flash_id: 80930217, downloading from: https://invader-flashes.s3.amazonaws.com/media/queries/2025/03/11/img_Ho6d8JX.jpg
[STDOUT 2025-09-02T17:07:45.636Z] [Migration] Downloaded from S3: https://invader-flashes.s3.amazonaws.com/media/queries/2025/03/11/img_Ho6d8JX.jpg
[STDOUT 2025-09-02T17:07:46.294Z] 80930217: QmZdwnugruUAjFPf56xNW6qTSXmZbbJEU4seDL89q9UGpJ
[STDOUT 2025-09-02T17:07:48.098Z] [Migration] Processing flash_id: 80930218, downloading from: https://invader-flashes.s3.amazonaws.com/media/queries/2025/03/11/image_pkW31EM.jpg
[STDOUT 2025-09-02T17:07:48.194Z] [Migration] Downloaded from S3: https://invader-flashes.s3.amazonaws.com/media/queries/2025/03/11/image_pkW31EM.jpg
[STDOUT 2025-09-02T17:07:48.751Z] 80930218: QmPsQujhajtf6FTD5LLPdjRaVUReuf6WP6BPfKH1kjzq7R
[STDOUT 2025-09-02T17:07:50.554Z] [Migration] Processing flash_id: 80930219, downloading from: https://invader-flashes.s3.amazonaws.com/media/queries/2025/03/11/image_RU0WwSQ.jpg
[STDOUT 2025-09-02T17:07:50.671Z] [Migration] Downloaded from S3: https://invader-flashes.s3.amazonaws.com/media/queries/2025/03/11/image_RU0WwSQ.jpg
[STDOUT 2025-09-02T17:07:51.306Z] 80930219: QmT2APVVDDwshw2hbWT1RwoMsPUtzZRhjS8t2iBvNcLFc5
[STDOUT 2025-09-02T17:07:53.109Z] [Migration] Processing flash_id: 80930220, downloading from: https://invader-flashes.s3.amazonaws.com/media/queries/2025/03/11/image_6HD2TEW.jpg
[STDOUT 2025-09-02T17:07:53.262Z] [Migration] Downloaded from S3: https://invader-flashes.s3.amazonaws.com/media/queries/2025/03/11/image_6HD2TEW.jpg
[STDOUT 2025-09-02T17:07:54.071Z] 80930220: QmS9LmuBEbX62wL1so2h5Evttp44Vt4CasZSfBQFa5MhXi
[STDOUT 2025-09-02T17:07:55.875Z] [Migration] Processing flash_id: 80930221, downloading from: https://invader-flashes.s3.amazonaws.com/media/queries/2025/03/11/image_Rdai1B2.jpg
[STDOUT 2025-09-02T17:07:55.968Z] [Migration] Downloaded from S3: https://invader-flashes.s3.amazonaws.com/media/queries/2025/03/11/image_Rdai1B2.jpg
[STDOUT 2025-09-02T17:07:56.532Z] 80930221: QmeHvXobAnGKRBWpFZfX5yJuMgxESM3gzeGHAcCGZ69vF9
[STDOUT 2025-09-02T17:07:58.334Z] [Migration] Processing flash_id: 80930225, downloading from: https://invader-flashes.s3.amazonaws.com/media/queries/2025/03/11/image_qwP93dt.jpg
[STDOUT 2025-09-02T17:07:58.436Z] [Migration] Downloaded from S3: https://invader-flashes.s3.amazonaws.com/media/queries/2025/03/11/image_qwP93dt.jpg
[STDOUT 2025-09-02T17:07:58.956Z] 80930225: QmUnuXcHYatQTzjhY1g5wKLwjfCskF6bjJws4JAL7pAiXk
[STDOUT 2025-09-02T17:08:00.759Z] [Migration] Processing flash_id: 80930230, downloading from: https://invader-flashes.s3.amazonaws.com/media/queries/2025/03/11/image_ugUS4XV.jpg
[STDOUT 2025-09-02T17:08:00.923Z] [Migration] Downloaded from S3: https://invader-flashes.s3.amazonaws.com/media/queries/2025/03/11/image_ugUS4XV.jpg
[STDOUT 2025-09-02T17:08:01.596Z] 80930230: QmbaPm8tbKPubqMEvAw9Ww7qKngqWmwFcaWyFcjvT8N6x5
[STDOUT 2025-09-02T17:08:03.398Z] [Migration] Processing flash_id: 80930231, downloading from: https://invader-flashes.s3.amazonaws.com/media/queries/2025/03/11/image_g0q0CCl.jpg
[STDOUT 2025-09-02T17:08:03.501Z] [Migration] Downloaded from S3: https://invader-flashes.s3.amazonaws.com/media/queries/2025/03/11/image_g0q0CCl.jpg
[STDOUT 2025-09-02T17:08:04.050Z] 80930231: QmfCXiq9hMo6tkyPkCrWvpEmiogQxJPCV6Ms7YmmyaXt8Y
[STDOUT 2025-09-02T17:08:05.853Z] [Migration] Processing flash_id: 80930234, downloading from: https://invader-flashes.s3.amazonaws.com/media/queries/2025/03/11/image_hcpzkN1.jpg
[STDOUT 2025-09-02T17:08:06.031Z] [Migration] Downloaded from S3: https://invader-flashes.s3.amazonaws.com/media/queries/2025/03/11/image_hcpzkN1.jpg
[STDOUT 2025-09-02T17:08:06.638Z] 80930234: QmRRC8FcnT8SR3zso6cevmiQ327Tv41PXNGggZ5Bz3fgzz
[STDOUT 2025-09-02T17:08:08.441Z] [Migration] Processing flash_id: 80930236, downloading from: https://invader-flashes.s3.amazonaws.com/media/queries/2025/03/11/image_LizQhES.jpg
[STDOUT 2025-09-02T17:08:08.575Z] [Migration] Downloaded from S3: https://invader-flashes.s3.amazonaws.com/media/queries/2025/03/11/image_LizQhES.jpg
[STDOUT 2025-09-02T17:08:09.654Z] 80930236: QmWYRYVTdw5hgJMFGdesLdxaZ4W9S8jon1CFC8fEZyQGb3
[STDOUT 2025-09-02T17:08:11.456Z] [Migration] Processing flash_id: 80930239, downloading from: https://invader-flashes.s3.amazonaws.com/media/queries/2025/03/11/image_ByYiFMV.jpg
[STDOUT 2025-09-02T17:08:11.570Z] [Migration] Downloaded from S3: https://invader-flashes.s3.amazonaws.com/media/queries/2025/03/11/image_ByYiFMV.jpg
[STDOUT 2025-09-02T17:08:12.329Z] 80930239: Qmek3RQKSzUB77SK5zsz1LE8k2axhXuDoRM25MESkfgVuv
[STDOUT 2025-09-02T17:08:14.132Z] [Migration] Processing flash_id: 80930241, downloading from: https://invader-flashes.s3.amazonaws.com/media/queries/2025/03/11/image_JYkDhUS.jpg
[STDOUT 2025-09-02T17:08:14.234Z] [Migration] Downloaded from S3: https://invader-flashes.s3.amazonaws.com/media/queries/2025/03/11/image_JYkDhUS.jpg
[STDOUT 2025-09-02T17:08:14.905Z] 80930241: QmcQEkMdT6pz4guFvVY8aagvnhcEh2Wctr7eucmTTXmZMC
[STDOUT 2025-09-02T17:08:20.706Z] [Migration] Processing flash_id: 80931348, downloading from: https://invader-flashes.s3.amazonaws.com/media/queries/2025/03/11/img_H18IdYX.jpg
[STDOUT 2025-09-02T17:08:21.133Z] [Migration] Downloaded from S3: https://invader-flashes.s3.amazonaws.com/media/queries/2025/03/11/img_H18IdYX.jpg
[STDOUT 2025-09-02T17:08:21.940Z] 80931348: QmSxj7AmtGd57UkbYtegj7X9Qeomno7g7nTq829NunPMFZ
[STDOUT 2025-09-02T17:08:23.744Z] [Migration] Processing flash_id: 80931349, downloading from: https://invader-flashes.s3.amazonaws.com/media/queries/2025/03/11/image_W0XrUSo.jpg
[STDOUT 2025-09-02T17:08:23.894Z] [Migration] Downloaded from S3: https://invader-flashes.s3.amazonaws.com/media/queries/2025/03/11/image_W0XrUSo.jpg
[STDOUT 2025-09-02T17:08:24.805Z] 80931349: QmSmzDPLhKrYNsYK8qjXUCmoWpT3KmnQqsjVw3239SB3s2
[STDOUT 2025-09-02T17:08:26.606Z] [Migration] Processing flash_id: 80931350, downloading from: https://invader-flashes.s3.amazonaws.com/media/queries/2025/03/11/img_oSP6Ll2.jpg
[STDOUT 2025-09-02T17:08:26.703Z] [Migration] Downloaded from S3: https://invader-flashes.s3.amazonaws.com/media/queries/2025/03/11/img_oSP6Ll2.jpg
[STDOUT 2025-09-02T17:08:27.322Z] 80931350: QmWd4ju4dWGnCm5a18fgVb94eTkNeqMKYBZQdmJ8wV7hsb
[STDOUT 2025-09-02T17:08:29.123Z] [Migration] Processing flash_id: 80931351, downloading from: https://invader-flashes.s3.amazonaws.com/media/queries/2025/03/11/img_UAbTXtY.jpg
[STDOUT 2025-09-02T17:08:29.222Z] [Migration] Downloaded from S3: https://invader-flashes.s3.amazonaws.com/media/queries/2025/03/11/img_UAbTXtY.jpg
[STDOUT 2025-09-02T17:08:29.892Z] 80931351: QmXHk4FAmkEMp3zYQSx6K36nuFTYajrCFgpnQfUJAXRYuu
[STDOUT 2025-09-02T17:08:31.698Z] [Migration] Processing flash_id: 80931352, downloading from: https://invader-flashes.s3.amazonaws.com/media/queries/2025/03/11/image_V4UWHxW.jpg
[STDOUT 2025-09-02T17:08:31.794Z] [Migration] Downloaded from S3: https://invader-flashes.s3.amazonaws.com/media/queries/2025/03/11/image_V4UWHxW.jpg
[STDOUT 2025-09-02T17:08:32.350Z] 80931352: QmR54NsNBXj2LkxY3pwotncFXb1uG9LZ6XZfY6Ca6bJL5v
[STDOUT 2025-09-02T17:08:34.153Z] [Migration] Processing flash_id: 80931354, downloading from: https://invader-flashes.s3.amazonaws.com/media/queries/2025/03/11/img_PPcIJuW.jpg
[STDOUT 2025-09-02T17:08:34.295Z] [Migration] Downloaded from S3: https://invader-flashes.s3.amazonaws.com/media/queries/2025/03/11/img_PPcIJuW.jpg
[STDOUT 2025-09-02T17:08:35.061Z] 80931354: QmUwYP9EShch5CUXs4TY4T8a757vpTmRE5eBzRb9cNdLwo
[STDOUT 2025-09-02T17:08:36.864Z] [Migration] Processing flash_id: 80931357, downloading from: https://invader-flashes.s3.amazonaws.com/media/queries/2025/03/11/img_FdJZFv5.jpg
[STDOUT 2025-09-02T17:08:36.986Z] [Migration] Downloaded from S3: https://invader-flashes.s3.amazonaws.com/media/queries/2025/03/11/img_FdJZFv5.jpg
[STDOUT 2025-09-02T17:08:37.500Z] 80931357: QmR44yShafS3PTfhyanFTa4RksaMCyjuMWh3s5jFV8XBYR
[STDOUT 2025-09-02T17:08:39.301Z] [Migration] Processing flash_id: 80931358, downloading from: https://invader-flashes.s3.amazonaws.com/media/queries/2025/03/11/img_mvZagwB.jpg
[STDOUT 2025-09-02T17:08:39.393Z] [Migration] Downloaded from S3: https://invader-flashes.s3.amazonaws.com/media/queries/2025/03/11/img_mvZagwB.jpg
[STDOUT 2025-09-02T17:08:39.910Z] 80931358: QmcjKcWYH9Cyj7sh4m1QzzQiCgpfGE5KvMTui1YJbnQezf
[STDOUT 2025-09-02T17:08:41.712Z] [Migration] Processing flash_id: 80931361, downloading from: https://invader-flashes.s3.amazonaws.com/media/queries/2025/03/11/img_iqY8K3i.jpg
[STDOUT 2025-09-02T17:08:41.815Z] [Migration] Downloaded from S3: https://invader-flashes.s3.amazonaws.com/media/queries/2025/03/11/img_iqY8K3i.jpg
[STDOUT 2025-09-02T17:08:42.403Z] 80931361: QmUinT629khUtZ9Waa2jiVpuWCUoWL5bDqsBG8HPfhpx6o
[STDOUT 2025-09-02T17:08:44.206Z] [Migration] Processing flash_id: 80931369, downloading from: https://invader-flashes.s3.amazonaws.com/media/queries/2025/03/11/image_AIlULwD.jpg
[STDOUT 2025-09-02T17:08:44.298Z] [Migration] Downloaded from S3: https://invader-flashes.s3.amazonaws.com/media/queries/2025/03/11/image_AIlULwD.jpg
[STDOUT 2025-09-02T17:08:44.885Z] 80931369: QmSHutovJJmd3Mn3T15iXhfhnGAwqTSm9kEQBKaU9hLedb
[STDOUT 2025-09-02T17:08:46.688Z] [Migration] Processing flash_id: 80931373, downloading from: https://invader-flashes.s3.amazonaws.com/media/queries/2025/03/11/img_DpsiBGG.jpg
[STDOUT 2025-09-02T17:08:46.781Z] [Migration] Downloaded from S3: https://invader-flashes.s3.amazonaws.com/media/queries/2025/03/11/img_DpsiBGG.jpg
[STDOUT 2025-09-02T17:08:47.277Z] 80931373: QmPkWt328mda1LGYt9voNc5TdrvRiDH9akB1ZN5toStk42
[STDOUT 2025-09-02T17:08:49.081Z] [Migration] Processing flash_id: 80931375, downloading from: https://invader-flashes.s3.amazonaws.com/media/queries/2025/03/11/img_4XqpPLC.jpg
[STDOUT 2025-09-02T17:08:49.181Z] [Migration] Downloaded from S3: https://invader-flashes.s3.amazonaws.com/media/queries/2025/03/11/img_4XqpPLC.jpg
[STDOUT 2025-09-02T17:08:49.646Z] 80931375: Qmeo8Kv8UzFv1A2KgeZLMzvr8FKDrwGfvpKVQ97bJwNpQz
[STDOUT 2025-09-02T17:08:51.449Z] [Migration] Processing flash_id: 80931378, downloading from: https://invader-flashes.s3.amazonaws.com/media/queries/2025/03/11/image_m8wYTTA.jpg
[STDOUT 2025-09-02T17:08:51.568Z] [Migration] Downloaded from S3: https://invader-flashes.s3.amazonaws.com/media/queries/2025/03/11/image_m8wYTTA.jpg
[STDOUT 2025-09-02T17:08:52.075Z] 80931378: QmW1NkcPVZYH9jQEATyhWUu6SECibGRHRismuT5UunKeu8
[STDOUT 2025-09-02T17:08:53.878Z] [Migration] Processing flash_id: 80931379, downloading from: https://invader-flashes.s3.amazonaws.com/media/queries/2025/03/11/image_VH19YMG.jpg
[STDOUT 2025-09-02T17:08:54.049Z] [Migration] Downloaded from S3: https://invader-flashes.s3.amazonaws.com/media/queries/2025/03/11/image_VH19YMG.jpg
[STDOUT 2025-09-02T17:08:54.631Z] 80931379: QmXXRFcEp4gr8MC77EU6gsrenRLsWb66ARGu7ACRtLVA69
[STDOUT 2025-09-02T17:08:56.435Z] [Migration] Processing flash_id: 80931381, downloading from: https://invader-flashes.s3.amazonaws.com/media/queries/2025/03/11/image_TSgF6iW.jpg
[STDOUT 2025-09-02T17:08:56.628Z] [Migration] Downloaded from S3: https://invader-flashes.s3.amazonaws.com/media/queries/2025/03/11/image_TSgF6iW.jpg
[STDOUT 2025-09-02T17:08:57.399Z] 80931381: QmbfZDNsKnRaUk8EZgZeVCPjA1UjmutruBbqhZyn72rpE5
[STDOUT 2025-09-02T17:08:59.201Z] [Migration] Processing flash_id: 80931382, downloading from: https://invader-flashes.s3.amazonaws.com/media/queries/2025/03/11/image_nmauq1d.jpg
[STDOUT 2025-09-02T17:08:59.289Z] [Migration] Downloaded from S3: https://invader-flashes.s3.amazonaws.com/media/queries/2025/03/11/image_nmauq1d.jpg
[STDOUT 2025-09-02T17:08:59.808Z] 80931382: QmaBfi2TD19QcVauZDqQmbA2mbjVjB5v6HaCmiaGLRwFkX
[STDOUT 2025-09-02T17:09:01.613Z] [Migration] Processing flash_id: 80931384, downloading from: https://invader-flashes.s3.amazonaws.com/media/queries/2025/03/11/image_yxNFRd6.jpg
[STDOUT 2025-09-02T17:09:01.702Z] [Migration] Downloaded from S3: https://invader-flashes.s3.amazonaws.com/media/queries/2025/03/11/image_yxNFRd6.jpg
[STDOUT 2025-09-02T17:09:02.153Z] 80931384: QmcdJ1kMi2qtPnw3V2X9TM66xsQcju1RBXtYHzNqWv1pqo
[STDOUT 2025-09-02T17:09:03.956Z] [Migration] Processing flash_id: 80931385, downloading from: https://invader-flashes.s3.amazonaws.com/media/queries/2025/03/11/image_js3jubk.jpg
[STDOUT 2025-09-02T17:09:04.050Z] [Migration] Downloaded from S3: https://invader-flashes.s3.amazonaws.com/media/queries/2025/03/11/image_js3jubk.jpg
[STDOUT 2025-09-02T17:09:04.576Z] 80931385: QmbDbN2eLh9hjYYNj6dd65cr1hLHpG1LEguPbzHeJpSxyD
[STDOUT 2025-09-02T17:09:06.378Z] [Migration] Processing flash_id: 80931387, downloading from: https://invader-flashes.s3.amazonaws.com/media/queries/2025/03/11/image_irKKCvN.jpg
[STDOUT 2025-09-02T17:09:06.511Z] [Migration] Downloaded from S3: https://invader-flashes.s3.amazonaws.com/media/queries/2025/03/11/image_irKKCvN.jpg
[STDOUT 2025-09-02T17:09:07.096Z] 80931387: QmNi7SZ8APXYvAJWY6C8bAbkXdG3PJcmrhYf9MxW2nw2QK
[STDOUT 2025-09-02T17:09:08.898Z] [Migration] Processing flash_id: 80931393, downloading from: https://invader-flashes.s3.amazonaws.com/media/queries/2025/03/11/image_DdkS1jH.jpg
[STDOUT 2025-09-02T17:09:09.058Z] [Migration] Downloaded from S3: https://invader-flashes.s3.amazonaws.com/media/queries/2025/03/11/image_DdkS1jH.jpg
[STDOUT 2025-09-02T17:09:09.719Z] 80931393: QmX5GHBCcSkhEh4BFgZFq3xdowmhgPRQai1VMc7Hzm9HyJ
[STDOUT 2025-09-02T17:09:11.521Z] [Migration] Processing flash_id: 80931397, downloading from: https://invader-flashes.s3.amazonaws.com/media/queries/2025/03/11/image_TQl5hrV.jpg
[STDOUT 2025-09-02T17:09:11.646Z] [Migration] Downloaded from S3: https://invader-flashes.s3.amazonaws.com/media/queries/2025/03/11/image_TQl5hrV.jpg
[STDOUT 2025-09-02T17:09:12.194Z] 80931397: QmPDtiDv5Cji7DThaeHR9ZLim7zri3u5FXCMg29DtCDbLE
[STDOUT 2025-09-02T17:09:13.999Z] [Migration] Processing flash_id: 80931400, downloading from: https://invader-flashes.s3.amazonaws.com/media/queries/2025/03/11/img_QMaxBa0.jpg
[STDOUT 2025-09-02T17:09:14.147Z] [Migration] Downloaded from S3: https://invader-flashes.s3.amazonaws.com/media/queries/2025/03/11/img_QMaxBa0.jpg
[STDOUT 2025-09-02T17:09:14.740Z] 80931400: QmT5E7ecvCKiVb4HqTHFf4LKC4CspMKz3ofgc8fwavXnz5
[STDOUT 2025-09-02T17:09:16.542Z] [Migration] Processing flash_id: 80931401, downloading from: https://invader-flashes.s3.amazonaws.com/media/queries/2025/03/11/image_2I2ZgY6.jpg
[STDOUT 2025-09-02T17:09:16.707Z] [Migration] Downloaded from S3: https://invader-flashes.s3.amazonaws.com/media/queries/2025/03/11/image_2I2ZgY6.jpg
[STDOUT 2025-09-02T17:09:17.448Z] 80931401: QmXLHBTvaP5oeCDe6qsqwYtnYggviQ9A6QCim1sjBbZWuk
[STDOUT 2025-09-02T17:09:19.251Z] [Migration] Processing flash_id: 80931713, downloading from: https://invader-flashes.s3.amazonaws.com/media/queries/2025/03/11/image_BVrV0YN.jpg
[STDOUT 2025-09-02T17:09:19.364Z] [Migration] Downloaded from S3: https://invader-flashes.s3.amazonaws.com/media/queries/2025/03/11/image_BVrV0YN.jpg
[STDOUT 2025-09-02T17:09:19.989Z] 80931713: Qmapmf9q4LjMfnJfchxKhJGxj7CDCs6WqVoMUKVt57JG7M
[STDOUT 2025-09-02T17:09:21.792Z] [Migration] Processing flash_id: 80931720, downloading from: https://invader-flashes.s3.amazonaws.com/media/queries/2025/03/11/image_l6r3DiG.jpg
[STDOUT 2025-09-02T17:09:21.886Z] [Migration] Downloaded from S3: https://invader-flashes.s3.amazonaws.com/media/queries/2025/03/11/image_l6r3DiG.jpg
[STDOUT 2025-09-02T17:09:22.455Z] 80931720: QmVKVUFBnxHfUxYi9PutCmudLFdK4GZsTfAtuw5KNFqdaT
[STDOUT 2025-09-02T17:09:24.259Z] [Migration] Processing flash_id: 80931722, downloading from: https://invader-flashes.s3.amazonaws.com/media/queries/2025/03/11/image_uiX59nj.jpg
[STDOUT 2025-09-02T17:09:24.380Z] [Migration] Downloaded from S3: https://invader-flashes.s3.amazonaws.com/media/queries/2025/03/11/image_uiX59nj.jpg
[STDOUT 2025-09-02T17:09:25.131Z] 80931722: QmW24iKeqX4GfcNk3R5KYwccCeFF1R2SDranLExFAroUXZ
[STDOUT 2025-09-02T17:09:26.933Z] [Migration] Processing flash_id: 80931724, downloading from: https://invader-flashes.s3.amazonaws.com/media/queries/2025/03/11/img_lRDZK9j.jpg
[STDOUT 2025-09-02T17:09:27.040Z] [Migration] Downloaded from S3: https://invader-flashes.s3.amazonaws.com/media/queries/2025/03/11/img_lRDZK9j.jpg
[STDOUT 2025-09-02T17:09:27.564Z] 80931724: QmbuzauMugiP8Eud5SP4u9JFtJ5KYpfWT2ptMUi3XZ9bEY
[STDOUT 2025-09-02T17:09:29.366Z] [Migration] Processing flash_id: 80931726, downloading from: https://invader-flashes.s3.amazonaws.com/media/queries/2025/03/11/image_ZF2ncni.jpg
[STDOUT 2025-09-02T17:09:29.466Z] [Migration] Downloaded from S3: https://invader-flashes.s3.amazonaws.com/media/queries/2025/03/11/image_ZF2ncni.jpg
[STDOUT 2025-09-02T17:09:30.549Z] 80931726: QmagjNNRwovpbKFXJopbk4fATAQv4jKftyNB3yawF4XE1j
[STDOUT 2025-09-02T17:09:32.351Z] [Migration] Processing flash_id: 80931728, downloading from: https://invader-flashes.s3.amazonaws.com/media/queries/2025/03/11/img_e0NuZGn.jpg
[STDOUT 2025-09-02T17:09:32.449Z] [Migration] Downloaded from S3: https://invader-flashes.s3.amazonaws.com/media/queries/2025/03/11/img_e0NuZGn.jpg
[STDOUT 2025-09-02T17:09:33.148Z] 80931728: QmWPeZHGS5Ax1ZCyxnVYx9zdPoDnysEq7S5rLAd1xup296
[STDOUT 2025-09-02T17:09:34.948Z] [Migration] Processing flash_id: 80931731, downloading from: https://invader-flashes.s3.amazonaws.com/media/queries/2025/03/11/img_Da4RF9e.jpg
[STDOUT 2025-09-02T17:09:35.058Z] [Migration] Downloaded from S3: https://invader-flashes.s3.amazonaws.com/media/queries/2025/03/11/img_Da4RF9e.jpg
[STDOUT 2025-09-02T17:09:35.931Z] 80931731: QmcoWxQnKyR4MxsgJwdTPkcHeP3i4Bbb3pkhr7sipm5Qnh
[STDOUT 2025-09-02T17:09:37.732Z] [Migration] Processing flash_id: 80931737, downloading from: https://invader-flashes.s3.amazonaws.com/media/queries/2025/03/11/image_mylBBb0.jpg
[STDOUT 2025-09-02T17:09:37.910Z] [Migration] Downloaded from S3: https://invader-flashes.s3.amazonaws.com/media/queries/2025/03/11/image_mylBBb0.jpg
[STDOUT 2025-09-02T17:09:38.567Z] 80931737: QmZDCLa7QdJ1a1c863ogpHazgC4iQbV94VpfvU2S9RSKxw
[STDOUT 2025-09-02T17:09:40.368Z] [Migration] Processing flash_id: 80931738, downloading from: https://invader-flashes.s3.amazonaws.com/media/queries/2025/03/11/image_zN36xIk.jpg
[STDOUT 2025-09-02T17:09:40.457Z] [Migration] Downloaded from S3: https://invader-flashes.s3.amazonaws.com/media/queries/2025/03/11/image_zN36xIk.jpg
[STDOUT 2025-09-02T17:09:41.045Z] 80931738: QmfGhTdMpEvN9pDuuMor3PmFcE3sG6bSjqEmTgVq6m5Hae
[STDOUT 2025-09-02T17:09:42.847Z] [Migration] Processing flash_id: 80931739, downloading from: https://invader-flashes.s3.amazonaws.com/media/queries/2025/03/11/image_aWCQCXw.jpg
[STDOUT 2025-09-02T17:09:42.944Z] [Migration] Downloaded from S3: https://invader-flashes.s3.amazonaws.com/media/queries/2025/03/11/image_aWCQCXw.jpg
[STDOUT 2025-09-02T17:09:43.463Z] 80931739: QmPYcCd2w18A9MryskPfGTWXyAtxL2MHvhGt4qGj58MmAg
[STDOUT 2025-09-02T17:09:45.267Z] [Migration] Processing flash_id: 80931741, downloading from: https://invader-flashes.s3.amazonaws.com/media/queries/2025/03/11/image_QC01MEO.jpg
[STDOUT 2025-09-02T17:09:45.380Z] [Migration] Downloaded from S3: https://invader-flashes.s3.amazonaws.com/media/queries/2025/03/11/image_QC01MEO.jpg
[STDOUT 2025-09-02T17:09:45.927Z] 80931741: QmWyk2SSw3RpLDoF2iLRmug49ybx5TgxXWJXDHMUowUP5v
[STDOUT 2025-09-02T17:09:47.730Z] [Migration] Processing flash_id: 80931742, downloading from: https://invader-flashes.s3.amazonaws.com/media/queries/2025/03/11/image_frBeW7h.jpg
[STDOUT 2025-09-02T17:09:47.837Z] [Migration] Downloaded from S3: https://invader-flashes.s3.amazonaws.com/media/queries/2025/03/11/image_frBeW7h.jpg
[STDOUT 2025-09-02T17:09:48.632Z] 80931742: QmbQ8jKvvMqJ39qxcwx7SgUAvYA6ir629u5K6zYwa16z1b
[STDOUT 2025-09-02T17:09:50.433Z] [Migration] Processing flash_id: 80931749, downloading from: https://invader-flashes.s3.amazonaws.com/media/queries/2025/03/11/image_tlw1ytS.jpg
[STDOUT 2025-09-02T17:09:50.539Z] [Migration] Downloaded from S3: https://invader-flashes.s3.amazonaws.com/media/queries/2025/03/11/image_tlw1ytS.jpg
[STDOUT 2025-09-02T17:09:51.146Z] 80931749: QmVZzmRfNZozmSye6bKTthcbMYJX9BtFJX3xKbWs4kvSAV
[STDOUT 2025-09-02T17:09:52.947Z] [Migration] Processing flash_id: 80931751, downloading from: https://invader-flashes.s3.amazonaws.com/media/queries/2025/03/11/image_VP7LDmA.jpg
[STDOUT 2025-09-02T17:09:53.038Z] [Migration] Downloaded from S3: https://invader-flashes.s3.amazonaws.com/media/queries/2025/03/11/image_VP7LDmA.jpg
[STDOUT 2025-09-02T17:09:53.563Z] 80931751: QmQdgYgBpoCquCDJsiutC4M5ayv7bdNcFEaMtbWaDXSnb1
[STDOUT 2025-09-02T17:09:55.364Z] [Migration] Processing flash_id: 80931754, downloading from: https://invader-flashes.s3.amazonaws.com/media/queries/2025/03/11/image_BC2se2T.jpg
[STDOUT 2025-09-02T17:09:55.500Z] [Migration] Downloaded from S3: https://invader-flashes.s3.amazonaws.com/media/queries/2025/03/11/image_BC2se2T.jpg
[STDOUT 2025-09-02T17:09:56.104Z] 80931754: QmQFBEyXHXeLXuUiJ3fikDoqWe69uRedwahmjuPct7Qjzr
[STDOUT 2025-09-02T17:09:57.907Z] [Migration] Processing flash_id: 80931755, downloading from: https://invader-flashes.s3.amazonaws.com/media/queries/2025/03/11/img_oO9iT3A.jpg
[STDOUT 2025-09-02T17:09:58.017Z] [Migration] Downloaded from S3: https://invader-flashes.s3.amazonaws.com/media/queries/2025/03/11/img_oO9iT3A.jpg
[STDOUT 2025-09-02T17:09:58.573Z] 80931755: QmNUDxn8Bv5bAR1uTmaFRbHjKQTnhHHK3TM1Hgy49wMV1o
[STDOUT 2025-09-02T17:10:00.377Z] [Migration] Processing flash_id: 80931758, downloading from: https://invader-flashes.s3.amazonaws.com/media/queries/2025/03/11/image_YjGwMXI.jpg
[STDOUT 2025-09-02T17:10:00.482Z] [Migration] Downloaded from S3: https://invader-flashes.s3.amazonaws.com/media/queries/2025/03/11/image_YjGwMXI.jpg
[STDOUT 2025-09-02T17:10:01.107Z] 80931758: QmQpHf8nNZ4oYy8UwkFaQUgZHG31Pc5JsGnCZpGohQLwEP
[STDOUT 2025-09-02T17:10:02.911Z] [Migration] Processing flash_id: 80931761, downloading from: https://invader-flashes.s3.amazonaws.com/media/queries/2025/03/11/image_eJDLdCx.jpg
[STDOUT 2025-09-02T17:10:03.044Z] [Migration] Downloaded from S3: https://invader-flashes.s3.amazonaws.com/media/queries/2025/03/11/image_eJDLdCx.jpg
[STDOUT 2025-09-02T17:10:03.586Z] 80931761: QmTYc9H8JxgqAMhY312dEzgE8QzJiJ5yTGui2WPcHVrGys
[STDOUT 2025-09-02T17:10:05.387Z] [Migration] Processing flash_id: 80931765, downloading from: https://invader-flashes.s3.amazonaws.com/media/queries/2025/03/11/image_7onFZo7.jpg
[STDOUT 2025-09-02T17:10:05.543Z] [Migration] Downloaded from S3: https://invader-flashes.s3.amazonaws.com/media/queries/2025/03/11/image_7onFZo7.jpg
[STDOUT 2025-09-02T17:10:06.156Z] 80931765: QmRkE94kUJyP5eZG61Gem1YKftufiwoJ52znpL3MBW5qQr
[STDOUT 2025-09-02T17:10:07.960Z] [Migration] Processing flash_id: 80931767, downloading from: https://invader-flashes.s3.amazonaws.com/media/queries/2025/03/11/image_jGxPAcN.jpg
[STDOUT 2025-09-02T17:10:08.053Z] [Migration] Downloaded from S3: https://invader-flashes.s3.amazonaws.com/media/queries/2025/03/11/image_jGxPAcN.jpg
[STDOUT 2025-09-02T17:10:08.560Z] 80931767: QmYutW8hEMHZtSxW1rcoPjUKccpT8VHjHigmAhmP5MdYN5
[STDOUT 2025-09-02T17:10:10.362Z] [Migration] Processing flash_id: 80931769, downloading from: https://invader-flashes.s3.amazonaws.com/media/queries/2025/03/11/image_DWOXQ0N.jpg
[STDOUT 2025-09-02T17:10:10.485Z] [Migration] Downloaded from S3: https://invader-flashes.s3.amazonaws.com/media/queries/2025/03/11/image_DWOXQ0N.jpg
